--------- beginning of system
02-12 00:02:17.183  1476  3177 W ActivityTaskManager: callingPackage for (uid=2000, pid=12514) has no WPC
02-12 00:02:17.184  1476  3177 V WindowManager: DesktopModeLaunchParamsModifier: phase= 0 task=null activity=null desktop mode is not enabled, skipping
02-12 00:02:17.184  1476  3177 V WindowManager: TaskLaunchParamsModifier:phase=0 task=null activity=null display-area-from-current-params=null display-area-from-default-fallback=DefaultTaskDisplayArea@138219176 display-id=0 task-display-area-windowing-mode=1 suggested-display-area=DefaultTaskDisplayArea@138219176
--------- beginning of main
02-12 00:02:17.185  1476  3177 V GrammaticalInflectionUtils: AttributionSource: android.content.AttributionSource@ee65b7f does not have READ_SYSTEM_GRAMMATICAL_GENDER permission.
02-12 00:02:17.185  1476  3177 W OptProp : Cannot read opt property android.window.PROPERTY_COMPAT_ALLOW_RESIZEABLE_ACTIVITY_OVERRIDES
02-12 00:02:17.185  1476  3177 W OptProp : Cannot read opt property android.window.PROPERTY_COMPAT_ALLOW_MIN_ASPECT_RATIO_OVERRIDE
02-12 00:02:17.186  1476  3177 V WindowManager: DesktopModeLaunchParamsModifier: phase= 0 task=null activity=ActivityRecord{181735620 u0 com.android.camera/.Camera desktop mode is not enabled, skipping
02-12 00:02:17.186  1476  3177 V WindowManager: TaskLaunchParamsModifier:phase=0 task=null activity=ActivityRecord{181735620 u0 com.android.camera/.Camera t-1} display-area-from-current-params=null display-area-from-default-fallback=DefaultTaskDisplayArea@138219176 display-id=0 task-display-area-windowing-mode=1 suggested-display-area=DefaultTaskDisplayArea@138219176
02-12 00:02:17.187  1476  3177 V WindowManager: DesktopModeLaunchParamsModifier: phase= 3 task=null activity=ActivityRecord{181735620 u0 com.android.camera/.Camera t-1} desktop mode is not enabled, skipping
02-12 00:02:17.187  1476  3177 V WindowManager: TaskLaunchParamsModifier:phase=3 task=null activity=ActivityRecord{181735620 u0 com.android.camera/.Camera t-1} display-area-from-current-params=null display-area-from-default-fallback=DefaultTaskDisplayArea@138219176 display-id=0 task-display-area-windowing-mode=1 suggested-display-area=DefaultTaskDisplayArea@138219176 non-freeform-task-display-area display-area=DefaultTaskDisplayArea@138219176 activity-requested-portrait freeform-size-mismatch=Rect(287, 708 - 794, 1788)
02-12 00:02:17.187  1476  3177 D ActivityTaskManager: Temporarily retain top process state for launching app
02-12 00:02:17.189   923  1272 D DisplayModeController: setDesiredMode 4627039422300187648 {mode={fps=120.00 Hz, modePtr={id=2, vsyncRate=120.00 Hz, peakRefreshRate=120.00 Hz}}, emitEvent=true, force=false}
02-12 00:02:17.190  1476  3177 V WindowManager: DesktopModeLaunchParamsModifier: phase= 3 task=Task{36c0bad #48 type=standard A=10092:com.android.camera nonResizable} activity=ActivityRecord{181735620 u0 com.android.camera/.Camera t-1} desktop mode is not enabled, skipping
02-12 00:02:17.191  1476  3177 V WindowManager: TaskLaunchParamsModifier:phase=3 task=Task{36c0bad #48 type=standard A=10092:com.android.camera nonResizable} activity=ActivityRecord{181735620 u0 com.android.camera/.Camera t-1} display-from-task=0 display-id=0 task-display-area-windowing-mode=1 suggested-display-area=DefaultTaskDisplayArea@138219176 inherit-from-task=fullscreen non-freeform-task-display-area display-area=DefaultTaskDisplayArea@138219176 activity-requested-portrait freeform-size-mismatch=Rect(287, 708 - 794, 1788)
02-12 00:02:17.191  1476  3177 W OptProp : Cannot read opt property android.window.PROPERTY_COMPAT_ALLOW_ORIENTATION_OVERRIDE
02-12 00:02:17.192   923  2212 I libbinder.BpBinder: onLastStrongRef automatically unlinking death recipients: 
02-12 00:02:17.194  1889  1934 V ShellStartingWindow: RSO:Start tracking for task=48
02-12 00:02:17.194  1476  3177 W TransitionChain: Combining kgOccludeChg into #79(OPEN|R|0x0) from startAct
02-12 00:02:17.195  1476  3177 D WindowManager: Remove SleepToken: tag=keyguard, displayId=0
02-12 00:02:17.195  1476  3177 D ActivityTaskManager: Top Process State changed to PROCESS_STATE_TOP
02-12 00:02:17.195  1476  3177 W TransitionChain: Combining sleepTokens into #79(OPEN|R|0x1000) from startAct
--------- beginning of kernel
02-12 00:02:17.229  1165  1165 I         : [DISP]mtk_drm_crtc_mode_check++ from 6 to 2
02-12 00:02:17.230  1165  1165 I         : [DISP]mtk_crtc_disp_mode_switch_begin++ from 6 to 2
02-12 00:02:17.230  1165  1165 I         : mtk_panel_ext_param_set thh drm_mode_vrefresh = 120, m->hdisplay = 1080
02-12 00:02:17.230  1165  1165 I         : [DISP]mtk_crtc_disp_mode_switch_begin,Update RDMA golden_setting
02-12 00:02:17.230  1165  1165 I         : [DISP]mtk_dsi_set_mmclk_by_datarate_V2, data_rate=1100, mmclk=181 dual=1
02-12 00:02:17.230  1165  1165 I         : mtk_panel_ext_param_set thh drm_mode_vrefresh = 120, m->hdisplay = 1080
02-12 00:02:17.230  1165  1165 I         : [DISP]mtk_dsi_set_mmclk_by_datarate_V2, data_rate=1100, mmclk=181 dual=1
02-12 00:02:17.230  1165  1165 I [DISP][fps]: drm_invoke_fps_chg_callbacks,new_fps =120
02-12 00:02:17.230  1165  1165 I         : [DISP]mtk_crtc_disp_mode_switch_begin--
02-12 00:02:17.199  1889  1934 V WindowManagerShell: Transition requested (#79): android.os.BinderProxy@70c9a30 TransitionRequestInfo { type = OPEN, triggerTask = TaskInfo{userId=0 taskId=48 effectiveUid=10092 displayId=0 isRunning=true baseIntent=Intent { flg=0x10000000 cmp=com.android.camera/.Camera } baseActivity=ComponentInfo{com.android.camera/com.android.camera.Camera} topActivity=ComponentInfo{com.android.camera/com.android.camera.Camera} origActivity=null realActivity=ComponentInfo{com.android.camera/com.android.camera.Camera} numActivities=1 lastActiveTime=4507734 supportsMultiWindow=false resizeMode=0 isResizeable=false minWidth=-1 minHeight=-1 defaultMinSize=220 token=WCT{android.os.BinderProxy@87876a9} topActivityType=1 pictureInPictureParams=null shouldDockBigOverlays=false launchIntoPipHostTaskId=-1 lastParentTaskIdBeforePip=-1 displayCutoutSafeInsets=Rect(0, 100 - 0, 0) topActivityInfo=ActivityInfo{f28342e com.android.camera.Camera} launchCookies=[] positionInParent=Point(0, 0) parentTaskId=-1 isFocused=true isVisible=false isVisibleRequested=true isTopActivityNoDisplay=false isSleeping=false locusId=null displayAreaFeatureId=1 isTopActivityTransparent=false isActivityStackTransparent=false lastNonFullscreenBounds=Rect(287, 708 - 794, 1788) capturedLink=null capturedLinkTimestamp=0 requestedVisibleTypes=-9 topActivityRequestOpenInBrowserEducationTimestamp=0 appCompatTaskInfo=AppCompatTaskInfo { topActivityInSizeCompat=false eligibleForLetterboxEducation= false isLetterboxEducationEnabled= false isLetterboxDoubleTapEnabled= false eligibleForUserAspectRatioButton= false topActivityBoundsLetterboxed= false isFromLetterboxDoubleTap= false topActivityLetterboxVerticalPosition= -1 topActivityLetterboxHorizontalPosition= -1 topActivityLetterboxWidth=-1 topActivityLetterboxHeight=-1 topActivityAppBounds=Rect(0, 100 - 1080, 2397) isUserFullscreenOverrideEnabled=false isSystemFullscreenOverrideEnabled=false hasMinAspectRatioOverride=false topActivityLetterboxBounds=null cameraCompatTaskInfo=CameraCompatTaskInfo { freeformCameraCompatMode=inactiveundefined} topNonResizableActivityAspectRatio=-1.0} topActivityMainWindowFrame=null isAppBubble=false}, pipChange = null, remoteTransition = null, displayChange = null, flags = 4096, debugId = 79 }
02-12 00:02:17.199  1889  1934 D ShellSplitScreen: logExit: no-op, mLoggerSessionId is null
02-12 00:02:17.200  1476  3177 I ActivityTaskManager: START u0 {flg=0x10000000 xflg=0x5 cmp=com.android.camera/.Camera} with LAUNCH_SINGLE_TOP from uid 2000 (com.android.shell) (BAL_ALLOW_PERMISSION) result code=0
02-12 00:02:17.201  1476  1858 D BackgroundInstallControlService: Package event received: 0
02-12 00:02:17.204  4223  4223 D CAM_ActivityBase: onCreate + 142599089
02-12 00:02:17.204  4223  4223 I CAM_Camera@142599089: [CAM_PERF]onCreate start
02-12 00:02:17.204  4223  4223 D CAM_BoostFrameworkImpl: startBoost: duration = 500, scene = 6
02-12 00:02:17.204  4223  4223 I CAM_PerformanceManager: [P_PERFORM]: Event: HOT_LAUNCH start
02-12 00:02:17.205  4223  4223 I CAM_Camera@142599089: onCreate: intent-> Intent { flg=0x10000000 xflg=0x5 cmp=com.android.camera/.Camera }
02-12 00:02:17.205  4223  4223 V CameraIntentManager: dumpIntent is not enable on this device.
02-12 00:02:17.205  4223  4223 W CAM_Display: initialize: windowSize = 1080x2460, appBoundSize = 1080x2460
02-12 00:02:17.205  4223  4223 W CAM_Display: initialize skip. caz check screen size
02-12 00:02:17.205  4223  4223 D CAM_CameraIntentManager: camera_launch_source = null
02-12 00:02:17.205  1476  1858 D BackgroundInstallControlService: Package event received: 0
02-12 00:02:17.205  4223  4223 D CAM_CameraIntentManager: start activity when locked: false
02-12 00:02:17.205  1476  1858 D BackgroundInstallControlService: Package event received: 0
02-12 00:02:17.205  4223  4223 I CAM_PermissionManager: getNeedCheckPermissionList() listSize =0
02-12 00:02:17.205  4223  4223 I CAM_PermissionManager: checkCameraLaunchPermissions(), all on
02-12 00:02:17.206  4223  4223 I CAM_PermissionManager: getNeedCheckPermissionList() listSize =0
02-12 00:02:17.206  4223  4223 I CAM_PermissionManager: checkCameraLocationPermissions(), all on
02-12 00:02:17.206  4223  4223 I CAM_PermissionManager: getNeedCheckPermissionList() listSize =0
02-12 00:02:17.206  4223  4223 I CAM_PermissionManager: checkCameraLocationPermissions(), all on
02-12 00:02:17.206  4223  4223 D CAM_Camera@142599089: onCreate(): prefixCamera2Setup
02-12 00:02:17.206  4223  4223 D CAM_CameraIntentManager: The caller:com.android.shell
02-12 00:02:17.206  4223  4223 E CAM_CameraIntentManager: checkCallerLegality: Unknown caller: com.android.shell
02-12 00:02:17.206  4223  4223 D CAM_CameraIntentManager: start activity when locked: false
02-12 00:02:17.206  4223  4323 D CAM_PreFixCamera2Setup: mModuleChanged true LastMode is null
02-12 00:02:17.206  4223  4323 D CAM_PreFixCamera2Setup: subscribe: mIntent = Intent { flg=0x10000000 xflg=0x5 cmp=com.android.camera/.Camera }
02-12 00:02:17.206  4223  4323 D CAM_DataItemGlobal: parseIntent timeOut = false, intentChanged = false, action = <unknown>, pendingOpenId = 0, pendingOpenModule = 163, intentCameraId = -1, intentType = 0
02-12 00:02:17.206  4223  4323 I CAM_PermissionManager: getNeedCheckPermissionList() listSize =0
02-12 00:02:17.206  4223  4323 I CAM_PermissionManager: checkCameraPermissions(), all on
02-12 00:02:17.206  4223  4323 D CAM_Camera2CompatAdapterRole: E: init()
02-12 00:02:17.206  4223  4323 D CAM_Camera2CompatAdapterRole: E: reset()
02-12 00:02:17.206  4223  4323 D CAM_Camera2CompatAdapterRole: X: reset()
02-12 00:02:17.206  4223  4323 I CAM_Camera2CompatAdapterRole: [K_PROCESS]: All available camera ids: [0, 1, 2, 3, 4]
02-12 00:02:17.207  4223 12479 D CAM_Camera@142599089: [WTP]trackMultiWindowCamera: E
02-12 00:02:17.207  4223 12479 D CAM_Camera@142599089: [WTP]trackMultiWindowCamera: X
02-12 00:02:17.207  1889  1984 D WindowOnBackDispatcher: setTopOnBackInvokedCallback (unwrapped): android.view.ViewRootImpl$$ExternalSyntheticLambda12@4769b06
02-12 00:02:17.207  1476  2995 D CoreBackPreview: Window{87f072e u0 Splash Screen com.android.camera}: Setting back callback OnBackInvokedCallbackInfo{mCallback=android.window.IOnBackInvokedCallback$Stub$Proxy@163b45c, mPriority=0, mIsAnimationCallback=false, mOverrideBehavior=0}
02-12 00:02:17.207  4223  4323 E VendorTagDescriptor: lookupTag: Tag name 'cameraid.role.cameraIds' does not exist.
02-12 00:02:17.208  4223  4323 W VendorTagHelper: VTNF: com.xiaomi.cameraid.role.cameraIds
02-12 00:02:17.208  4223  4223 D CAM_CameraUtil: boostParallelServiceAdj: [800, 0]
02-12 00:02:17.208  4223  4323 E VendorTagDescriptor: lookupTag: Tag name 'cameraid.role.cameraIds' does not exist.
02-12 00:02:17.208  4223  4323 W VendorTagHelper: VTNF: com.xiaomi.cameraid.role.cameraIds
02-12 00:02:17.208  4223  4223 E CAM_CameraUtil: ClassNotFoundException:miui.process.ProcessManager
02-12 00:02:17.208  4223  4223 E CAM_CameraUtil: java.lang.ClassNotFoundException: miui.process.ProcessManager
02-12 00:02:17.208  4223  4223 E CAM_CameraUtil: 	at java.lang.Class.classForName(Native Method)
02-12 00:02:17.208  4223  4223 E CAM_CameraUtil: 	at java.lang.Class.forName(Class.java:591)
02-12 00:02:17.208  4223  4223 E CAM_CameraUtil: 	at java.lang.Class.forName(Class.java:496)
02-12 00:02:17.208  4223  4223 E CAM_CameraUtil: 	at com.android.camera.Util.adjBoost(Util.java:2)
02-12 00:02:17.208  4223  4223 E CAM_CameraUtil: 	at com.android.camera.Camera.createActivity(Camera.java:1)
02-12 00:02:17.208  4223  4223 E CAM_CameraUtil: 	at com.android.camera.ActivityBase.onCreate(ActivityBase.java:11)
02-12 00:02:17.208  4223  4223 E CAM_CameraUtil: 	at android.app.Activity.performCreate(Activity.java:9244)
02-12 00:02:17.208  4223  4223 E CAM_CameraUtil: 	at android.app.Activity.performCreate(Activity.java:9222)
02-12 00:02:17.208  4223  4223 E CAM_CameraUtil: 	at android.app.Instrumentation.callActivityOnCreate(Instrumentation.java:1527)
02-12 00:02:17.208  4223  4223 E CAM_CameraUtil: 	at android.app.ActivityThread.performLaunchActivity(ActivityThread.java:4302)
02-12 00:02:17.208  4223  4223 E CAM_CameraUtil: 	at android.app.ActivityThread.handleLaunchActivity(ActivityThread.java:4504)
02-12 00:02:17.208  4223  4223 E CAM_CameraUtil: 	at android.app.servertransaction.LaunchActivityItem.execute(LaunchActivityItem.java:222)
02-12 00:02:17.208  4223  4223 E CAM_CameraUtil: 	at android.app.servertransaction.TransactionExecutor.executeNonLifecycleItem(TransactionExecutor.java:133)
02-12 00:02:17.208  4223  4223 E CAM_CameraUtil: 	at android.app.servertransaction.TransactionExecutor.executeTransactionItems(TransactionExecutor.java:103)
02-12 00:02:17.208  4223  4223 E CAM_CameraUtil: 	at android.app.servertransaction.TransactionExecutor.execute(TransactionExecutor.java:80)
02-12 00:02:17.208  4223  4223 E CAM_CameraUtil: 	at android.app.ActivityThread$H.handleMessage(ActivityThread.java:2830)
02-12 00:02:17.208  4223  4223 E CAM_CameraUtil: 	at android.os.Handler.dispatchMessage(Handler.java:110)
02-12 00:02:17.208  4223  4223 E CAM_CameraUtil: 	at android.os.Looper.dispatchMessage(Looper.java:315)
02-12 00:02:17.208  4223  4223 E CAM_CameraUtil: 	at android.os.Looper.loopOnce(Looper.java:251)
02-12 00:02:17.208  4223  4223 E CAM_CameraUtil: 	at android.os.Looper.loop(Looper.java:349)
02-12 00:02:17.208  4223  4223 E CAM_CameraUtil: 	at android.app.ActivityThread.main(ActivityThread.java:9041)
02-12 00:02:17.208  4223  4223 E CAM_CameraUtil: 	at java.lang.reflect.Method.invoke(Native Method)
02-12 00:02:17.208  4223  4223 E CAM_CameraUtil: 	at com.android.internal.os.RuntimeInit$MethodAndArgsCaller.run(RuntimeInit.java:593)
02-12 00:02:17.208  4223  4223 E CAM_CameraUtil: 	at com.android.internal.os.ZygoteInit.main(ZygoteInit.java:929)
02-12 00:02:17.208  4223  4223 E CAM_CameraUtil: Caused by: java.lang.ClassNotFoundException: miui.process.ProcessManager
02-12 00:02:17.208  4223  4223 E CAM_CameraUtil: 	... 24 more
02-12 00:02:17.208  4223  4223 D CAM_CameraIntentManager: start activity when locked: false
02-12 00:02:17.209  4223  4323 E VendorTagDescriptor: lookupTag: Tag name 'cameraid.role.cameraIds' does not exist.
02-12 00:02:17.209  4223  4223 D CRE_GLThread: new Instance with thread id:12519 name:CameraRenderThread
02-12 00:02:17.209  4223  4323 W VendorTagHelper: VTNF: com.xiaomi.cameraid.role.cameraIds
02-12 00:02:17.209  4223  4223 V CRE_GLThread: getHandler to do some thing on egl thread Handler (android.os.Handler) {8f355d2}
02-12 00:02:17.209  4223 12519 D CRE_GLThread: new egl Instance
02-12 00:02:17.209  4223  4223 D CAM_CameraRenderEngine: init CameraRenderEngine hash:103659171
02-12 00:02:17.209  4223 12519 D CRE_EglCore: new Instance
02-12 00:02:17.209  4223  4223 D CAM_RenderEngineAdapter: RenderEngineAdapter version:1
02-12 00:02:17.209  4223 12519 D libMEOW : meow new tls: 0xb40000770c6810c0
02-12 00:02:17.209  4223 12519 D libMEOW : applied 1 plugins for [com.android.camera]:
02-12 00:02:17.209  4223 12519 D libMEOW :   plugin 1: [libMEOW_gift.so]:
02-12 00:02:17.209  4223  4223 D CAM_CameraUtil: isSupportWCG: false
02-12 00:02:17.209  4223  4323 E VendorTagDescriptor: lookupTag: Tag name 'cameraid.role.cameraIds' does not exist.
02-12 00:02:17.209  4223  4323 W VendorTagHelper: VTNF: com.xiaomi.cameraid.role.cameraIds
02-12 00:02:17.210  4223  4323 E VendorTagDescriptor: lookupTag: Tag name 'cameraid.role.cameraIds' does not exist.
02-12 00:02:17.210  4223  4323 W VendorTagHelper: VTNF: com.xiaomi.cameraid.role.cameraIds
02-12 00:02:17.210  4223  4323 D CAM_ReprocessorFactory: getReprocessor: type = ISP_INTERFACE
02-12 00:02:17.210  4223  4323 D CAM_Camera2CompatAdapterRole: X: init()
02-12 00:02:17.210  4223  4323 D CAM_Camera2DataContainer: Currently user selected zoom ratio is 1.0
02-12 00:02:17.210  4223  4323 D CAM_Camera2DataContainer: getActualOpenCameraId: mode=a3, id=0->0
02-12 00:02:17.210  4223  4323 D CAM_Camera2OpenManager: openCamera: reusable = false
02-12 00:02:17.210  4223  4323 I CAM_Camera2OpenManager: [K_PROCESS]: cid: -1 -> 0, mid: 163 -> 163, fcc: true
02-12 00:02:17.210  4223  4323 D CAM_Camera2OpenManager: abandonCameraResultObservable: E
02-12 00:02:17.210  4223  4323 D CAM_Camera2OpenManager: abandonCameraResultObservable: X
02-12 00:02:17.210  4223  4323 D CAM_Camera2OpenManager: removeCameraCallables
02-12 00:02:17.210  4223  4323 D CAM_Camera2OpenManager: subscribeCameraResultObservable: E
02-12 00:02:17.210  4223  4323 D CAM_Camera2OpenManager: subscribeCameraResultObservable: X
02-12 00:02:17.210  4223  4323 D CAM_CameraOpenObservable: subscribeActual: openCamera: cid = 0, listener = 180037141
02-12 00:02:17.211  4223  4323 D CAM_SendBroadcastNotifyExternal: notify external(mode:163,facing:0)
02-12 00:02:17.211  4223 12446 D CAM_Camera2CompatAdapterRole: E: initCameraCapabilitiesAsync()
02-12 00:02:17.211  4223 12446 D CAM_Camera2CompatAdapter: E: initCameraCapabilitiesByCameraId(): 0
02-12 00:02:17.211  4223 12521 D CAM_loadSettings:: 
02-12 00:02:17.211  4223  4291 D CAM_CloseCameraCallable: E: cid: null
02-12 00:02:17.211  4223  4291 I CAM_CloseCameraCallable: [K_PROCESS]: E: closeCamera: cid = null, excludes = []
02-12 00:02:17.211  4223  4291 I CAM_CloseCameraCallable: [K_PROCESS]: X: closeCamera: cid = null, excludes = []
02-12 00:02:17.211  4223  4291 D CAM_CloseCameraCallable: X: cid: null (dur: 0)
02-12 00:02:17.211  4223  4291 D CAM_CloseCameraCallable: postCallback
02-12 00:02:17.211  4223  4291 D CAM_OpenCameraCallable: E: cid: 0
02-12 00:02:17.211  4223  4291 I CAM_PerformanceManager: [P_PERFORM]: Action: 1:createActivity2openCamera_163_0 takes 7 ms
02-12 00:02:17.211  4223  4291 I CAM_OpenCameraCallable: [K_PROCESS]: [CAM_PERF]openCamera: retries = 0
02-12 00:02:17.211  4223  4291 I CAM_OpenCameraCallable: [K_PROCESS]: [CAM_PERF]openCamera: E: cid = 0
02-12 00:02:17.212  4223  4223 D CAM_RenderEngineAdapter: initCameraScreenNail
02-12 00:02:17.212  4223  4223 D CAM_Camera@142599089: IsMultiCamera: false
02-12 00:02:17.213  4223  4223 D CAM_FML : registerProtocol: Thread name = main
02-12 00:02:17.213   857  2211 D AudioALSAHardware: -getParameters(), return ""
02-12 00:02:17.213  4223 12519 D CRE_EglCore: EGL extensions: [EGL_EXT_surface_SMPTE2086_metadata, EGL_ANDROID_native_fence_sync, EGL_EXT_create_context_robustness, EGL_EXT_protected_content, EGL_KHR_no_config_context, EGL_KHR_surfaceless_context, EGL_ANDROID_get_native_client_buffer, EGL_ANDROID_presentation_time, EGL_ANDROID_recordable, EGL_KHR_gl_texture_2D_image, EGL_KHR_fence_sync, EGL_NV_context_priority_realtime, EGL_KHR_gl_renderbuffer_image, EGL_ANDROID_get_frame_timestamps, EGL_EXT_gl_colorspace_scrgb, EGL_EXT_gl_colorspace_scrgb_linear, EGL_EXT_surface_CTA861_3_metadata, EGL_EXT_gl_colorspace_display_p3_passthrough, EGL_KHR_create_context, EGL_KHR_wait_sync, EGL_ANDROID_image_native_buffer, EGL_ANDROID_front_buffer_auto_refresh, EGL_KHR_swap_buffers_with_damage, EGL_EXT_pixel_format_float, EGL_KHR_config_attribs, EGL_EXT_gl_colorspace_display_p3, EGL_KHR_get_all_proc_addresses, EGL_KHR_partial_update, EGL_EXT_image_gl_colorspace, EGL_KHR_gl_colorspace, EGL_KHR_image, EGL_KHR_image_base, EGL_EXT_gl_colorspace_display_p3_linear, EGL_KHR_mutable_render_buffer, EGL_IMG_context_priority, EGL_KHR_gl_texture_cubemap_image, EGL_EXT_yuv_surface]
02-12 00:02:17.213  4223  4223 D CAM_DataItemGlobal: parseIntent timeOut = false, intentChanged = false, action = <unknown>, pendingOpenId = 0, pendingOpenModule = 163, intentCameraId = -1, intentType = 0
02-12 00:02:17.214  4223  4323 I CAM_PerformanceManager: [P_PERFORM]: Action: switch_prefix_camera_setup_163_0 takes 7 ms
02-12 00:02:17.214  4223  4323 D CAM_CloseCameraCallable: Success: cid: null (dur: 3)
02-12 00:02:17.214  4223  4223 I CAM_Camera@142599089: [U_ACTION]: [CAM_PERF]onModeSelected from 0xa0 to 0xa3, ScreenSlideOff = false, facing = 0
02-12 00:02:17.214  4223  4223 D CAM_Camera@142599089: closeCameraSetup: CameraPendingSetupDisposable: X
02-12 00:02:17.214  4223  4223 D CAM_Camera@142599089: closeCameraSetup: CameraSetupDisposable: X
02-12 00:02:17.214  4223  4223 I CAM_PermissionManager: getNeedCheckPermissionList() listSize =0
02-12 00:02:17.214  4223  4223 I CAM_PermissionManager: checkCameraPermissions(), all on
02-12 00:02:17.214  1054 11372 D Camera3-Utils: Set real time priority for thread (tid 11372)
02-12 00:02:17.214  1054 11372 I CameraService: CameraService::connect call (PID 4223 "com.android.camera", camera ID 0) and Camera API version 2
02-12 00:02:17.215  4223  4223 I CAM_Camera@142599089: [CAM_PERF]onModeSelected: module instantiated: CaptureModule@225750736: mid = 163, cid = 0, created = false, departed = false
02-12 00:02:17.215  4223  4223 D CAM_DataItemRunning: setDummyEnablefalse
02-12 00:02:17.215  4223  4223 I CAM_Camera@142599089: [CAM_PERF]onModeSelected: without prefix
02-12 00:02:17.215  4223  4223 D CAM_PreDataSetup: reInit ,  resetType = 2
02-12 00:02:17.215  1054 11372 I Camera2ClientBase: Camera 0: Opened. Client: com.android.camera (PID 4223, UID 10092)
02-12 00:02:17.215  1054 11372 I CameraDeviceClient: CameraDeviceClient 0: Opened
02-12 00:02:17.215  1054 11372 I CameraService: makeClient: Camera2 API, rotationOverride 0
02-12 00:02:17.215  1054 11372 I CameraService: onTorchStatusChangedLocked: Torch status changed for cameraId=0, newStatus=0
02-12 00:02:17.215  4223  4223 D CAM_Camera2DataContainer: Currently user selected zoom ratio is 1.0
02-12 00:02:17.215  4223  4223 D CAM_Camera2DataContainer: getActualOpenCameraId: mode=a3, id=0->0
02-12 00:02:17.215  1889  2007 D FlashlightController: dispatchAvailabilityChanged(false)
02-12 00:02:17.215  4223  4223 D CAM_Camera2CompatAdapter: E: initCameraCapabilitiesByCameraId(): 0
02-12 00:02:17.216  1104  6204 E mtkcam-debug: [attach] bad debuggee: "NSCam::v3::ICallbackCore" not defined (attach){#382:vendor/mediatek/proprietary/hardware/mtkcam-core/utils/debug/debug.cpp}
02-12 00:02:17.216  1104  6204 I libmtkperf_client: [perf_lock_acq] hdl: 0, dur: 0, num: -5476376637691543952, tid: 12
02-12 00:02:17.216  1104  6204 D CameraCPUControlBase: [needCameraEnterPerf] [DefaultCameraCPUControl]needCameraEnterPerf : false
02-12 00:02:17.216  1104  6204 I libmtkperf_client: [perf_lock_acq] hdl: 0, dur: 1000, num: 499473874264, tid: 2
02-12 00:02:17.216  1104  6204 I libmtkperf_client: [perf_lock_acq] hdl: 0, dur: 0, num: -5476376640644825328, tid: 2
02-12 00:02:17.216  1104  6204 D MtkCam/ATMsEventMgr: [ATMsEventMgr]set factor(OPEN_ID), factor_value(0)
02-12 00:02:17.216  1054 11372 I CameraProviderManager: Camera device device@3.6/internal/0 torch status is now NOT_AVAILABLE
02-12 00:02:17.216  1054 11372 I CameraService: onTorchStatusChangedLocked: Torch status changed for cameraId=0, newStatus=0
02-12 00:02:17.216  1054 11372 I CameraProviderManager: Camera device device@3.6/internal/2 torch status is now NOT_AVAILABLE
02-12 00:02:17.216  1054 11372 I CameraService: onTorchStatusChangedLocked: Torch status changed for cameraId=2, newStatus=0
02-12 00:02:17.216  1054 11372 I CameraProviderManager: Camera device device@3.6/internal/3 torch status is now NOT_AVAILABLE
02-12 00:02:17.216  1054 11372 I CameraService: onTorchStatusChangedLocked: Torch status changed for cameraId=3, newStatus=0
02-12 00:02:17.216  1054 11372 I CameraProviderManager: Camera device device@3.6/internal/4 torch status is now NOT_AVAILABLE
02-12 00:02:17.216  1054 11372 I CameraService: onTorchStatusChangedLocked: Torch status changed for cameraId=4, newStatus=0
02-12 00:02:17.216  4223 12446 D CAM_CameraCapabilities: QuickShotDelayTime tag not defined
02-12 00:02:17.216  4223 12446 D CAM_CameraCapabilities: HQQuickShot: mFeatureMask: 0   mDelayTimeMask: 0
02-12 00:02:17.216  2892  2914 I AiAiEcho: Settings changed for uri: content://settings/secure/flashlight_available
02-12 00:02:17.216  1104  1310 D ULogGuard: Monitoring: 7 threads, 0 requests, 0 time-bombs; 1 guards. ResetFlags = 0x7
02-12 00:02:17.217  4223 12446 D CAM_CameraCapabilities: MiviSuperNight: mSuperNightMask: 1
02-12 00:02:17.217  4223 12446 D CAM_CameraCapabilities: getBeautyVersionData: 3 ,beautyVersion: 3 ,beautyAlgo: 1
02-12 00:02:17.217  1054 11372 D Camera3-Utils: Set regular priority for thread (tid 11372)
02-12 00:02:17.218   857   888 D AudioALSAHardware: +setParameters(): cameraFacing=back
02-12 00:02:17.218   857   888 D AudioALSAHardware: -setParameters(): cameraFacing=back
02-12 00:02:17.218  1476  1513 V WindowManager: Sent Transition (#79) createdAt=02-12 00:02:17.186 via request=TransitionRequestInfo { type = OPEN, triggerTask = TaskInfo{userId=0 taskId=48 effectiveUid=10092 displayId=0 isRunning=true baseIntent=Intent { flg=0x10000000 cmp=com.android.camera/.Camera } baseActivity=ComponentInfo{com.android.camera/com.android.camera.Camera} topActivity=ComponentInfo{com.android.camera/com.android.camera.Camera} origActivity=null realActivity=ComponentInfo{com.android.camera/com.android.camera.Camera} numActivities=1 lastActiveTime=4507734 supportsMultiWindow=false resizeMode=0 isResizeable=false minWidth=-1 minHeight=-1 defaultMinSize=220 token=WCT{RemoteToken{be23ceb Task{36c0bad #48 type=standard A=10092:com.android.camera nonResizable}}} topActivityType=1 pictureInPictureParams=null shouldDockBigOverlays=false launchIntoPipHostTaskId=-1 lastParentTaskIdBeforePip=-1 displayCutoutSafeInsets=Rect(0, 100 - 0, 0) topActivityInfo=ActivityInfo{6a5ba48 com.android.camera.Camera} launchCookies=[] positionInParent=Point(0, 0) parentTaskId=-1 isFocused=true isVisible=false isVisibleRequested=true isTopActivityNoDisplay=false isSleeping=false locusId=null displayAreaFeatureId=1 isTopActivityTransparent=false isActivityStackTransparent=false lastNonFullscreenBounds=Rect(287, 708 - 794, 1788) capturedLink=null capturedLinkTimestamp=0 requestedVisibleTypes=-9 topActivityRequestOpenInBrowserEducationTimestamp=0 appCompatTaskInfo=AppCompatTaskInfo { topActivityInSizeCompat=false eligibleForLetterboxEducation= false isLetterboxEducationEnabled= false isLetterboxDoubleTapEnabled= false eligibleForUserAspectRatioButton= false topActivityBoundsLetterboxed= false isFromLetterboxDoubleTap= false topActivityLetterboxVerticalPosition= -1 topActivityLetterboxHorizontalPosition= -1 topActivityLetterboxWidth=-1 topActivityLetterboxHeight=-1 topActivityAppBounds=Rect(0, 100 - 1080, 2397) isUserFullscreenOverrideEnabled=false isSystemFullscreenOverrideEnabled=false hasMinAspectRatioOverride=false topActivityLetterboxBounds=null cameraCompatTaskInfo=CameraCompatTaskInfo { freeformCameraCompatMode=inactiveundefined} topNonResizableActivityAspectRatio=-1.0} topActivityMainWindowFrame=null isAppBubble=false}, pipChange = null, remoteTransition = null, displayChange = null, flags = 4096, debugId = 79 }
02-12 00:02:17.218  1476  1513 V WindowManager:     startWCT=WindowContainerTransaction { changes= {} hops= [] errorCallbackToken=null taskFragmentOrganizer=null }
02-12 00:02:17.218  1476  1513 V WindowManager:     info={id=79 t=OPEN f=0x1040 trk=0 r=[0@Point(0, 0)] c=[
02-12 00:02:17.218  1476  1513 V WindowManager:         {WCT{RemoteToken{be23ceb Task{36c0bad #48 type=standard A=10092:com.android.camera nonResizable}}} m=OPEN f=NONE p=WCT{RemoteToken{e770087 DefaultTaskDisplayArea@138219176}} leash=Surface(name=Task=48)/@0x3900365 sb=Rect(0, 0 - 1080, 2460) eb=Rect(0, 0 - 1080, 2460) epz=Point(1080, 2460) d=0 taskParent=-1 winMode=1},
02-12 00:02:17.218  1476  1513 V WindowManager:         {WCT{RemoteToken{e770087 DefaultTaskDisplayArea@138219176}} m=TO_FRONT f=FLAG_IS_TASK_DISPLAY_AREA leash=Surface(name=DefaultTaskDisplayArea)/@0x684f8cf sb=Rect(0, 0 - 1080, 2460) eb=Rect(0, 0 - 1080, 2460) epz=Point(1080, 2460) d=0}
02-12 00:02:17.218  1476  1513 V WindowManager:     ]}
02-12 00:02:17.218  2892  3103 I AiAiEcho: Predicting[0]:  [CONTEXT sampling_count=5 ]
02-12 00:02:17.218  2892  3103 I AiAiEcho: EchoTargets: 
02-12 00:02:17.218  2892  3103 I AiAiEcho: Filtered by AiAi flag check: 
02-12 00:02:17.218  2892  3103 I AiAiEcho: [CONTEXT ratelimit_period="10 SECONDS" ]
02-12 00:02:17.218   857   888 D r_submix: adev_set_parameters() kvpairs='cameraFacing=back'
02-12 00:02:17.218  2892  3103 I AiAiEcho: #remoteViewsTwiddler: feature disabled.
02-12 00:02:17.218  2892  3103 I AiAiEcho: Predicting[0]:  [CONTEXT sampling_count=5 ]
02-12 00:02:17.218  2892  3103 I AiAiEcho: EchoTargets: 
02-12 00:02:17.218  2892  3103 I AiAiEcho: Filtered by AiAi flag check: 
02-12 00:02:17.218  2892  3103 I AiAiEcho: [CONTEXT ratelimit_period="10 SECONDS" ]
02-12 00:02:17.219  2892  3103 I AiAiEcho: #remoteViewsTwiddler: feature disabled.
02-12 00:02:17.219  4223  4291 I CAM_OpenCameraCallable: [K_PROCESS]: [CAM_PERF]openCamera: X: cid = 0
02-12 00:02:17.219  4223  4291 D CAM_OpenCameraCallable: X: cid: 0 (dur: 8)
02-12 00:02:17.219  4223  4291 D CAM_OpenCameraCallable: postCallback
02-12 00:02:17.219  4223  4323 D CAM_OpenCameraCallable: Success: cid: 0 (dur: 8)
02-12 00:02:17.219  4223  4291 I CAM_CameraStateCallback: [K_PROCESS]: [CAM_PERF]onOpened: cid = 0
02-12 00:02:17.219  4223  4291 I CAM_PerformanceManager: [P_PERFORM]: Action: 2:[HAL]openCamera@0_163_0 takes 8 ms
02-12 00:02:17.219  2892  3103 I AiAiEcho: #postPredictionTargets: Sending updates to UISurface lockscreen with targets# 0 (types=[])
02-12 00:02:17.219  2892  3103 I AiAiEcho: #postPredictionTargets: Sending updates to UISurface home with targets# 0 (types=[])
02-12 00:02:17.219  1889  1889 W SsPagerDots: Total number of pages invalid: 0. Assuming 1 page.
02-12 00:02:17.219  1889  1917 V WindowManagerShell: onTransitionReady(transaction=6339371733752)
02-12 00:02:17.253 12527 12527 E imgsensor 8-0010: [do_hw_power_on] op->data =5, ent->val = 0
02-12 00:02:17.254 12527 12527 E imgsensor 8-0010: [do_hw_power_on] op->data =13, ent->val = 1000000
02-12 00:02:17.220  1889  1934 V WindowManagerShell: onTransitionReady (#79) android.os.BinderProxy@70c9a30: {id=79 t=OPEN f=0x1040 trk=0 r=[0@Point(0, 0)] c=[
02-12 00:02:17.220  1889  1934 V WindowManagerShell:         {m=OPEN f=NONE p=WCT{android.os.BinderProxy@d1b2fa4} leash=Surface(name=Task=48)/@0x37f5c19 sb=Rect(0, 0 - 1080, 2460) eb=Rect(0, 0 - 1080, 2460) epz=Point(1080, 2460) d=0 taskParent=-1 winMode=1},
02-12 00:02:17.220  1889  1934 V WindowManagerShell:         {m=TO_FRONT f=FLAG_IS_TASK_DISPLAY_AREA leash=Surface(name=DefaultTaskDisplayArea)/@0xfa004de sb=Rect(0, 0 - 1080, 2460) eb=Rect(0, 0 - 1080, 2460) epz=Point(1080, 2460) d=0}
02-12 00:02:17.220  1889  1934 V WindowManagerShell:     ]}
02-12 00:02:17.220  1889  1934 V WindowManagerShell: Playing animation for (#79) android.os.BinderProxy@70c9a30@0
02-12 00:02:17.220  1889  1934 V WindowManagerShell: start keyguard occlude transition, info = {id=79 t=OPEN f=0x1040 trk=0 r=[0@Point(0, 0)] c=[{m=OPEN f=NONE p=WCT{android.os.BinderProxy@d1b2fa4} leash=Surface(name=Task=48)/@0x37f5c19 sb=Rect(0, 0 - 1080, 2460) eb=Rect(0, 0 - 1080, 2460) epz=Point(1080, 2460) d=0 taskParent=-1 winMode=1},{m=TO_FRONT f=FLAG_IS_TASK_DISPLAY_AREA leash=Surface(name=DefaultTaskDisplayArea)/@0xfa004de sb=Rect(0, 0 - 1080, 2460) eb=Rect(0, 0 - 1080, 2460) epz=Point(1080, 2460) d=0}]}
02-12 00:02:17.220  1889  1934 D KeyguardService: Starts IRemoteAnimationRunner: info={id=79 t=OPEN f=0x1040 trk=0 r=[0@Point(0, 0)] c=[{m=OPEN f=NONE p=WCT{android.os.BinderProxy@d1b2fa4} leash=Surface(name=Task=48)/@0x37f5c19 sb=Rect(0, 0 - 1080, 2460) eb=Rect(0, 0 - 1080, 2460) epz=Point(1080, 2460) d=0 taskParent=-1 winMode=1},{m=TO_FRONT f=FLAG_IS_TASK_DISPLAY_AREA leash=Surface(name=DefaultTaskDisplayArea)/@0xfa004de sb=Rect(0, 0 - 1080, 2460) eb=Rect(0, 0 - 1080, 2460) epz=Point(1080, 2460) d=0}]}
02-12 00:02:17.221  1889  1934 D KeyguardService: Unexpected transit type: 1
02-12 00:02:17.221  4223  4223 D CAM_CameraCapabilities: QuickShotDelayTime tag not defined
02-12 00:02:17.221  4223  4223 D CAM_CameraCapabilities: HQQuickShot: mFeatureMask: 0   mDelayTimeMask: 0
02-12 00:02:17.221  4223  4223 D CAM_CameraCapabilities: MiviSuperNight: mSuperNightMask: 1
02-12 00:02:17.221  4223  4223 D CAM_CameraCapabilities: getBeautyVersionData: 3 ,beautyVersion: 3 ,beautyAlgo: 1
02-12 00:02:17.221  4223  4223 D CAM_Camera2CompatAdapter: X: initCameraCapabilitiesByCameraId(): 0
02-12 00:02:17.221  1889  1934 D KeyguardViewMediator: OccludeAnimator#onAnimationStart. Set occluded = true.
02-12 00:02:17.221  1889  1934 D KeyguardViewMediator: setOccluded(true)
02-12 00:02:17.221  4223 12446 D CAM_Camera2CompatAdapter: X: initCameraCapabilitiesByCameraId(): 0
02-12 00:02:17.222  1889  1934 V WindowManagerShell:  animated by com.android.wm.shell.keyguard.KeyguardTransitionHandler@c7348c2
02-12 00:02:17.222  1889  1889 D KeyguardViewMediator: handleSetOccluded(true)
02-12 00:02:17.222  4223 12446 D CAM_Camera2CompatAdapter: E: initCameraCapabilitiesByCameraId(): 1
02-12 00:02:17.222  4223  4223 D CAM_Camera2CompatAdapter: Warning: getCurrentCameraCapabilities(): mCurrentOpenedCameraId is invalid.
02-12 00:02:17.222  4223  4223 D TAG     : setBanned() called with: banned = [false]
02-12 00:02:17.222  4223  4323 I CAM_CameraOpenObservable: [CAM_PERF]onOpened: cid = 0, listener = 180037141
02-12 00:02:17.222  4223  4323 I CAM_Camera2OpenManager: [CAM_PERF]onOpened: cid = 0|android.hardware.camera2.impl.CameraDeviceImpl@67480ef
02-12 00:02:17.222  4223  4323 D CAM_Camera2OpenManager: fire: result = com.android.camera.module.loader.camera2.Camera2Result@6bde7fc, requested cid = 0
02-12 00:02:17.222  4223  4323 D CAM_Camera2OpenManager: fire: emitted
02-12 00:02:17.222  4223  4223 D CAM_ComponentConfigHDR10: reInit E
02-12 00:02:17.222  4223  4223 D CAM_ComponentConfigHDR10PRO: reInit E
02-12 00:02:17.222  4223  4223 D CAM_ComponentConfigTrueColour: reInit E
02-12 00:02:17.222  4223  4223 V CAM_IDisplayRect: getDisplayRect:Rect(0, 270 - 1080, 2190)
02-12 00:02:17.222  4223  4223 D CAM_DataItemRunning: setPaintCondition: 1
02-12 00:02:17.222  4223  4223 D CAM_Camera@142599089: onLifeAlive module 0xa3, need anim 1, need blur false need reconfig true reset type 2
02-12 00:02:17.222  4223  4223 D CAM_Camera@142599089: isFromKeyguard: false
02-12 00:02:17.222  4223  4223 D CAM_Camera@142599089: onLifeAlive: isFromKeyguard: false, mHasFocus: false
02-12 00:02:17.223  4223  4223 I CAM_PermissionManager: getNeedCheckPermissionList() listSize =0
02-12 00:02:17.223  4223  4223 I CAM_PermissionManager: checkCameraLaunchPermissions(), all on
02-12 00:02:17.223  4223  4223 D CAM_Camera@142599089: setupCamera: E
02-12 00:02:17.223  1889  2059 D KeyguardTransitionRepository: (Internal) Setting current transition info: TransitionInfo(ownerName=FromLockscreenTransitionInteractor, from=LOCKSCREEN, to=OCCLUDED, animated)
02-12 00:02:17.223  4223  4223 D CAM_Camera@142599089: closeCameraSetup: CameraPendingSetupDisposable: X
02-12 00:02:17.223  4223  4223 D CAM_Camera@142599089: closeCameraSetup: CameraSetupDisposable: X
02-12 00:02:17.223  4223  4223 D CAM_Camera@142599089: setupCamera: CameraSetupDisposable: E
02-12 00:02:17.223  4223  4223 D CAM_Camera@142599089: setupCamera: X
02-12 00:02:17.223  4223  4323 I CAM_PermissionManager: getNeedCheckPermissionList() listSize =0
02-12 00:02:17.223  4223  4323 I CAM_PermissionManager: checkCameraLaunchPermissions(), all on
02-12 00:02:17.223  4223  4223 D CAM_BaseFragmentDelegate: resetFeatureFragment mLastFragmentAlias null, newFragments {20=[BaseFragmentOperation{operateType=OPERATE_PUSH, containerViewId=MODULE_CONTENT_LOWER_LAYER, pendingFragmentInfo= 0xffffff2, pendingSubFragmentInfo= 0xf0, pendingFragmentAlias='null'}], 7=[BaseFragmentOperation{operateType=OPERATE_PUSH, containerViewId=POPUP_TIPS, pendingFragmentInfo= 0xfff9, pendingSubFragmentInfo= 0xf0, pendingFragmentAlias='null'}]}
02-12 00:02:17.223  4223  4323 D CAM_FunctionCameraPrepare: reconfigureData needResetForFrontZoom:false lastCameraId:0 mResetType:2 mLastMode:0 mTargetMode:163
02-12 00:02:17.223  4223  4223 D CAM_BaseFragmentDelegate: checkOperation type MODULE_CONTENT_LOWER_LAYER, operations [BaseFragmentOperation{operateType=OPERATE_PUSH, containerViewId=MODULE_CONTENT_LOWER_LAYER, pendingFragmentInfo= 0xffffff2, pendingSubFragmentInfo= 0xf0, pendingFragmentAlias='null'}], currentFragments {1=[f4], 2=[f3], 3=[f2], 4=[f1], 5=[f0], 6=[f0], 7=[f0], 8=[ff4], 20=[f0], 21=[f0], 22=[f0]}
02-12 00:02:17.223  4223  4223 D CAM_BaseFragmentDelegate: checkOperation type POPUP_TIPS, operations [BaseFragmentOperation{operateType=OPERATE_PUSH, containerViewId=POPUP_TIPS, pendingFragmentInfo= 0xfff9, pendingSubFragmentInfo= 0xf0, pendingFragmentAlias='null'}], currentFragments {1=[f4], 2=[f3], 3=[f2], 4=[f1], 5=[f0], 6=[f0], 7=[f0], 8=[ff4], 20=[]21=[f0], 22=[f0]}
02-12 00:02:17.223  4223  4223 D CAM_BaseFragmentDelegate: applyUpdateSet s.2[BaseFragmentOperation{operateType=OPERATE_PUSH, containerViewId=MODULE_CONTENT_LOWER_LAYER, pendingFragmentInfo= 0xffffff2, pendingSubFragmentInfo= 0xf0, pendingFragmentAlias='null'}, BaseFragmentOperation{operateType=OPERATE_PUSH, containerViewId=POPUP_TIPS, pendingFragmentInfo= 0xfff9, pendingSubFragmentInfo= 0xf0, pendingFragmentAlias='null'}]
02-12 00:02:17.223  4223  4223 I CAM_BaseFragment: fragment is not added, pendingShow return.
02-12 00:02:17.223  4223  4223 I CAM_BaseFragment: fragment is not added, pendingShow return.
02-12 00:02:17.223  1889  1889 D CentralSurfaces: !shouldBeKeyguard mStatusBarStateController.isKeyguardRequested() false keyguardForDozing false wakeAndUnlocking false isWakingAndOccluded true
02-12 00:02:17.223  4223  4223 D CAM_BaseFragmentDelegate: currentFragments {1=[f4], 2=[f3], 3=[f2], 4=[f1], 5=[f0], 6=[f0], 7=[fff9], 8=[ff4], 20=[ffffff2], 21=[f0], 22=[f0]}
02-12 00:02:17.257 12527 12527 E imgsensor 8-0010: [do_hw_power_on] op->data =11, ent->val = 2800000
02-12 00:02:17.260 12527 12527 E imgsensor 8-0010: [do_hw_power_on] op->data =2, ent->val = 1800000
02-12 00:02:17.224  1889  1889 D KeyguardViewMediator: KeyguardViewMediator queue processing message: SET_OCCLUDED
02-12 00:02:17.224  1889  2160 D Bubbles : handleKeyguardOrDreamChange isUnlockedShade=false keyguardShowing=true dreamingOrInPreview=false
02-12 00:02:17.224  1889  1934 D Bubbles : onStatusBarStateChanged isShade=false didChange=false mNotifEntryToExpandOnShadeUnlock=null
02-12 00:02:17.224  1889  1889 I KeyguardTransitionRepository: STARTED transition: TransitionStep(from=LOCKSCREEN, to=OCCLUDED, value=0.0, transitionState=STARTED, ownerName=FromLockscreenTransitionInteractor)
02-12 00:02:17.224  4223  4223 D CAM_GoogleLens: checkLensAvailability: true
02-12 00:02:17.224  4223  4223 D CAM_ThermalDetector: onCreate
02-12 00:02:17.224  4223  4223 D CAM_BatteryDetector: onCreate
02-12 00:02:17.224  4223  4223 D CAM_CameraIntentManager: camera_launch_source = null
02-12 00:02:17.224  4223  4223 I CAM_PerformanceManager: [P_PERFORM]: Action: A1:createActivity_163_0 takes 20 ms
02-12 00:02:17.224  4223  4223 D CAM_BoostFrameworkImpl: stopBoost
02-12 00:02:17.224  4223  4223 I CAM_Camera@142599089: [CAM_PERF]onCreate end {1.0 405mcc872mnc [en_IN] ldltr sw411dp w411dp h875dp 420dpi nrml long compactNeeded widecg port night finger -keyb/v/h -nav/h winConfig={ mBounds=Rect(0, 0 - 1080, 2460) mAppBounds=Rect(0, 100 - 1080, 2397) mMaxBounds=Rect(0, 0 - 1080, 2460) mDisplayRotation=ROTATION_0 mWindowingMode=fullscreen mActivityType=standard mAlwaysOnTop=undefined mRotation=ROTATION_0} as.3 s.2 fontWeightAdjustment=0}
02-12 00:02:17.224  4223  4223 D CAM_ActivityBase: onCreate -
02-12 00:02:17.225  4223  4223 D CAM_ActivityBase: onStart +142599089
02-12 00:02:17.225  4223  4223 D CAM_BoostFrameworkImpl: startBoost: duration = 500, scene = 6
02-12 00:02:17.225  1889  1934 V ShellStartingWindow: RSO:Transaction applied for task=48
02-12 00:02:17.226  4223  4223 D CAM_CameraSnapView: setClickEnable: false
02-12 00:02:17.227  4223  4323 I CAM_PerformanceManager: [P_PERFORM]: Action: A2:switch_camera_prepare_163_0 takes 4 ms
02-12 00:02:17.261 12527 12527 E imgsensor 8-0010: [do_hw_power_on] op->data =5, ent->val = 1
02-12 00:02:17.262 12527 12527 E imgsensor 8-0010: [do_hw_power_on] op->data =7, ent->val = 24
02-12 00:02:17.263 12527 12527 E imgsensor 8-0010: [do_hw_power_on] op->data =0, ent->val = 4
02-12 00:02:17.227  4223  4323 D CAM_Camera2OpenOnSubScribe: subscribe: request to open 0
02-12 00:02:17.228  4223  4323 D CAM_Camera2DataContainer: Currently user selected zoom ratio is 1.0
02-12 00:02:17.228  4223  4323 D CAM_Camera2DataContainer: getActualOpenCameraId: mode=a3, id=0->0
02-12 00:02:17.228  4223  4323 D CAM_Camera2OpenManager: openCamera: reusable = true
02-12 00:02:17.228  4223  4323 I CAM_Camera2OpenManager: [K_PROCESS]: cid: 0 -> 0, mid: 163 -> 163, fcc: false
02-12 00:02:17.228  4223  4323 D CAM_Camera2OpenManager: removeCameraCallables
02-12 00:02:17.228  4223  4323 D CAM_Camera2OpenManager: subscribeCameraResultObservable: E
02-12 00:02:17.228  4223  4291 D CAM_CloseCameraCallable: E: cid: null
02-12 00:02:17.228  4223  4223 D CAM_CameraSnapView: onScreenOrientationChanged
02-12 00:02:17.228  4223  4291 I CAM_CloseCameraCallable: [K_PROCESS]: E: closeCamera: cid = null, excludes = [0]
02-12 00:02:17.228  4223  4323 D CAM_Camera2OpenOnSubScribe: onSubscribe
02-12 00:02:17.228  4223  4291 D CAM_CloseCameraCallable: closeCamera: camera '0' is excluded
02-12 00:02:17.228  4223  4291 I CAM_CloseCameraCallable: [K_PROCESS]: X: closeCamera: cid = null, excludes = [0]
02-12 00:02:17.228  4223  4291 D CAM_CloseCameraCallable: X: cid: null (dur: 0)
02-12 00:02:17.228  4223  4291 D CAM_CloseCameraCallable: postCallback
02-12 00:02:17.228  4223  4323 D CAM_Camera2OpenManager: subscribeCameraResultObservable: X
02-12 00:02:17.228  4223  4323 D CAM_CameraOpenObservable: subscribeActual: openCamera: cid = 0, listener = 241319650
02-12 00:02:17.228  4223  4291 D CAM_OpenCameraCallable: E: cid: 0
02-12 00:02:17.228  4223  4291 D CAM_OpenCameraCallable: Camera is already opened: cid = 0
02-12 00:02:17.228  4223  4323 I CAM_PerformanceManager: [P_PERFORM]: Action: A3:switch_camera_2_open_163_0 takes 1 ms
02-12 00:02:17.228  4223  4291 D CAM_MiCamera2: setCaptureBusyCallback: null
02-12 00:02:17.228  4223  4323 D CAM_CloseCameraCallable: Success: cid: null (dur: 0)
02-12 00:02:17.228  4223  4291 D CAM_MiCamera2: E: cancelSession: id=0
02-12 00:02:17.228  4223  4291 D CAM_MiCamera2: cancelSession
02-12 00:02:17.228  4223  4291 V CAM_MiCamera2: generateSessionId: id=1
02-12 00:02:17.228  4223  4291 V CAM_MiCamera2: E: resetConfigs
02-12 00:02:17.228  4223  4291 V CAM_MiCamera2: X: resetConfigs
02-12 00:02:17.228  4223  4291 D CAM_MiCamera2: X: cancelSession: id=0
02-12 00:02:17.228  4223  4291 I CAM_CameraStateCallback: [K_PROCESS]: [CAM_PERF]onOpened: cid = 0
02-12 00:02:17.228  4223  4291 I CAM_PerformanceManager: [P_PERFORM]: Action: 2:[HAL]openCamera@0 has never call startAction before
02-12 00:02:17.228  4223  4291 D CAM_OpenCameraCallable: X: cid: 0 (dur: 0)
02-12 00:02:17.228  4223  4323 I CAM_CameraOpenObservable: [CAM_PERF]onOpened: cid = 0, listener = 241319650
02-12 00:02:17.228  4223  4291 D CAM_OpenCameraCallable: postCallback
02-12 00:02:17.228  4223  4323 I CAM_Camera2OpenManager: [CAM_PERF]onOpened: cid = 0|android.hardware.camera2.impl.CameraDeviceImpl@67480ef
02-12 00:02:17.228  4223  4323 D CAM_Camera2OpenManager: fire: result = com.android.camera.module.loader.camera2.Camera2Result@2ffd530, requested cid = 0
02-12 00:02:17.228  4223  4323 D CAM_Camera2OpenManager: fire: emitted
02-12 00:02:17.228  4223  4323 D CAM_OpenCameraCallable: Success: cid: 0 (dur: 1)
02-12 00:02:17.228  4223  4323 D CAM_Camera2OpenOnSubScribe: onNext: hasSurface = false, isCapture = true
02-12 00:02:17.228  4223  4223 D CAM_FragmentBottomAction: provideAnimateElement: newMode = 163, mCurrentMode = 163, animateInElements = null
02-12 00:02:17.228  4223  4323 D CAM_Camera2OpenOnSubScribe: onComplete
02-12 00:02:17.228  4223  4323 D CAM_FunctionCameraOpenResult: apply: result = 2
02-12 00:02:17.228  4223  4323 D CAM_FunctionModuleSetup: apply: module isPresent = true
02-12 00:02:17.229  4223  4323 I CAM_BaseModule: [K_PROCESS]: onCreate: moduleIndex->163, cameraId->0@CaptureModule@225750736: mid = 163, cid = 0, created = false, departed = false
02-12 00:02:17.229  4223  4323 D CAM_Camera2DataContainer: Currently user selected zoom ratio is 1.0
02-12 00:02:17.229  4223  4323 D CAM_Camera2DataContainer: getActualOpenCameraId: mode=a3, id=0->0
02-12 00:02:17.229  4223  4323 D CAM_BaseModule: enumerating: com.android.camera2.MiCamera2@4b650e1 - cid: 0
02-12 00:02:17.229  4223  4323 I CAM_BaseModule: setCameraDevice: com.android.camera2.MiCamera2@4b650e1 - cid: 0
02-12 00:02:17.229  4223  4323 D CAM_Camera2CompatAdapter: E: initCameraCapabilitiesByCameraId(): 3
02-12 00:02:17.231  4223  4223 D CAM_CameraSnapView: onScreenOrientationChanged
02-12 00:02:17.231  4223  4223 V CAM_IDisplayRect: getDisplayRect:Rect(0, 270 - 1080, 1710)
02-12 00:02:17.232  1104 12527 D HW_INTEG: [20210811] Configure sensor index = 0
02-12 00:02:17.232  4223  4323 D CAM_CameraCapabilities: QuickShotDelayTime tag not defined
02-12 00:02:17.232  4223  4323 D CAM_CameraCapabilities: HQQuickShot: mFeatureMask: 0   mDelayTimeMask: 0
02-12 00:02:17.232  4223  4323 D CAM_CameraCapabilities: MiviSuperNight: mSuperNightMask: 1
02-12 00:02:17.232  4223  4223 E .android.camera: No package ID ff found for resource ID 0xffffffff.
02-12 00:02:17.232  4223  4323 D CAM_CameraCapabilities: getBeautyVersionData: 3 ,beautyVersion: 3 ,beautyAlgo: 1
02-12 00:02:17.232  4223  4223 E .android.camera: No package ID ff found for resource ID 0xffffffff.
02-12 00:02:17.232  4223  4323 D CAM_Camera2CompatAdapter: X: initCameraCapabilitiesByCameraId(): 3
02-12 00:02:17.232  4223  4223 E .android.camera: No package ID ff found for resource ID 0xffffffff.
02-12 00:02:17.232  4223  4323 I CAM_ModuleDevice: [K_PROCESS]: getOperatingMode: SESSION_OPERATION_MODE_ALGO_UP_NORMAL
02-12 00:02:17.232  4223  4323 D CAM_Camera2CompatAdapter: E: initCameraCapabilitiesByCameraId(): 2
02-12 00:02:17.232  4223 12446 D CAM_CameraCapabilities: QuickShotDelayTime tag not defined
02-12 00:02:17.232  4223 12446 D CAM_CameraCapabilities: HQQuickShot: mFeatureMask: 0   mDelayTimeMask: 0
02-12 00:02:17.232  4223 12446 D CAM_CameraCapabilities: MiviSuperNight: mSuperNightMask: 1
02-12 00:02:17.232  4223 12446 D CAM_CameraCapabilities: getBeautyVersionData: 3 ,beautyVersion: 3 ,beautyAlgo: 1
02-12 00:02:17.235  4223  4323 D CAM_CameraCapabilities: QuickShotDelayTime tag not defined
02-12 00:02:17.235  4223  4323 D CAM_CameraCapabilities: HQQuickShot: mFeatureMask: 0   mDelayTimeMask: 0
02-12 00:02:17.235  4223  4323 D CAM_CameraCapabilities: MiviSuperNight: mSuperNightMask: 1
02-12 00:02:17.235  4223  4323 D CAM_CameraCapabilities: getBeautyVersionData: 3 ,beautyVersion: 3 ,beautyAlgo: 1
02-12 00:02:17.235  4223  4323 D CAM_Camera2CompatAdapter: X: initCameraCapabilitiesByCameraId(): 2
02-12 00:02:17.235  4223 12446 D CAM_Camera2CompatAdapter: X: initCameraCapabilitiesByCameraId(): 1
02-12 00:02:17.235  4223  4323 I CAM_ModuleDevice: [K_PROCESS]: getOperatingMode: SESSION_OPERATION_MODE_ALGO_UP_NORMAL
02-12 00:02:17.235  4223 12446 D CAM_Camera2CompatAdapter: E: initCameraCapabilitiesByCameraId(): 4
02-12 00:02:17.235  4223  4323 D CAM_BaseModule: create disposable CaptureModule@225750736: mid = 163, cid = 0, created = false, departed = false 0
02-12 00:02:17.235  4223  4323 D CAM_CameraIntentManager: start activity when locked: false
02-12 00:02:17.268 12527 12527 I         : [xagas5kgw1][open] +
02-12 00:02:17.269 12527 12527 I         : [xagas5kgw1][return_sensor_id] [return_sensor_id] sensor_id: 0xf971
02-12 00:02:17.269 12527 12527 I         : [xagas5kgw1][open] i2c write id: 0x20, sensor id: 0xf971
02-12 00:02:17.235  4223  4323 I CAM_ModuleDevice: [K_PROCESS]: getOperatingMode: SESSION_OPERATION_MODE_ALGO_UP_NORMAL
02-12 00:02:17.269 12527 12527 I         : [xagas5kgw1][sensor_init] +
02-12 00:02:17.236  4223  4323 D CAM_ZoomManager: setZoomRatio(): 1.0
02-12 00:02:17.236  4223  4323 D CAM_ZoomManager: initializeZoomRatio zoom:1.0
02-12 00:02:17.236  4223  4323 D CAM_EffectController: setAiColorCorrectionVersion: 0
02-12 00:02:17.236  4223  4323 D CAM_BaseModule: isSupportAFSaliency=false
02-12 00:02:17.236  4223  4323 D CAM_FocusManager: setCharacteristics: mFocusAreaSupported = true, mAELockOnlySupported = false
02-12 00:02:17.236  4223  4323 E CAM_FocusManagerAbstract: setRenderSize: 1080 | 2460
02-12 00:02:17.236  4223  4323 D CAM_FocusManager: setPreviewSize: 1080x2460
02-12 00:02:17.236  4223  4223 D CAM_FragmentTopConfig: getTopAlert(): fragment is null0
