02-12 00:02:20.416   857   888 V AudioALSAHardware: Creating MTK AudioHardware
02-12 00:02:20.416   857   888 D audio_hw_con: audio_hal_con_thread_start server was started
02-12 00:02:20.416  4223  4323 D CAM_CacheImage: quit
02-12 00:02:20.416  4223  4323 D CAM_BoostFrameworkImpl: stopBoost
02-12 00:02:20.416  4223  4323 D CAM_Camera2Module: closeCamera: X
02-12 00:02:20.416   857   888 I mtk_audio_hw_hal: legacy_adev_open: spk cal file access OK: /mnt/vendor/persist/audio/tfa9894_chk.txt
02-12 00:02:20.416  4223  4323 E CAM_Camera2Module: (onPause)mIsNeedNightHDR: false
02-12 00:02:20.416  4223  4323 I CAM_BaseModule: onDestroy: E. CaptureModule@225750736: mid = 163, cid = 0, created = true, departed = true
02-12 00:02:20.416  4223  4323 D CAM_ByteArrayPool: clearMemory, size=0
02-12 00:02:20.416  4223  4323 I CAM_BaseModule: onDestroy: X
02-12 00:02:20.416  4223  4323 D CAM_BaseModule: release: X
02-12 00:02:20.416  2079  2079 D SsBaseTemplateCard: No text view can be set up
02-12 00:02:20.417  2079  2079 D SsBaseTemplateCard: Passed-in item info is null
02-12 00:02:20.417  2079  2079 D SsBaseTemplateCard: Passed-in item info is null
02-12 00:02:20.417  2079  2079 D SsBaseTemplateCard: Passed-in item info is null
02-12 00:02:20.417  2079  2079 I SsBaseTemplateCard: Secondary card pane is null
02-12 00:02:20.417  4223  4323 D CAM_CameraRunnable: start releaseCameraDevice: true
02-12 00:02:20.417  4223  4323 D CAM_Camera2OpenManager: abandonCameraResultObservable: E
02-12 00:02:20.417  4223  4323 D CAM_Camera2OpenManager: abandonCameraResultObservable: X
02-12 00:02:20.417  4223  4323 D CAM_Camera2OpenManager: E: releaseAllCamerasAndWait
02-12 00:02:20.417   857   888 I mtk_audio_hw_hal: legacy_adev_open: us cal file access OK: vendor.audio.chk.cal.us
02-12 00:02:20.417  4223 12468 D CAM_CacheImage: reset
02-12 00:02:20.417  4223 12468 D CAM_CacheImage: already reset
02-12 00:02:20.417  4223  4291 D CAM_ThreadUtils: E: invokeAtFrontUninterruptibly#call
02-12 00:02:20.417  2079  2079 D BaseDepthController: setSurface:
02-12 00:02:20.417  2079  2079 D BaseDepthController: 	mWaitingOnSurfaceValidity: false
02-12 00:02:20.417  2079  2079 D BaseDepthController: 	mBaseSurface: Surface(name=com.google.android.apps.nexuslauncher/com.google.android.apps.nexuslauncher.NexusLauncherActivity)/@0x2da66d7
02-12 00:02:20.417  4223  4291 D CAM_ReleaseCameraCallable: E: releaseCamera: cid = 0
02-12 00:02:20.417  4223  4291 D CAM_MiCamera2: setCaptureBusyCallback: com.xiaomi.camera.device.callable.ReleaseCameraCallable@40cbb0b
02-12 00:02:20.417  4223  4291 D CAM_MiCamera2: setCaptureBusyCallback: shot queue empty
02-12 00:02:20.417  4223  4291 D CAM_ReleaseCameraCallable: onCaptureCompleted: true, request to close camera!
02-12 00:02:20.418  2079  2079 V BaseDepthController: Applying blur: 0 to Surface(name=com.google.android.apps.nexuslauncher/com.google.android.apps.nexuslauncher.NexusLauncherActivity)/@0x2da66d7
02-12 00:02:20.418  4223  4291 I CAM_PermissionManager: getNeedCheckPermissionList() listSize =0
02-12 00:02:20.418  4223  4291 I CAM_PermissionManager: checkCameraPermissions(), all on
02-12 00:02:20.418  4223  4291 D CAM_Camera2CompatAdapterRole: E: init()
02-12 00:02:20.418  4223  4291 D CAM_Camera2CompatAdapterRole: E: reset()
02-12 00:02:20.418  4223  4291 D CAM_Camera2CompatAdapterRole: X: reset()
02-12 00:02:20.418   857   888 I mtk_audio_hw_hal: legacy_adev_open: us cal file access OK: vendor.audio.chk.cal.vib.f0
02-12 00:02:20.418  4223  4291 I CAM_Camera2CompatAdapterRole: [K_PROCESS]: All available camera ids: [0, 1, 2, 3, 4]
02-12 00:02:20.418  4223  4223 D CAM_Camera@142599089: onStop: isVideoCast = false
02-12 00:02:20.419  4223  4223 D CAM_Camera@142599089: isStreaming: false
02-12 00:02:20.419  4223  4223 D CAM_Camera@142599089: onStop: isStreaming = false
02-12 00:02:20.419  4223  4223 D CAM_BoostFrameworkImpl: stopBoost
02-12 00:02:20.419   857   888 I mtk_audio_hw_hal: legacy_adev_open: us cal file access OK: vendor.audio.chk.cal.vib.z
02-12 00:02:20.419  4223  4223 D CAM_Camera@142599089: onStop end
02-12 00:02:20.420   857   888 D AudioALSAHardware: +setParameters(): ultrasound-proximity=0
02-12 00:02:20.424  4223  4223 D CAM_Camera@142599089: IsMultiCamera: false
02-12 00:02:20.428  4223  4291 E VendorTagDescriptor: lookupTag: Tag name 'cameraid.role.cameraIds' does not exist.
02-12 00:02:20.428  2892  2898 W ogle.android.as: Reducing the number of considered missed Gc histogram windows from 408 to 100
02-12 00:02:20.429  4223  4291 W VendorTagHelper: VTNF: com.xiaomi.cameraid.role.cameraIds
02-12 00:02:20.430  4223  4223 D CAM_Camera@142599089: onLifeStop 13
02-12 00:02:20.431  1889  2529 D WallpaperService: onVisibilityChanged(true): com.android.systemui.wallpapers.ImageWallpaper$CanvasEngine@cb9648e
02-12 00:02:20.431  4223  4291 E VendorTagDescriptor: lookupTag: Tag name 'cameraid.role.cameraIds' does not exist.
02-12 00:02:20.431  4223  4291 W VendorTagHelper: VTNF: com.xiaomi.cameraid.role.cameraIds
02-12 00:02:20.432  4223  4223 D CAM_Camera@142599089: onLifeStop 241
02-12 00:02:20.432  4223  4223 D CAM_FragmentBottomAction: onStop
02-12 00:02:20.433  4223  4291 E VendorTagDescriptor: lookupTag: Tag name 'cameraid.role.cameraIds' does not exist.
02-12 00:02:20.433  4223  4291 W VendorTagHelper: VTNF: com.xiaomi.cameraid.role.cameraIds
02-12 00:02:20.434  4223  4223 D CAM_Camera@142599089: onLifeStop 244
02-12 00:02:20.434  4223  4291 E VendorTagDescriptor: lookupTag: Tag name 'cameraid.role.cameraIds' does not exist.
02-12 00:02:20.434  4223  4291 W VendorTagHelper: VTNF: com.xiaomi.cameraid.role.cameraIds
02-12 00:02:20.440  4223  4291 E VendorTagDescriptor: lookupTag: Tag name 'cameraid.role.cameraIds' does not exist.
02-12 00:02:20.441  4223  4291 W VendorTagHelper: VTNF: com.xiaomi.cameraid.role.cameraIds
02-12 00:02:20.442  1889  1889 W View    : requestLayout() improperly called by com.android.keyguard.CarrierText{6b474bf V.ED..... ..S...ID 42,0-504,100 #7f0a044c app:id/keyguard_carrier_text} during layout: running second layout pass
02-12 00:02:20.442  1889  1889 W View    : requestLayout() improperly called by com.android.systemui.util.AutoMarqueeTextView{122178c V.ED..... ..S...ID 0,0-308,50 #7f0a055e app:id/mobile_carrier_text} during layout: running second layout pass
02-12 00:02:20.445  4223 12521 D CAM_Camera2CompatAdapterRole: E: initCameraCapabilitiesAsync()
02-12 00:02:20.446  4223 12521 D CAM_Camera2CompatAdapter: E: initCameraCapabilitiesByCameraId(): 0
02-12 00:02:20.446  4223  4291 D CAM_ReprocessorFactory: getReprocessor: type = ISP_INTERFACE
02-12 00:02:20.451 12556 12556 I         : [ELUS] Opened device elliptic0
02-12 00:02:20.483   888   888 I         : mtk_scp_ultra_engine_state_set() new state=2, memdl=7, memul=15
02-12 00:02:20.485     0     0 I         : [    C0] ultra_ipi_ack_handler(), ipi_ack_return(2), ipi_ack_id(6)
02-12 00:02:20.452  4223  4291 D CAM_Camera2CompatAdapterRole: X: init()
02-12 00:02:20.452  4223  4291 D CAM_Camera2CompatAdapter: Warning: getCurrentCameraCapabilities(): mCurrentOpenedCameraId is invalid.
02-12 00:02:20.452  4223  4291 D CAM_ReleaseCameraCallable: X: releaseCamera: cid = 0
02-12 00:02:20.452  4223  4323 D CAM_Camera2OpenManager: X: releaseAllCamerasAndWait
02-12 00:02:20.452  4223  4323 D CAM_RenderEngineAdapter: releaseCameraScreenNail
02-12 00:02:20.452  4223 12519 D CAM_STScreenNail: releaseSurfaceTexture: mHasTexture = true
02-12 00:02:20.454  4223 12519 I CAM_Camera2Module: [CAM_PERF]onSurfaceTextureReleased: no further preview frame will be available
02-12 00:02:20.454  4223 12519 V CAM_CameraScreenNail: release: state=NONE
02-12 00:02:20.454  4223  4291 D CAM_ThreadUtils: X: invokeAtFrontUninterruptibly#call
02-12 00:02:20.454  4223  4291 D CAM_CloseCameraCallable: E: cid: null
02-12 00:02:20.454  4223  4291 I CAM_CloseCameraCallable: [K_PROCESS]: E: closeCamera: cid = null, excludes = []
02-12 00:02:20.454  4223  4291 D CAM_CloseCameraCallable: closeCamera: cid = 0
02-12 00:02:20.454  4223  4291 V CAM_MiCamera2: E: releasePreview: reason = 0
02-12 00:02:20.454  4223  4291 W CAM_MiCamera2: X: releasePreview: null session
02-12 00:02:20.454  4223  4291 V CAM_MiCamera2: E: resetConfigs
02-12 00:02:20.454  4223  4291 V CAM_MiCamera2: X: resetConfigs
02-12 00:02:20.455  4223  4291 I CAM_MiCamera2: [K_PROCESS]: [CAM_PERF]E: close: cameraId = 0, reason = 0
02-12 00:02:20.455  1054 11372 D Camera2ClientBase: Camera 0: start to disconnect
02-12 00:02:20.455  1054 11372 D Camera2ClientBase: Camera 0: serializationLock acquired
02-12 00:02:20.455  1054 11372 D Camera2ClientBase: Camera 0: Shutting down
02-12 00:02:20.455  1054 11372 D Camera2ClientBase: Camera 0: start to cacheDump
02-12 00:02:20.457  4223  4223 D CAM_Camera@142599089: onLifeStop 242
02-12 00:02:20.457  4223  4223 D CAM_Camera@142599089: onLifeStop 243
02-12 00:02:20.458  4223  4223 D CAM_Camera@142599089: onLifeStop 4084
02-12 00:02:20.459  1889  1889 I KeyguardTransitionRepository: STARTED transition: TransitionStep(from=OCCLUDED, to=LOCKSCREEN, value=0.0, transitionState=STARTED, ownerName=FromOccludedTransitionInteractor)
02-12 00:02:20.459  4223  4223 D CAM_ActivityBase: onStop -
02-12 00:02:20.492   888   888 I         : ultra_ipi_send(), ipi_id=6,ret=1,need_ack=1,ack_return=2,ack_id=6
02-12 00:02:20.492   888   888 I         : snd_scp_ultra snd_scp_ultra: mtk_scp_ultra_pcm_stop() dl_if=7,ul_if=15
02-12 00:02:20.492   888   888 I mt6895-audio 1e100000.mt6895-afe-pcm: mt6895_fe_trigger(), VUL3 cmd 0, irq_id 17, is_afe_need_triggered 0, no_period_wakeup 1
02-12 00:02:20.492   888   888 I mt6895-audio 1e100000.mt6895-afe-pcm: mt6895_fe_trigger(), DL7 cmd 0, irq_id 6, is_afe_need_triggered 0, no_period_wakeup 1
02-12 00:02:20.492   888   888 I mt6895-audio 1e100000.mt6895-afe-pcm: mtk_afe_fe_hw_free(), VUL3, use_adsp_share_mem 0, using_sram 1, use_dram_only 0, dma_addr 0x000000001e102000, dma_area 0000000056748373, dma_bytes 0xf00, vow_barge_in_enable 0
02-12 00:02:20.492   888   888 I mt6895-audio 1e100000.mt6895-afe-pcm: mtk_audio_sram_free(), user 0000000032674401
02-12 00:02:20.493   888   888 I         : mt6368-sound mt6368-sound: mt_mtkaif_tx_event(), event = 0x8
02-12 00:02:20.493   888   888 I         : mt6368-sound mt6368-sound: mt_pga_l_event(), event = 0x8, mic_type 3, mic_gain_l 0, mux_pga 1
02-12 00:02:20.493   888   888 I         : mt6368-sound mt6368-sound: mt_pga_r_event(), event = 0x8, mic_type 3, mic_gain_r 0, mux_pga 1
02-12 00:02:20.494   888   888 I mt6895-audio 1e100000.mt6895-afe-pcm: mtk_adda_ul_event(), name ADDA Capture Enable, event 0x8, mtkaif_dmic 0
02-12 00:02:20.495   888   888 I mt6895-audio 1e100000.mt6895-afe-pcm: mtk_afe_fe_hw_free(), DL7, use_adsp_share_mem 0, using_sram 1, use_dram_only 0, dma_addr 0x000000001e103000, dma_area 00000000b92f15bc, dma_bytes 0x4000, vow_barge_in_enable 0
02-12 00:02:20.495   888   888 I mt6895-audio 1e100000.mt6895-afe-pcm: mtk_audio_sram_free(), user 00000000854c9571
02-12 00:02:20.495   888   888 I speaker_amp 6-0034: tfa98xx_mute: state: 1
02-12 00:02:20.495   888   888 I speaker_amp 6-0034: tfa98xx_mute: playback=1, capture=0
02-12 00:02:20.495   888   888 I [TFA9874] tfa98xx_send_mute_cmd(): send mute command to host DSP.
02-12 00:02:20.495   888   888 I         : mtk_spk_send_ipi_buf_to_dsp(), callfinal and playback are not enable
02-12 00:02:20.461  1104  4335 I libmtkperf_client: [perf_lock_acq] hdl: 0, dur: 500, num: -5476376640644838256, tid: 4
02-12 00:02:20.461  1104  4335 E mtkcam_hal_android.device: [0-a-session::flush] failed to flush MtkCameraDeviceSession (flush){#2244:vendor/mediatek/proprietary/hardware/mtkcam-android/main/hal/android/device/3.x/ACameraDeviceSession.cpp}
02-12 00:02:20.461  1104  4335 W libmtkcam_hal_hidl_common: [mapToHidlCameraStatus] mapToHidlCameraStatus [19 No such device]
02-12 00:02:20.461  1054 11372 E CameraDeviceClient: detachDevice: flush failed with code 0xffffffda
02-12 00:02:20.461  1054 11372 I Camera3-Device: disconnectImpl: E
02-12 00:02:20.461  1104  1310 D ULogGuard: Monitoring: 7 threads, 0 requests, 0 time-bombs; 2 guards. ResetFlags = 0x7
02-12 00:02:20.462  1104  4335 I libmtkperf_client: [perf_lock_acq] hdl: 0, dur: 1000, num: -5476376640644825104, tid: 4
02-12 00:02:20.463  4223 12521 D CAM_CameraCapabilities: QuickShotDelayTime tag not defined
02-12 00:02:20.463  4223 12521 D CAM_CameraCapabilities: HQQuickShot: mFeatureMask: 0   mDelayTimeMask: 0
02-12 00:02:20.463  4223 12521 D CAM_CameraCapabilities: MiviSuperNight: mSuperNightMask: 1
02-12 00:02:20.463  4223 12521 D CAM_CameraCapabilities: getBeautyVersionData: 3 ,beautyVersion: 3 ,beautyAlgo: 1
02-12 00:02:20.463  4223 12521 D CAM_Camera2CompatAdapter: X: initCameraCapabilitiesByCameraId(): 0
02-12 00:02:20.463  4223 12521 D CAM_Camera2CompatAdapter: E: initCameraCapabilitiesByCameraId(): 1
02-12 00:02:20.467  1889  1889 D DeviceEntryIconViewBinder: Initializing device entry fgIconView
02-12 00:02:20.467  1104  4335 D MTK_3A  : [do_algo_reset][0] Error, unsupport platform:0
02-12 00:02:20.467  1104  4335 D MTK_3A  : [ae_dump_reset][0] dump handle is NULL
02-12 00:02:20.468  1104  4335 D AE_PIPE : [do_pipe_reset][0] Error, unsupport platform:0
02-12 00:02:20.469  1104  4335 D MTK_3A  : [ae_sync_reset]
02-12 00:02:20.506  4335  4335 I flashlight: _flashlight_ioctl: flashlight_ioctl arg (0),channel0),type(0),ct(0),part(0),cmd (-2147200074)
02-12 00:02:20.508  4335  4335 I         : dw9800v [dw9800v_close] dw9800v_close
02-12 00:02:20.508 12254 12254 I         : dw9800v [dw9800v_power_off] dw9800v_power_off
02-12 00:02:20.508  4335  4335 I flashlight: _flashlight_ioctl: flashlight_ioctl arg (0),channel0),type(0),ct(0),part(0),cmd (-1073458217)
02-12 00:02:20.508  4335  4335 I flashlight: _flashlight_ioctl: FLASH_IOC_SET_SCENARIO(0,0,0): 0
02-12 00:02:20.508  4335  4335 I         : No such command and arg(0): (215, 0)
02-12 00:02:20.508  4335  4335 I         : ktd2687_close
02-12 00:02:20.509  9760  9760 I         : ktd2687_suspend 920
02-12 00:02:20.509  9760  9760 I         : pin(0) state(0)
02-12 00:02:20.509  4335  4335 I flashlight: flashlight_release: Release(0,0,0)
02-12 00:02:20.509  4335  4335 I flashlight: flashlight_release: Release(0,1,0)
02-12 00:02:20.472  1104  4335 E StrobeDrvV4l2: open /sys/class/thermal/thermal_message/flash_state fail
02-12 00:02:20.472  1104  4335 D HW_INTEG: [20210811] Reset sensor index = 0
02-12 00:02:20.509  4335  4335 I         : [xagas5kgw1][close] E
02-12 00:02:20.509  4335  4335 I         : [xagas5kgw1][streaming_control] streaming_enable(0=Sw Standby,1=streaming): 0
02-12 00:02:20.509  4335  4335 E imgsensor 8-0010: [do_hw_power_off] op->data =0, ent->val = 4
02-12 00:02:20.514  4335  4335 E imgsensor 8-0010: [do_hw_power_off] op->data =7, ent->val = 24
02-12 00:02:20.515  4335  4335 E imgsensor 8-0010: [do_hw_power_off] op->data =5, ent->val = 1
02-12 00:02:20.480  4223 12521 D CAM_CameraCapabilities: QuickShotDelayTime tag not defined
02-12 00:02:20.480  4223 12521 D CAM_CameraCapabilities: HQQuickShot: mFeatureMask: 0   mDelayTimeMask: 0
02-12 00:02:20.480  4223 12521 D CAM_CameraCapabilities: MiviSuperNight: mSuperNightMask: 1
02-12 00:02:20.480  4223 12521 D CAM_CameraCapabilities: getBeautyVersionData: 3 ,beautyVersion: 3 ,beautyAlgo: 1
02-12 00:02:20.480  4223 12521 D CAM_Camera2CompatAdapter: X: initCameraCapabilitiesByCameraId(): 1
02-12 00:02:20.480  4223 12521 D CAM_Camera2CompatAdapter: E: initCameraCapabilitiesByCameraId(): 2
02-12 00:02:20.516  4335  4335 E imgsensor 8-0010: [do_hw_power_off] op->data =2, ent->val = 1800000
02-12 00:02:20.518  4335  4335 E imgsensor 8-0010: [do_hw_power_off] op->data =11, ent->val = 2800000
02-12 00:02:20.485  1476  4988 D SystemServerTiming: getUserSwitchability-0
02-12 00:02:20.485  1476  4988 D SystemServerTiming: TM.isInCall
02-12 00:02:20.486  1476  3177 D SystemServerTiming: getUserSwitchability-0
02-12 00:02:20.486  1476  3177 D SystemServerTiming: TM.isInCall
02-12 00:02:20.486  1476  4988 D SystemServerTiming: hasUserRestriction-DISALLOW_USER_SWITCH
02-12 00:02:20.486  1476  4988 D SystemServerTiming: getInt-ALLOW_USER_SWITCHING_WHEN_SYSTEM_USER_LOCKED
02-12 00:02:20.486  1476  4988 D SystemServerTiming: isUserUnlocked-USER_SYSTEM
02-12 00:02:20.521  4335  4335 E imgsensor 8-0010: [do_hw_power_off] op->data =13, ent->val = 1000000
02-12 00:02:20.524  4335  4335 E imgsensor 8-0010: [do_hw_power_off] op->data =5, ent->val = 0
02-12 00:02:20.487  1476  3177 D SystemServerTiming: hasUserRestriction-DISALLOW_USER_SWITCH
02-12 00:02:20.487  1476  3177 D SystemServerTiming: getInt-ALLOW_USER_SWITCHING_WHEN_SYSTEM_USER_LOCKED
02-12 00:02:20.487  1476  3177 D SystemServerTiming: isUserUnlocked-USER_SYSTEM
02-12 00:02:20.489  1054 11372 I CameraProviderManager: Camera device device@3.6/internal/0 torch status is now AVAILABLE_OFF
02-12 00:02:20.489  1054 11372 I CameraService: onTorchStatusChangedLocked: Torch status changed for cameraId=0, newStatus=1
02-12 00:02:20.489  1889  2007 D FlashlightController: dispatchAvailabilityChanged(true)
02-12 00:02:20.489  1054 11372 I CameraProviderManager: Camera device device@3.6/internal/2 torch status is now AVAILABLE_OFF
02-12 00:02:20.489  1054 11372 I CameraService: onTorchStatusChangedLocked: Torch status changed for cameraId=2, newStatus=1
02-12 00:02:20.489  1054 11372 I CameraProviderManager: Camera device device@3.6/internal/3 torch status is now AVAILABLE_OFF
02-12 00:02:20.489  1054 11372 I CameraService: onTorchStatusChangedLocked: Torch status changed for cameraId=3, newStatus=1
02-12 00:02:20.490  1054 11372 I CameraProviderManager: Camera device device@3.6/internal/4 torch status is now AVAILABLE_OFF
02-12 00:02:20.490  1054 11372 I CameraService: onTorchStatusChangedLocked: Torch status changed for cameraId=4, newStatus=1
02-12 00:02:20.490  4223  4223 D CAM_ActivityBase: onDestroy +142599089
02-12 00:02:20.490  4223  4223 D CAM_Camera@142599089: onDestroy start
02-12 00:02:20.490  4223  4223 D CAM_BoostFrameworkImpl: startBoost: duration = 500, scene = 6
02-12 00:02:20.490  1104  4335 I libmtkperf_client: [perf_lock_rel] hdl: 233
02-12 00:02:20.490  1104  4335 I libmtkperf_client: [perf_lock_rel] hdl: 233
02-12 00:02:20.490  1104  4335 I libmtkperf_client: [perf_lock_rel] hdl: 233
02-12 00:02:20.490  1104  4335 E mtkcam-debug: [detach] bad cookie: null (detach){#423:vendor/mediatek/proprietary/hardware/mtkcam-core/utils/debug/debug.cpp}
02-12 00:02:20.491  2892  3103 I AiAiEcho: Predicting[0]:  [CONTEXT sampling_count=5 ]
02-12 00:02:20.491  2892  3103 I AiAiEcho: EchoTargets: 
02-12 00:02:20.491  2892  3103 I AiAiEcho: Filtered by AiAi flag check: 
02-12 00:02:20.491  2892  3103 I AiAiEcho: [CONTEXT ratelimit_period="10 SECONDS" ]
02-12 00:02:20.491  1054 11372 I Camera3-Device: disconnectImpl: X
02-12 00:02:20.492  2892  3103 I AiAiEcho: #remoteViewsTwiddler: feature disabled.
02-12 00:02:20.492  2892  2914 I AiAiEcho: Settings changed for uri: content://settings/secure/flashlight_available
02-12 00:02:20.492  2892  3103 I AiAiEcho: Predicting[0]:  [CONTEXT sampling_count=5 ]
02-12 00:02:20.492  2892  3103 I AiAiEcho: EchoTargets: 
02-12 00:02:20.492  2892  3103 I AiAiEcho: Filtered by AiAi flag check: 
02-12 00:02:20.492  2892  3103 I AiAiEcho: [CONTEXT ratelimit_period="10 SECONDS" ]
02-12 00:02:20.493  2892  3103 I AiAiEcho: #remoteViewsTwiddler: feature disabled.
02-12 00:02:20.493  2892  3103 I AiAiEcho: Predicting[0]:  [CONTEXT sampling_count=5 ]
02-12 00:02:20.493  2892  3103 I AiAiEcho: EchoTargets: 
02-12 00:02:20.493  2892  3103 I AiAiEcho: Filtered by AiAi flag check: 
02-12 00:02:20.493  2892  3103 I AiAiEcho: [CONTEXT ratelimit_period="10 SECONDS" ]
02-12 00:02:20.493  2892  3103 I AiAiEcho: #remoteViewsTwiddler: feature disabled.
02-12 00:02:20.493  1054 11372 I CameraService: disconnect: Disconnected client for camera 0 for PID 4223
02-12 00:02:20.493  2892  3103 I AiAiEcho: Predicting[0]:  [CONTEXT sampling_count=5 ]
02-12 00:02:20.493  2892  3103 I AiAiEcho: EchoTargets: 
02-12 00:02:20.493  2892  3103 I AiAiEcho: Filtered by AiAi flag check: 
02-12 00:02:20.493  2892  3103 I AiAiEcho: [CONTEXT ratelimit_period="10 SECONDS" ]
02-12 00:02:20.493  2892  3103 I AiAiEcho: #remoteViewsTwiddler: feature disabled.
02-12 00:02:20.493  2892  3103 I AiAiEcho: Predicting[0]:  [CONTEXT sampling_count=5 ]
02-12 00:02:20.494  2892  3103 I AiAiEcho: EchoTargets: 
02-12 00:02:20.494  2892  3103 I AiAiEcho: Filtered by AiAi flag check: 
02-12 00:02:20.494  2892  3103 I AiAiEcho: [CONTEXT ratelimit_period="10 SECONDS" ]
02-12 00:02:20.494  2892  3103 I AiAiEcho: #remoteViewsTwiddler: feature disabled.
02-12 00:02:20.494  2892  3103 I AiAiEcho: Predicting[0]:  [CONTEXT sampling_count=5 ]
02-12 00:02:20.494  2892  3103 I AiAiEcho: EchoTargets: 
02-12 00:02:20.494  2892  3103 I AiAiEcho: Filtered by AiAi flag check: 
02-12 00:02:20.494  2892  3103 I AiAiEcho: [CONTEXT ratelimit_period="10 SECONDS" ]
02-12 00:02:20.494  2892  3103 I AiAiEcho: #remoteViewsTwiddler: feature disabled.
02-12 00:02:20.494  2892  3103 I AiAiEcho: Predicting[0]:  [CONTEXT sampling_count=5 ]
02-12 00:02:20.494  2892  3103 I AiAiEcho: EchoTargets: 
02-12 00:02:20.494  2892  3103 I AiAiEcho: Filtered by AiAi flag check: 
02-12 00:02:20.494  2892  3103 I AiAiEcho: [CONTEXT ratelimit_period="10 SECONDS" ]
02-12 00:02:20.494  1889  1889 D WallpaperFocalAreaInteractor: Focal area changes to RectF(49.090942, 565.4546, 1030.909, 2157.2725)
02-12 00:02:20.494  2892  3103 I AiAiEcho: #remoteViewsTwiddler: feature disabled.
02-12 00:02:20.495  2892  3103 I AiAiEcho: Predicting[0]:  [CONTEXT sampling_count=5 ]
02-12 00:02:20.495  2892  3103 I AiAiEcho: EchoTargets: 
02-12 00:02:20.495  2892  3103 I AiAiEcho: Filtered by AiAi flag check: 
02-12 00:02:20.495  2892  3103 I AiAiEcho: [CONTEXT ratelimit_period="10 SECONDS" ]
02-12 00:02:20.495  2892  3103 I AiAiEcho: #remoteViewsTwiddler: feature disabled.
02-12 00:02:20.495  2892  3103 I AiAiEcho: #postPredictionTargets: Sending updates to UISurface lockscreen with targets# 0 (types=[])
02-12 00:02:20.495  2892  3103 I AiAiEcho: Predicting[0]:  [CONTEXT sampling_count=5 ]
02-12 00:02:20.496  2892  3103 I AiAiEcho: EchoTargets: 
02-12 00:02:20.496  2892  3103 I AiAiEcho: Filtered by AiAi flag check: 
02-12 00:02:20.496  2892  3103 I AiAiEcho: [CONTEXT ratelimit_period="10 SECONDS" ]
02-12 00:02:20.496  2892  3103 I AiAiEcho: #remoteViewsTwiddler: feature disabled.
02-12 00:02:20.496  2892  3103 I AiAiEcho: Predicting[0]:  [CONTEXT sampling_count=5 ]
02-12 00:02:20.496  2892  3103 I AiAiEcho: EchoTargets: 
02-12 00:02:20.496  2892  3103 I AiAiEcho: Filtered by AiAi flag check: 
02-12 00:02:20.496  2892  3103 I AiAiEcho: [CONTEXT ratelimit_period="10 SECONDS" ]
02-12 00:02:20.497  2892  3103 I AiAiEcho: #remoteViewsTwiddler: feature disabled.
02-12 00:02:20.497  2892  3103 I AiAiEcho: #postPredictionTargets: Sending updates to UISurface home with targets# 0 (types=[])
02-12 00:02:20.497  2892  3103 I AiAiEcho: #postPredictionTargets: Sending updates to UISurface lockscreen with targets# 0 (types=[])
02-12 00:02:20.497  2892  3103 I AiAiEcho: #postPredictionTargets: Sending updates to UISurface home with targets# 0 (types=[])
02-12 00:02:20.498  2892  3103 I AiAiEcho: #postPredictionTargets: Sending updates to UISurface lockscreen with targets# 0 (types=[])
02-12 00:02:20.498  2892  3103 I AiAiEcho: #postPredictionTargets: Sending updates to UISurface home with targets# 0 (types=[])
02-12 00:02:20.498  2892  3103 I AiAiEcho: #postPredictionTargets: Sending updates to UISurface lockscreen with targets# 0 (types=[])
02-12 00:02:20.498  2892  3103 I AiAiEcho: #postPredictionTargets: Sending updates to UISurface home with targets# 0 (types=[])
02-12 00:02:20.498  2892  3103 I AiAiEcho: #postPredictionTargets: Sending updates to UISurface lockscreen with targets# 0 (types=[])
02-12 00:02:20.499  2892  3103 I AiAiEcho: #postPredictionTargets: Sending updates to UISurface home with targets# 0 (types=[])
02-12 00:02:20.500  1889  1889 W SsPagerDots: Total number of pages invalid: 0. Assuming 1 page.
02-12 00:02:20.501  1889  1889 W SsPagerDots: Total number of pages invalid: 0. Assuming 1 page.
02-12 00:02:20.501  4223  4291 V CAM_MiCamera2: E: reset
02-12 00:02:20.501  4223  4291 V CAM_MiCamera2: reset: hashcode:108298479
02-12 00:02:20.501  1889  1889 W SsPagerDots: Total number of pages invalid: 0. Assuming 1 page.
02-12 00:02:20.501  1889  1889 W SsPagerDots: Total number of pages invalid: 0. Assuming 1 page.
02-12 00:02:20.501  4223  4291 V CAM_MiCamera2: X: reset
02-12 00:02:20.501  4223  4291 I CAM_MiCamera2: [K_PROCESS]: [CAM_PERF]X: close: cameraId = 0
02-12 00:02:20.501  4223  4291 I CAM_CloseCameraCallable: [K_PROCESS]: X: closeCamera: cid = null, excludes = []
02-12 00:02:20.501  4223  4291 D CAM_CloseCameraCallable: X: cid: null (dur: 48)
02-12 00:02:20.501  4223  4291 D CAM_CloseCameraCallable: postCallback
02-12 00:02:20.502  4223  4223 D CAM_Camera@142599089: IsMultiCamera: false
02-12 00:02:20.502  4223  4223 D CAM_FML : unRegisterProtocol: Thread name = main
02-12 00:02:20.502  1889  1889 W SsPagerDots: Total number of pages invalid: 0. Assuming 1 page.
02-12 00:02:20.503  1889  1889 D WallpaperRepositoryImpl: sendLockScreenLayoutChangeCommand RectF(49.090942, 565.4546, 1030.909, 2157.2725)
02-12 00:02:20.503  4223  4223 D CAM_ThermalDetector: onDestroy
02-12 00:02:20.503  4223  4223 V CAM_ImageSaver: onHostDestroy
02-12 00:02:20.503  4223  4223 D CAM_RenderEngineAdapter: onDestroy start
02-12 00:02:20.503  4223  4223 D CAM_CameraRenderEngine: onDestroy +
02-12 00:02:20.503  2079  2079 D SsBaseTemplateCard: No text view can be set up
02-12 00:02:20.503  2079  2079 D SsBaseTemplateCard: Passed-in item info is null
02-12 00:02:20.503  2079  2079 D SsBaseTemplateCard: Passed-in item info is null
02-12 00:02:20.503  2079  2079 D SsBaseTemplateCard: Passed-in item info is null
02-12 00:02:20.503  2079  2079 I SsBaseTemplateCard: Secondary card pane is null
02-12 00:02:20.503  4223 12519 D CAM_CameraRenderEngine: onDestroy start on GL Thread
02-12 00:02:20.503  4223 12519 D CRE_EglWindowSurface: EglWindowSurface release start
02-12 00:02:20.504  4223 12519 D CRE_EglCore: destroy Surface -5476376629668305776
02-12 00:02:20.504  1889  1889 D BiometricsRepositoryImpl: currentUser authFlags changed, new value: AuthenticationFlags(userId=0, flag=0)
02-12 00:02:20.504  1889  1889 D BiometricsRepositoryImpl: currentUser authFlags changed, new value: AuthenticationFlags(userId=0, flag=0)
02-12 00:02:20.505  4223 12519 D CAM_SurfaceTextureRender: delete program 3
02-12 00:02:20.505  4223 12519 D CAM_BaseGLCanvas: deleteProgram: 3---com.android.camera.effect.renders.ShaderRender.destroy:3 com.android.camera.effect.renders.RenderGroup.destroy:2 com.android.camera.effect.renders.RenderGroup.destroy:2 
02-12 00:02:20.505  4223 12519 D CAM_BasicRender: delete program 6
02-12 00:02:20.505  4223 12519 D CAM_BaseGLCanvas: deleteProgram: 6---com.android.camera.effect.renders.ShaderRender.destroy:3 com.android.camera.effect.renders.RenderGroup.destroy:2 com.android.gallery3d.ui.GLCanvasImpl.deleteProgram:3 
02-12 00:02:20.505  4223 12519 E libEGL  : call to OpenGL ES API with no current context (logged once per thread)
02-12 00:02:20.505  4223 12519 D CAM_BaseGLCanvas: recycledResources: 3
02-12 00:02:20.505  4223 12519 D CAM_BaseGLCanvas: recycledResources: 6
02-12 00:02:20.505  4223 12519 D CAM_CameraRenderEngine: onDestroy end on GL Thread
02-12 00:02:20.506  4223  4223 D CRE_GLThread: release with thread id:12519 name:CameraRenderThread
02-12 00:02:20.506  4223 12519 D CRE_EglCore: release
02-12 00:02:20.506  4223  4223 D CRE_GLThread: release done
02-12 00:02:20.506  4223  4223 D CAM_CameraRenderEngine: onDestroy -
02-12 00:02:20.506  4223  4223 D CAM_RenderEngineAdapter: onDestroy end
02-12 00:02:20.506  4223  4223 D CAM_BoostFrameworkImpl: stopBoost
02-12 00:02:20.506  4223  4223 D CAM_Camera@142599089: onDestroy end
02-12 00:02:20.506  1889  1889 D BiometricsRepositoryImpl: currentUser authFlags changed, new value: AuthenticationFlags(userId=0, flag=0)
02-12 00:02:20.506  4223  4223 D CAM_Camera@142599089: onLifeDestroy 13
02-12 00:02:20.507  1889  1889 D BiometricsRepositoryImpl: currentUser authFlags changed, new value: AuthenticationFlags(userId=0, flag=0)
02-12 00:02:20.508  1889  1889 D WallpaperFocalAreaInteractor: Focal area changes to RectF(49.090942, 680.00006, 1030.909, 2157.2725)
02-12 00:02:20.508  1889  1889 D BiometricsRepositoryImpl: currentUser authFlags changed, new value: AuthenticationFlags(userId=0, flag=0)
02-12 00:02:20.508  1889  1889 D BiometricsRepositoryImpl: currentUser authFlags changed, new value: AuthenticationFlags(userId=0, flag=0)
02-12 00:02:20.509  1889  1889 D WallpaperRepositoryImpl: sendLockScreenLayoutChangeCommand RectF(49.090942, 680.00006, 1030.909, 2157.2725)
02-12 00:02:20.509  4223  4323 D CAM_CloseCameraCallable: Success: cid: null (dur: 55)
02-12 00:02:20.509  1889  1889 D DeviceEntryIconViewBinder: Updating device entry icon image state ForegroundIconViewModel(type=LOCK, useAodVariant=false, tint=-1908737, padding=48)
02-12 00:02:20.510  4223  4291 I CAM_CameraStateCallback: [K_PROCESS]: onClosed: cid = 0, closing = true
02-12 00:02:20.510  1889  2007 D ControlsListingControllerImpl: Subscribing callback, service count: 0
02-12 00:02:20.510  4223  4323 D CAM_CameraOpenObservable: onClosed: cid = 0, listener = 180037141
02-12 00:02:20.510  4223  4323 D CAM_Camera2OpenManager: onClosed: cid = 0|android.hardware.camera2.impl.CameraDeviceImpl@67480ef
02-12 00:02:20.510  1889  2007 D ControlsListingControllerImpl: Subscribing callback, service count: 0
02-12 00:02:20.510  4223  4323 D CAM_LocalParallelService: onCameraClosed: E. token=108298479
02-12 00:02:20.510  1889  2007 D ControlsListingControllerImpl: Subscribing callback, service count: 0
02-12 00:02:20.511  4223  4223 D WindowOnBackDispatcher: setTopOnBackInvokedCallback (unwrapped): null
02-12 00:02:20.512  2079  2079 D SsBaseTemplateCard: No text view can be set up
02-12 00:02:20.512  2079  2079 D SsBaseTemplateCard: Passed-in item info is null
02-12 00:02:20.512  2079  2079 D SsBaseTemplateCard: Passed-in item info is null
02-12 00:02:20.512  2079  2079 D SsBaseTemplateCard: Passed-in item info is null
02-12 00:02:20.512  2079  2079 I SsBaseTemplateCard: Secondary card pane is null
02-12 00:02:20.512  1476  4988 D CoreBackPreview: Window{67459f9 u0 com.android.camera/com.android.camera.Camera}: Setting back callback null
02-12 00:02:20.513  1889  2007 E QuickAccessWalletKeyguardQuickAffordanceConfig: Wallet card retrieval error, message: "null"
02-12 00:02:20.513  1889  2007 E QuickAccessWalletKeyguardQuickAffordanceConfig: Wallet card retrieval error, message: "null"
02-12 00:02:20.513  1889  2007 E QuickAccessWalletKeyguardQuickAffordanceConfig: Wallet card retrieval error, message: "null"
02-12 00:02:20.517  4223  4323 I CAM_PostProcessor: destroyWhenTasksFinished: com.xiaomi.camera.core.PostProcessor@349d6e5
02-12 00:02:20.518  4223  4323 I CAM_PostProcessor: tryToCloseSession: E. processor: com.xiaomi.camera.core.PostProcessor@349d6e5
02-12 00:02:20.518  4223  4323 I CAM_PostProcessor: tryToCloseSession: STATE_STOPPED
02-12 00:02:20.518  4223  4323 I CAM_LocalParallelService: onPostProcessorClosed: processor: com.xiaomi.camera.core.PostProcessor@349d6e5
02-12 00:02:20.518  4223  4323 D CAM_PostProcessor: finish: E
02-12 00:02:20.518  4223  4323 D CAM_PostProcessor: isIdle: processor = com.xiaomi.camera.core.PostProcessor@349d6e5, taskNum = 0
02-12 00:02:20.518  4223  4323 D CAM_PostProcessor: finish: X
02-12 00:02:20.518  4223  4323 D CAM_PostProcessor: deInit: E
02-12 00:02:20.523  4223  4323 D CAM_PostProcessor: deInit: X
02-12 00:02:20.524  4223  4323 D CAM_BoostFrameworkImpl: stopBoost
02-12 00:02:20.524  4223  4323 I CAM_PostProcessor: tryToCloseSession: X. closed
02-12 00:02:20.525  4223  4323 I CAM_PostProcessor: tryToCloseSession: E. processor: com.xiaomi.camera.core.PostProcessor@349d6e5
02-12 00:02:20.525  4223  4323 D CAM_PostProcessor: tryToCloseSession: X. ignored. state = 3
02-12 00:02:20.525  4223  4323 D CAM_LocalParallelService: onCameraClosed: X
02-12 00:02:20.565   888   888 D [tfa98xx] show_current_state(): Current HW manager state:
02-12 00:02:20.565   888   888 D [tfa98xx] show_current_state(): power_down_state
02-12 00:02:20.565   888   888 I speaker_amp 6-0035: tfa98xx_mute: state: 1
02-12 00:02:20.565   888   888 I speaker_amp 6-0035: tfa98xx_mute: playback=1, capture=0
02-12 00:02:20.565   888   888 I [TFA9874] tfa98xx_send_mute_cmd(): send mute command to host DSP.
02-12 00:02:20.565   888   888 I         : mtk_spk_send_ipi_buf_to_dsp(), callfinal and playback are not enable
02-12 00:02:20.536  4223 12519 D CRE_GLThread: mEglOffscreenSurface and mEglCore release done
02-12 00:02:20.537  4223 12519 D libMEOW : meow delete tls: 0xb40000770c6810c0
02-12 00:02:20.543  4223  4223 D ViewRootImpl: Skipping stats log for color mode
02-12 00:02:20.547  4223 12521 D CAM_CameraCapabilities: QuickShotDelayTime tag not defined
02-12 00:02:20.547  4223 12521 D CAM_CameraCapabilities: HQQuickShot: mFeatureMask: 0   mDelayTimeMask: 0
02-12 00:02:20.547  4223 12521 D CAM_CameraCapabilities: MiviSuperNight: mSuperNightMask: 1
02-12 00:02:20.547  4223 12521 D CAM_CameraCapabilities: getBeautyVersionData: 3 ,beautyVersion: 3 ,beautyAlgo: 1
02-12 00:02:20.547  4223 12521 D CAM_Camera2CompatAdapter: X: initCameraCapabilitiesByCameraId(): 2
02-12 00:02:20.547  4223 12521 D CAM_Camera2CompatAdapter: E: initCameraCapabilitiesByCameraId(): 3
02-12 00:02:20.551  4223  4223 D CAM_Camera@142599089: onLifeDestroy 243
02-12 00:02:20.553  4223  4223 D CAM_Camera@142599089: onLifeDestroy 244
02-12 00:02:20.556  4223  4223 D CAM_Camera@142599089: onLifeDestroy 242
02-12 00:02:20.557  1104 12543 W libutils.threads: Thread (this=0xb40000764e2050d0): don't call join() from this Thread object's thread. It's a guaranteed deadlock!
02-12 00:02:20.557  4223  4223 D CAM_Camera@142599089: onLifeDestroy 4084
02-12 00:02:20.557  4223  4223 D CAM_Camera@142599089: onLifeDestroy 241
02-12 00:02:20.558  4223  4223 D CAM_ActivityBase: onDestroy -
02-12 00:02:20.560  4223  4223 D WindowOnBackDispatcher: setTopOnBackInvokedCallback (unwrapped): null
02-12 00:02:20.560  1476  3176 D CoreBackPreview: Window{69ce48d u0 com.android.camera/com.android.camera.Camera}: Setting back callback null
02-12 00:02:20.564  4223 12521 D CAM_CameraCapabilities: QuickShotDelayTime tag not defined
02-12 00:02:20.564  4223 12521 D CAM_CameraCapabilities: HQQuickShot: mFeatureMask: 0   mDelayTimeMask: 0
02-12 00:02:20.564  4223 12521 D CAM_CameraCapabilities: MiviSuperNight: mSuperNightMask: 1
02-12 00:02:20.564  4223 12521 D CAM_CameraCapabilities: getBeautyVersionData: 3 ,beautyVersion: 3 ,beautyAlgo: 1
02-12 00:02:20.564  4223 12521 D CAM_Camera2CompatAdapter: X: initCameraCapabilitiesByCameraId(): 3
02-12 00:02:20.565  4223 12521 D CAM_Camera2CompatAdapter: E: initCameraCapabilitiesByCameraId(): 4
02-12 00:02:20.565  4223  4223 D ViewRootImpl: Skipping stats log for color mode
02-12 00:02:20.570  1476  1858 D BackgroundInstallControlService: Package event received: 0
02-12 00:02:20.573  4223  4223 D CAM_FragmentTopConfig: getTopAlert(): fragment is not added yet0
02-12 00:02:20.573  4223  4223 D CAM_Camera2ModuleHandler: onMessage MSG_ABANDON_HANDLER setActivity null
02-12 00:02:20.585  4223 12521 D CAM_CameraCapabilities: QuickShotDelayTime tag not defined
02-12 00:02:20.585  4223 12521 D CAM_CameraCapabilities: HQQuickShot: mFeatureMask: 0   mDelayTimeMask: 0
02-12 00:02:20.585  4223 12521 D CAM_CameraCapabilities: MiviSuperNight: mSuperNightMask: 1
02-12 00:02:20.586  4223 12521 D CAM_CameraCapabilities: getBeautyVersionData: 3 ,beautyVersion: 3 ,beautyAlgo: 1
02-12 00:02:20.586  4223 12521 D CAM_Camera2CompatAdapter: X: initCameraCapabilitiesByCameraId(): 4
02-12 00:02:20.586  4223 12521 D CAM_Camera2CompatAdapterRole: X: initCameraCapabilitiesAsync()
02-12 00:02:20.586  4223 12521 D CAM_Camera2CompatAdapterRole: role:   0 ( 68.5) <->  0
02-12 00:02:20.587  4223 12521 D CAM_Camera2CompatAdapterRole: role:   1 ( 71.6) <->  1
02-12 00:02:20.587  4223 12521 D CAM_Camera2CompatAdapterRole: role:  21 ( 95.9) <->  3
02-12 00:02:20.587  4223 12521 D CAM_Camera2CompatAdapterRole: role:  22 ( 70.5) <->  2
02-12 00:02:20.587  4223 12521 D CAM_Camera2CompatAdapterRole: role:  61 ( 68.4) <->  4 = [0, 3]
02-12 00:02:20.597   857   888 D AudioALSAHardwareResourceManager: +stopOutputDevice(), mOutputDevices = 0x2, mStartOutputDevicesCount = 1
02-12 00:02:20.597   857   888 V AudioSmartPaController: speakerOff()
02-12 00:02:20.597   857   888 D AudioSmartPaController: +dspOnBoardSpeakerOff()
02-12 00:02:20.597   857   888 V AudioALSADeviceConfigManager: GetDeviceDescriptorbyname
02-12 00:02:20.597   857   888 V AudioALSADeviceConfigManager: GetDeviceDescriptorbyname() exist devicename = I2S0_HD_OFF
02-12 00:02:20.597   857   888 V AudioALSADeviceConfigManager: setMixerCtl(), cltName = I2S0_HD_Mux, cltValue = Normal, cltType = 2
02-12 00:02:20.597   857   888 V AudioALSADeviceConfigManager: GetDeviceDescriptorbyname
02-12 00:02:20.597   857   888 V AudioALSADeviceConfigManager: GetDeviceDescriptorbyname() exist devicename = I2S3_HD_OFF
02-12 00:02:20.597   857   888 V AudioALSADeviceConfigManager: setMixerCtl(), cltName = I2S3_HD_Mux, cltValue = Normal, cltType = 2
02-12 00:02:20.597   857   888 D AudioDspStreamManager: +stopDevice() Devices 0x2 mOutputDeviceCount 0x1
02-12 00:02:20.597   857   888 D AudioDspStreamManager: needStopBleDlTask ret = 0 mDspBleDlStreamState = 0 mDspTaskBleDlActive[0] dspstartflag[0]
02-12 00:02:20.597   857   888 D AudioDspStreamManager: needStopA2dpTask ret = 0 mDspA2DPStreamState = 0 mDspTaskA2DPActive[0] dspstartflag[0]
02-12 00:02:20.597   857   888 D AudioDspStreamManager: needStopPlaybackTask ret = 0, force: 1, mDspTaskPlaybackActive[0] dspstartflag[0]
02-12 00:02:20.597   857   888 D AudioDspStreamManager: -stopDevice() Devices 0x2
02-12 00:02:20.597   857   888 D AudioALSAHardwareResourceManager: notifyOutputDeviceStatusChange(), device = 2, status = 1, sampleRate = 0, mOpenSpeakerPathCount = 0
02-12 00:02:20.597   857   888 D AudioALSAStreamManager: speakerStatusChangeCb(), status = 1, sampleRate = 0
02-12 00:02:20.597   857   888 D AudioALSAVoiceWakeUpController: updateSpeakerPlaybackStatus(), isSpeakerPlaying = 0
02-12 00:02:20.597   857   888 V AudioALSAHardwareResourceManager: disableTurnOnSequence(), sequence: SPK_OUT_DEVICE_CTRL_PRE_PMU
02-12 00:02:20.597   857   888 V AudioALSADeviceConfigManager: GetDeviceDescriptorbyname
02-12 00:02:20.597   857   888 V AudioALSADeviceConfigManager: GetDeviceDescriptorbyname() exist devicename = SPK_OUT_DEVICE_CTRL_PRE_PMU
02-12 00:02:20.597   857   888 D AudioALSADeviceConfigManager: ApplyDeviceTurnoffSequenceByName(), DeviceName = SPK_OUT_DEVICE_CTRL_PRE_PMU descriptor->DeviceStatusCounter = 1
02-12 00:02:20.597   857   888 V AudioALSADeviceConfigManager: ApplyDeviceTurnoffSequenceByName(), cltname = Left TFA Profile cltvalue = stereo
02-12 00:02:20.633   888   888 D [tfa98xx] show_current_state(): Current HW manager state:
02-12 00:02:20.597   857   888 V AudioALSADeviceConfigManager: setMixerCtl(), cltName = Left TFA Profile, cltValue = stereo, cltType = 2
02-12 00:02:20.597   857   888 V AudioALSAHardwareResourceManager: disableTurnOnSequence(), sequence: 
02-12 00:02:20.597   857   888 D AudioALSAHardwareResourceManager: +stopInputDevice_l(), mInputDevice = 0x80000004, stop_device = 0x80000004, mStartInputDeviceCount = 1, mMicInverse = 0, mNumPhoneMicSupport = 2
02-12 00:02:20.597   857   888 V AudioALSAHardwareResourceManager: disableTurnOnSequence(), sequence: builtin_Mic_DualMic
02-12 00:02:20.597   857   888 V AudioALSADeviceConfigManager: GetDeviceDescriptorbyname
02-12 00:02:20.597   857   888 V AudioALSADeviceConfigManager: GetDeviceDescriptorbyname() exist devicename = builtin_Mic_DualMic
02-12 00:02:20.597   857   888 D AudioALSADeviceConfigManager: ApplyDeviceTurnoffSequenceByName(), DeviceName = builtin_Mic_DualMic descriptor->DeviceStatusCounter = 1
02-12 00:02:20.597   857   888 V AudioALSADeviceConfigManager: ApplyDeviceTurnoffSequenceByName(), cltname = ADC_L_Mux cltvalue = Idle
02-12 00:02:20.597   857   888 V AudioALSADeviceConfigManager: setMixerCtl(), cltName = ADC_L_Mux, cltValue = Idle, cltType = 2
02-12 00:02:20.597   857   888 V AudioALSADeviceConfigManager: ApplyDeviceTurnoffSequenceByName(), cltname = ADC_R_Mux cltvalue = Idle
02-12 00:02:20.597   857   888 V AudioALSADeviceConfigManager: setMixerCtl(), cltName = ADC_R_Mux, cltValue = Idle, cltType = 2
02-12 00:02:20.598   857   888 V AudioALSADeviceConfigManager: ApplyDeviceTurnoffSequenceByName(), cltname = PGA_L_Mux cltvalue = None
02-12 00:02:20.598   857   888 V AudioALSADeviceConfigManager: setMixerCtl(), cltName = PGA_L_Mux, cltValue = None, cltType = 2
02-12 00:02:20.598   857   888 V AudioALSADeviceConfigManager: ApplyDeviceTurnoffSequenceByName(), cltname = PGA_R_Mux cltvalue = None
02-12 00:02:20.598   857   888 V AudioALSADeviceConfigManager: setMixerCtl(), cltName = PGA_R_Mux, cltValue = None, cltType = 2
02-12 00:02:20.598   857   888 V AudioALSADeviceConfigManager: ApplyDeviceTurnoffSequenceByName(), cltname = UL_SRC_MUX cltvalue = AMIC
02-12 00:02:20.598   857   888 V AudioALSADeviceConfigManager: setMixerCtl(), cltName = UL_SRC_MUX, cltValue = AMIC, cltType = 2
02-12 00:02:20.598   857   888 V AudioALSADeviceConfigManager: ApplyDeviceTurnoffSequenceByName(), cltname = UL2_SRC_MUX cltvalue = AMIC
02-12 00:02:20.598   857   888 V AudioALSADeviceConfigManager: setMixerCtl(), cltName = UL2_SRC_MUX, cltValue = AMIC, cltType = 2
02-12 00:02:20.598   857   888 D AudioALSAUltrasoundOutOfCallController: stopInternal(),mOpenedOutputDevice=0x2, mTargetOutputDevice=0x2, mOpenedInputDevice=0x80000004, mTargetInputDevice=0x80000004
02-12 00:02:20.598   857   888 V AudioALSADeviceConfigManager: GetDeviceDescriptorbyname
02-12 00:02:20.598   857   888 V AudioALSADeviceConfigManager: GetDeviceDescriptorbyname() exist devicename = PLAYBACK7_TO_I2S3
02-12 00:02:20.598   857   888 D AudioALSADeviceConfigManager: ApplyDeviceTurnoffSequenceByName(), DeviceName = PLAYBACK7_TO_I2S3 descriptor->DeviceStatusCounter = 1
02-12 00:02:20.598   857   888 V AudioALSADeviceConfigManager: ApplyDeviceTurnoffSequenceByName(), cltname = I2S3_CH1 DL7_CH1 cltvalue = 0
02-12 00:02:20.598   857   888 V AudioALSADeviceConfigManager: setMixerCtl(), cltName = I2S3_CH1 DL7_CH1, cltValue = 0, cltType = 0
02-12 00:02:20.598   857   888 V AudioALSADeviceConfigManager: setMixerCtlValue(), charCltName = I2S3_CH1 DL7_CH1, charCtlValue = 0
02-12 00:02:20.598   857   888 V AudioALSADeviceConfigManager: ApplyDeviceTurnoffSequenceByName(), cltname = I2S3_CH2 DL7_CH2 cltvalue = 0
02-12 00:02:20.598   857   888 V AudioALSADeviceConfigManager: setMixerCtl(), cltName = I2S3_CH2 DL7_CH2, cltValue = 0, cltType = 0
02-12 00:02:20.598   857   888 V AudioALSADeviceConfigManager: setMixerCtlValue(), charCltName = I2S3_CH2 DL7_CH2, charCtlValue = 0
02-12 00:02:20.598   857   888 V AudioALSADeviceConfigManager: GetDeviceDescriptorbyname
02-12 00:02:20.598   857   888 V AudioALSADeviceConfigManager: GetDeviceDescriptorbyname() exist devicename = ADDA_TO_CAPTURE5
02-12 00:02:20.598   857   888 D AudioALSADeviceConfigManager: ApplyDeviceTurnoffSequenceByName(), DeviceName = ADDA_TO_CAPTURE5 descriptor->DeviceStatusCounter = 1
02-12 00:02:20.598   857   888 V AudioALSADeviceConfigManager: ApplyDeviceTurnoffSequenceByName(), cltname = UL5_CH1 ADDA_UL_CH1 cltvalue = 0
02-12 00:02:20.598   857   888 V AudioALSADeviceConfigManager: setMixerCtl(), cltName = UL5_CH1 ADDA_UL_CH1, cltValue = 0, cltType = 0
02-12 00:02:20.598   857   888 V AudioALSADeviceConfigManager: setMixerCtlValue(), charCltName = UL5_CH1 ADDA_UL_CH1, charCtlValue = 0
02-12 00:02:20.598   857   888 V AudioALSADeviceConfigManager: ApplyDeviceTurnoffSequenceByName(), cltname = UL5_CH2 ADDA_UL_CH2 cltvalue = 0
02-12 00:02:20.598   857   888 V AudioALSADeviceConfigManager: setMixerCtl(), cltName = UL5_CH2 ADDA_UL_CH2, cltValue = 0, cltType = 0
02-12 00:02:20.598   857   888 V AudioALSADeviceConfigManager: setMixerCtlValue(), charCltName = UL5_CH2 ADDA_UL_CH2, charCtlValue = 0
02-12 00:02:20.598   857   888 V AudioALSADeviceConfigManager: GetDeviceDescriptorbyname
02-12 00:02:20.598   857   888 V AudioALSADeviceConfigManager: GetDeviceDescriptorbyname() exist devicename = ultrasound-proximity
02-12 00:02:20.598   857   888 D AudioALSADeviceConfigManager: ApplyDeviceTurnoffSequenceByName(), DeviceName = ultrasound-proximity descriptor->DeviceStatusCounter = 0
02-12 00:02:20.598   857   888 W AudioALSADeviceConfigManager: ApplyDeviceTurnoffSequenceByName(), DeviceName = ultrasound-proximity DeviceStatusCounter < 0
02-12 00:02:20.598   857   888 V AudioALSADeviceConfigManager: GetDeviceDescriptorbyname
02-12 00:02:20.598   857   888 V AudioALSADeviceConfigManager: GetDeviceDescriptorbyname() exist devicename = ultrasound-proximity-speaker
02-12 00:02:20.598   857   888 D AudioALSADeviceConfigManager: ApplyDeviceTurnoffSequenceByName(), DeviceName = ultrasound-proximity-speaker descriptor->DeviceStatusCounter = 1
02-12 00:02:20.598   857   888 V AudioALSADeviceConfigManager: ApplyDeviceTurnoffSequenceByName(), cltname = Ultrasound Mode cltvalue = 0
02-12 00:02:20.598   857   888 V AudioALSADeviceConfigManager: setMixerCtl(), cltName = Ultrasound Mode, cltValue = 0, cltType = 1
02-12 00:02:20.598   857   888 V AudioALSADeviceConfigManager: setMixerCtlValue(), charCltName = Ultrasound Mode, charCtlValue = 0
02-12 00:02:20.633   888   888 D [tfa98xx] show_current_state(): power_down_state
02-12 00:02:20.633   888   888 I mt6895-audio 1e100000.mt6895-afe-pcm: mtk_i2s_en_event(), name I2S3_EN, event 0x8
02-12 00:02:20.634   888   888 I mt6895-audio 1e100000.mt6895-afe-pcm: mtk_i2s_hd_en_event(), name I2S3_HD_EN, event 0x8
02-12 00:02:20.634   888   888 I mt6895-audio 1e100000.mt6895-afe-pcm: mtk_mclk_en_event(), name I2S3_MCLK_EN, event 0x8
02-12 00:02:20.634   888   888 I mt6895-audio 1e100000.mt6895-afe-pcm: mtk_apll_event(), name APLL2, event 0x8
02-12 00:02:20.634   101   101 I mt6895-audio 1e100000.mt6895-afe-pcm: mt6895_afe_runtime_suspend()
02-12 00:02:20.634   101   101 I mt6895-audio 1e100000.mt6895-afe-pcm: mt6895_afe_disable_clock()
02-12 00:02:20.634   888   888 I mt6895-audio 1e100000.mt6895-afe-pcm: mt6895_i2s_hd_set(), kcontrol name I2S0_HD_Mux, hd_en 0
02-12 00:02:20.634   888   888 I mt6895-audio 1e100000.mt6895-afe-pcm: mt6895_i2s_hd_set(), kcontrol name I2S3_HD_Mux, hd_en 0
02-12 00:02:20.635   888   888 I         : mtk_scp_ultra_engine_state_set() new state=3, memdl=7, memul=15
02-12 00:02:20.635     0     0 I         : [    C0] [ELUS] Got data via ipi, counter:203 parameter_id:3 len:16
02-12 00:02:20.636     0     0 I         : [    C0] ultra_ipi_ack_handler(), ipi_ack_return(2), ipi_ack_id(0)
02-12 00:02:20.648   888   888 I         : ultra_ipi_send(), ipi_id=0,ret=1,need_ack=1,ack_return=2,ack_id=0
02-12 00:02:20.615   857   888 D UltrasoundOutOfCallManager: HandleUsecaseRequest(), Id:0, Enable:0, status:0
02-12 00:02:20.615   857   888 D AudioALSAHardware: -setParameters(): ultrasound-proximity=0
02-12 00:02:20.616   891   921 D elliptic_notify_audio_hal_hidl: successfully set value: ultrasound-proximity=0
02-12 00:02:20.616   857   888 D mtk_audio_hw_hal: gAudioHALRefCountByClient - 1
02-12 00:02:20.616   891   921 W Elliptic: ioNotify.h(65) : W : AudioNotify: disable >> ultrasound-proximity=0
02-12 00:02:20.616   891   921 D elliptic_notify_audio_hal_hidl: setting value: ultrasound-proximity=1
02-12 00:02:20.618   857  2211 V AudioALSAHardware: Creating MTK AudioHardware
02-12 00:02:20.618   857  2211 D mtk_audio_hw_hal: gAudioHALRefCountByClient + 2
02-12 00:02:20.618   857  2211 V AudioALSAHardware: Creating MTK AudioHardware
02-12 00:02:20.618   857  2211 D audio_hw_con: audio_hal_con_thread_start server was started
02-12 00:02:20.619   857  2211 I mtk_audio_hw_hal: legacy_adev_open: spk cal file access OK: /mnt/vendor/persist/audio/tfa9894_chk.txt
02-12 00:02:20.619   857  2211 I mtk_audio_hw_hal: legacy_adev_open: us cal file access OK: vendor.audio.chk.cal.us
02-12 00:02:20.620   857  2211 I mtk_audio_hw_hal: legacy_adev_open: us cal file access OK: vendor.audio.chk.cal.vib.f0
02-12 00:02:20.620   857  2211 I mtk_audio_hw_hal: legacy_adev_open: us cal file access OK: vendor.audio.chk.cal.vib.z
02-12 00:02:20.624   857  2211 D AudioALSAHardware: +setParameters(): ultrasound-proximity=1
02-12 00:02:20.624   857  2211 V AudioALSADeviceConfigManager: GetDeviceDescriptorbyname
02-12 00:02:20.624   857  2211 V AudioALSADeviceConfigManager: GetDeviceDescriptorbyname() exist devicename = ultrasound-proximity
02-12 00:02:20.624   857 12562 D AudioALSAUltrasoundOutOfCallController: thread delayStartUsndThread_857_12562 created. setpriority ANDROID_PRIORITY_AUDIO done
02-12 00:02:20.624   857  2211 D AudioALSADeviceConfigManager: ApplyDeviceTurnonSequenceByName() DeviceName = ultrasound-proximity descriptor->DeviceStatusCounte = 0
02-12 00:02:20.625   857  2211 V AudioALSADeviceConfigManager: cltname = Ultrasound Mode cltvalue = 1178
02-12 00:02:20.625   857  2211 V AudioALSADeviceConfigManager: setMixerCtl(), cltName = Ultrasound Mode, cltValue = 1178, cltType = 1
02-12 00:02:20.625   857  2211 V AudioALSADeviceConfigManager: setMixerCtlValue(), charCltName = Ultrasound Mode, charCtlValue = 1178
02-12 00:02:20.625   857 12561 D AudioALSAUltrasoundOutOfCallController: thread muteDlForRoutingThread_857_12561 created. setpriority ANDROID_PRIORITY_AUDIO done
02-12 00:02:20.663  2211  2211 I         : mtk_scp_ultra_engine_state_set() new state=0, memdl=7, memul=15
