02-12 00:02:17.236  4223  4323 D CAM_ZoomManager: applyZoomRatio(): apply zoom ratio to device = 1.0
02-12 00:02:17.236  4223  4323 V CAM_CameraConfigManager: setZoomRatio(): 1.0
02-12 00:02:17.236  4223  4323 D CAM_CameraConfigs: zoom ratio diff: 0.0
02-12 00:02:17.236  4223  4323 D CAM_MiCamera2: setModuleParameter: com.android.camera.module.BaseModule.updateModuleRelated:1 com.android.camera.module.Camera2Module.consumePreference:30 com.android.camera.features.mode.capture.CaptureModule.consumePreference:1 com.android.camera.module.BaseModule.updatePreferenceTrampoline:1 com.android.camera.module.Camera2Module.onCameraOpened:14 
02-12 00:02:17.236  4223  4223 D CAM_FragmentTopConfig: getTopAlert(): fragment is null0
02-12 00:02:17.236  4223  4323 D CAM_CaptureModule: change raw callback to se
02-12 00:02:17.236  4223  4323 D CAM_CaptureModule: isSatMultipleRawUseCase: isSuperNightOn = false, rawCallback=32
02-12 00:02:17.236  4223  4223 D CAM_Camera2DataContainer: Currently user selected zoom ratio is 1.0
02-12 00:02:17.236  4223  4323 W CAM_MiCamera2: returned a null PreviewCaptureResult, mState is 0
02-12 00:02:17.236  4223  4223 D CAM_Camera2DataContainer: getActualOpenCameraId: mode=a3, id=0->0
02-12 00:02:17.236  4223  4323 D CAM_Camera2Module: shouldDoMultiFrameCapture: shouldDoSR: false, isMotionExisted: false, isSuperNightSePriority: false
02-12 00:02:17.236  4223  4323 D CAM_Camera2Module: shouldDoMultiFrameCapture: false | false
02-12 00:02:17.237  4223  4323 D CAM_CaptureModule: change raw callback to se
02-12 00:02:17.237  4223  4223 D CAM_FragmentTopConfig: getTopAlert(): fragment is null0
02-12 00:02:17.237  4223  4323 D CAM_ShotTypeHandler: capture shot type could handle
02-12 00:02:17.237  4223  4223 D CAM_FragmentTopConfig: getTopAlert(): fragment is null0
02-12 00:02:17.237  4223  4323 D CAM_Camera2Module: enableParallel=true enableShot2Gallery=false shotType=5
02-12 00:02:17.237  4223  4323 D CAM_CameraConfigManager: setShotType: algo=5
02-12 00:02:17.237  4223  4323 D CAM_CameraConfigManager: setShot2Gallery: isShot2Gallery=false
02-12 00:02:17.237  4223  4323 D CAM_Camera2Module: HQQuickShot | needMixQuickShot:false, isMixQuickShotSupport:false
02-12 00:02:17.237  4223  4323 D CAM_CaptureModule: change raw callback to se
02-12 00:02:17.237  4223  4323 D CAM_Camera2Module: updateSize: use JPEG as preferred output image format
02-12 00:02:17.237  4223  4323 I CAM_ModuleDevice: [K_PROCESS]: getOperatingMode: SESSION_OPERATION_MODE_ALGO_UP_NORMAL
02-12 00:02:17.237  4223  4323 D CAM_CameraSizeManager: updateSize: The best sensor raw image size: 4640x2612
02-12 00:02:17.237  4223  4323 W CAM_PictureSizeMg: find normal accuracy size
02-12 00:02:17.237  4223  4323 W CAM_PictureSizeMg: find normal accuracy size
02-12 00:02:17.237  4223  4323 W CAM_PictureSizeMg: find normal accuracy size
02-12 00:02:17.237  4223  4323 W CAM_PictureSizeMg: find normal accuracy size
02-12 00:02:17.237  4223  4323 W CAM_PictureSizeMg: find normal accuracy size
02-12 00:02:17.237  4223  4323 W CAM_PictureSizeMg: find normal accuracy size
02-12 00:02:17.237  4223  4323 W CAM_PictureSizeMg: find normal accuracy size
02-12 00:02:17.237  4223  4323 W CAM_PictureSizeMg: find normal accuracy size
02-12 00:02:17.237  4223  4323 W CAM_PictureSizeMg: find normal accuracy size
02-12 00:02:17.237  4223  4323 D CAM_CameraSizeManager: updateSize: yuv tuning buffer size: 1280x720
02-12 00:02:17.237  4223  4323 D CAM_CameraSizeManager: updateSize: raw tuning buffer size: 2560x1920
02-12 00:02:17.237  4223  4323 D CAM_CameraUtil: getOptimalPreviewSize downgrade = false, cameraId = 0, targetRatio = 1.7777777910232544, maxSize = null
02-12 00:02:17.237  4223  4323 D CAM_CameraUtil: getOptimalPreviewSize point Point(1080, 2460), width 1080
02-12 00:02:17.237  4223  4323 D CAM_CameraUtil: getOptimalPreviewSize: height:3472 width: 4640 ratio:1.336405529953917
02-12 00:02:17.237  4223  4323 D CAM_CameraUtil: getOptimalPreviewSize: height:2608 width: 4640 ratio:1.7791411042944785
02-12 00:02:17.237  4223  4323 D CAM_CameraUtil: getOptimalPreviewSize: height:3472 width: 3472 ratio:1.0
02-12 00:02:17.237  4223  4323 D CAM_CameraUtil: getOptimalPreviewSize: height:2048 width: 4640 ratio:2.265625
02-12 00:02:17.237  4223  4323 D CAM_CameraUtil: getOptimalPreviewSize: height:2160 width: 3840 ratio:1.7777777777777777
02-12 00:02:17.237  4223  4323 D CAM_CameraUtil: getOptimalPreviewSize: height:2448 width: 3264 ratio:1.3333333333333333
02-12 00:02:17.237  4223  4323 D CAM_CameraUtil: getOptimalPreviewSize: height:1836 width: 3264 ratio:1.7777777777777777
02-12 00:02:17.238  4223  4323 D CAM_CameraUtil: getOptimalPreviewSize: height:2448 width: 2448 ratio:1.0
02-12 00:02:17.238  4223  4323 D CAM_CameraUtil: getOptimalPreviewSize: height:1920 width: 2560 ratio:1.3333333333333333
02-12 00:02:17.238  4223  4323 D CAM_CameraUtil: getOptimalPreviewSize: height:1432 width: 3248 ratio:2.2681564245810057
02-12 00:02:17.238  4223  4323 D CAM_CameraUtil: getOptimalPreviewSize: height:1800 width: 2400 ratio:1.3333333333333333
02-12 00:02:17.238  4223  4323 D CAM_CameraUtil: getOptimalPreviewSize: height:1512 width: 2688 ratio:1.7777777777777777
02-12 00:02:17.238  4223  4323 D CAM_CameraUtil: getOptimalPreviewSize: height:1728 width: 2304 ratio:1.3333333333333333
02-12 00:02:17.238  4223  4323 D CAM_CameraUtil: getOptimalPreviewSize: height:1440 width: 2560 ratio:1.7777777777777777
02-12 00:02:17.238  4223  4323 D CAM_CameraUtil: getOptimalPreviewSize: height:1350 width: 2400 ratio:1.7777777777777777
02-12 00:02:17.238  4223  4323 D CAM_CameraUtil: getOptimalPreviewSize: height:1296 width: 2304 ratio:1.7777777777777777
02-12 00:02:17.238  4223  4323 D CAM_CameraUtil: getOptimalPreviewSize: height:1728 width: 1728 ratio:1.0
02-12 00:02:17.238  4223  4323 D CAM_CameraUtil: getOptimalPreviewSize: height:1440 width: 1920 ratio:1.3333333333333333
02-12 00:02:17.238  4223  4323 D CAM_CameraUtil: getOptimalPreviewSize: height:1080 width: 2400 ratio:2.2222222222222223
02-12 00:02:17.238  4223  4323 D CAM_CameraUtil: getOptimalPreviewSize: height:1080 width: 2340 ratio:2.1666666666666665
02-12 00:02:17.238  4223  4323 D CAM_CameraUtil: getOptimalPreviewSize: height:1016 width: 2304 ratio:2.267716535433071
02-12 00:02:17.238  4223  4323 D CAM_CameraUtil: getOptimalPreviewSize: height:1152 width: 1920 ratio:1.6666666666666667
02-12 00:02:17.238  4223  4323 D CAM_CameraUtil: getOptimalPreviewSize: height:1088 width: 1920 ratio:1.7647058823529411
02-12 00:02:17.238  4223  4323 D CAM_CameraUtil: getOptimalPreviewSize: height:1080 width: 1920 ratio:1.7777777777777777
02-12 00:02:17.238  4223  4323 D CAM_CameraUtil: getOptimalPreviewSize: height:1200 width: 1600 ratio:1.3333333333333333
02-12 00:02:17.238  4223  4323 D CAM_CameraUtil: getOptimalPreviewSize: height:1088 width: 1440 ratio:1.3235294117647058
02-12 00:02:17.238  4223  4323 D CAM_CameraUtil: getOptimalPreviewSize: height:1080 width: 1440 ratio:1.3333333333333333
02-12 00:02:17.238  4223  4323 D CAM_CameraUtil: getOptimalPreviewSize: height:900 width: 1600 ratio:1.7777777777777777
02-12 00:02:17.238  4223  4323 D CAM_CameraUtil: getOptimalPreviewSize: height:1200 width: 1200 ratio:1.0
02-12 00:02:17.238  4223  4323 D CAM_CameraUtil: getOptimalPreviewSize: height:960 width: 1280 ratio:1.3333333333333333
02-12 00:02:17.238  4223  4323 D CAM_CameraUtil: getOptimalPreviewSize: height:1080 width: 1080 ratio:1.0
02-12 00:02:17.238  4223  4323 D CAM_CameraUtil: getOptimalPreviewSize: height:704 width: 1600 ratio:2.272727272727273
02-12 00:02:17.238  4223  4323 D CAM_CameraUtil: getOptimalPreviewSize: height:720 width: 1440 ratio:2.0
02-12 00:02:17.238  4223  4323 D CAM_CameraUtil: getOptimalPreviewSize: height:720 width: 1280 ratio:1.7777777777777777
02-12 00:02:17.238  4223  4323 D CAM_CameraUtil: getOptimalPreviewSize: height:720 width: 960 ratio:1.3333333333333333
02-12 00:02:17.238  4223  4323 D CAM_CameraUtil: getOptimalPreviewSize: height:480 width: 720 ratio:1.5
02-12 00:02:17.238  4223  4323 D CAM_CameraUtil: getOptimalPreviewSize: height:480 width: 640 ratio:1.3333333333333333
02-12 00:02:17.238  4223  4323 D CAM_CameraUtil: getOptimalPreviewSize: height:360 width: 640 ratio:1.7777777777777777
02-12 00:02:17.238  4223  4323 D CAM_CameraUtil: getOptimalPreviewSize: height:288 width: 352 ratio:1.2222222222222223
02-12 00:02:17.238  4223  4323 D CAM_CameraUtil: getOptimalPreviewSize: height:240 width: 320 ratio:1.3333333333333333
02-12 00:02:17.238  4223  4323 D CAM_CameraUtil: getOptimalPreviewSize: height:144 width: 192 ratio:1.3333333333333333
02-12 00:02:17.238  4223  4323 D CAM_CameraUtil: getOptimalPreviewSize: height:144 width: 176 ratio:1.2222222222222223
02-12 00:02:17.238  4223  4323 D CAM_CameraUtil: getOptimalPreviewSize: height:108 width: 192 ratio:1.7777777777777777
02-12 00:02:17.238  4223  4323 D CAM_CameraUtil: getOptimalPreviewSize: height:96 width: 160 ratio:1.6666666666666667
02-12 00:02:17.238  4223  4323 I CAM_CameraUtil: best preview size: 1920x1080
02-12 00:02:17.238  4223  4323 W CAM_PictureSizeMg: find normal accuracy size
02-12 00:02:17.238  4223  4323 D CAM_CameraSizeManager: updateSize: algoUp output size (JPEG): 4640x2608
02-12 00:02:17.238  4223  4323 D CAM_Camera2Module: updateSize: picture size (YUV): 4640x2608, preview size: 1920x1080, sensor raw image size: 4640x2612
02-12 00:02:17.238  4223  4323 D CAM_CaptureModule: updateCameraScreenNailSize: 1920x1080
02-12 00:02:17.238  4223  4323 V CAM_BaseModule: checkDisplayOrientation: 0 | 90
02-12 00:02:17.238  4223  4323 D CAM_CameraSizeManager: setVideoSize 1080x1920
02-12 00:02:17.238  4223  4323 V CAM_CameraConfigManager: setEnableZsl true
02-12 00:02:17.238  4223  4323 W CAM_ImageModuleCameraManager: no consumer for this updateType: 74
02-12 00:02:17.238  4223  4323 D CAM_CameraCapabilities: isSupportAiShutter: 0
02-12 00:02:17.238  4223  4323 V CAM_CameraConfigManager: setExposureCompensation: 0
02-12 00:02:17.238  4223  4323 W CAM_ImageModuleCameraManager: no consumer for this updateType: 15
02-12 00:02:17.239  4223  4323 V CAM_MiCamera2: setISO: 0
02-12 00:02:17.239  4223  4323 W CAM_ImageModuleCameraManager: no consumer for this updateType: 16
02-12 00:02:17.239  4223  4323 W CAM_ImageModuleCameraManager: no consumer for this updateType: 6
02-12 00:02:17.239  4223  4323 V CAM_CameraConfigManager: setAWBLock: false
02-12 00:02:17.239  4223  4323 V CAM_CameraConfigManager: setAWBMode: 1
02-12 00:02:17.239  4223  4323 W CAM_ImageModuleCameraManager: no consumer for this updateType: 51966
02-12 00:02:17.239  4223  4323 W CAM_BaseModuleCameraManager: no consumer for this updateType: 51966
02-12 00:02:17.239  4223  4323 W CAM_ImageModuleCameraManager: no consumer for this updateType: 51967
02-12 00:02:17.239  4223  4323 D CAM_BaseModuleCameraManager: updateFrameRatio: 2 (16x9)
02-12 00:02:17.239  4223  4323 D CAM_CameraConfigManager: setTrackFocusEnable false
02-12 00:02:17.239  4223  4323 D CAM_CameraConfigManager: setTrackFocusFeatureEnable false
02-12 00:02:17.239  4223  4323 D CAM_CameraConfigManager: setTrackFocusEnable false
02-12 00:02:17.239  4223  4323 V CAM_CameraConfigManager: setDeviceOrientation: 0
02-12 00:02:17.239  4223  4323 D CAM_BaseModule: isSupportAFSaliency=false
02-12 00:02:17.239  4223  4323 W CAM_ImageModuleCameraManager: no consumer for this updateType: 19
02-12 00:02:17.239  4223  4323 V CAM_Camera2CompatAdapter: getMaxJpegSize: mCurrentOpenedCameraId = 0, maxJpegSize = 24165120
02-12 00:02:17.239  4223  4323 D CAM_ReprocessorFactory: getReprocessor: type = ISP_INTERFACE
02-12 00:02:17.239  4223  4323 D CAM_IspReprocessor@212396910: customize: maxJpegSize=24165120, yuvTuningBufferSize=1280x720, mfnrOn=false
02-12 00:02:17.239  4223  4323 D CAM_IspReprocessor@12317199: customize: maxJpegSize=24165120, yuvTuningBufferSize=1280x720, mfnrOn=false
02-12 00:02:17.240  4223  4323 D CAM_CameraCapabilities: isSatFusionShotSupported: false
02-12 00:02:17.240  4223  4323 I CAM_Camera2Module: [K_PROCESS]: startPreview: set PictureSize with 4640x2608
02-12 00:02:17.240  4223  4323 D CAM_Camera2Module: startPreview: set PictureFormat to JPEG
02-12 00:02:17.240  4223  4323 D CAM_CaptureModule: change raw callback to se
02-12 00:02:17.240  4223  4323 D CAM_Camera2Module: startPreview: set SensorRawImageSize with 4640x2612
02-12 00:02:17.240  4223  4323 D CAM_Camera2Module: [QCFA]startPreview: set qcfa enable false
02-12 00:02:17.240  4223  4223 I CAM_ AdaptiveTv: init:  mMaxFontScale :1.4
02-12 00:02:17.240  4223  4323 E CAM_CameraUtil: Unknown package: com.xiaomi.scanner
02-12 00:02:17.240  4223  4323 V CAM_Camera2Module: initDecodePreviewType: initPreviewCallbackTypeDecoders E
02-12 00:02:17.240  4223  4323 D CAM_Camera2Module: initPreviewCallbackTypeDecoders: previewCallbackType: 0x0, needUpdatePreference: false
02-12 00:02:17.240  4223  4323 V CAM_Camera2Module: initDecodePreviewType: initPreviewCallbackTypeDecoders X
02-12 00:02:17.240  4223  4323 I CAM_Camera2Module: [K_PROCESS]: startPreview: surfaceTexture = null
02-12 00:02:17.240  4223  4323 E CAM_Camera2Module: startPreview: surfaceTexture unavailable!!!!
02-12 00:02:17.240  4223 12482 V CAM_Camera2Module: [WTP]CacheImageDecoder#init: E
02-12 00:02:17.240  4223  4323 I CAM_ModuleDevice: [K_PROCESS]: getOperatingMode: SESSION_OPERATION_MODE_ALGO_UP_NORMAL
02-12 00:02:17.240  4223  4323 D CAM_Camera2Module: startPreview: operatingMode = 36869
02-12 00:02:17.240  4223 12482 D CAM_CacheImage: init
02-12 00:02:17.240  4223  4323 I CAM_MiCamera2: [K_PROCESS]: [CAM_PERF]startPreviewSession: operatingMode=0x9005 previewCallback=16 rawCallbackType=32
02-12 00:02:17.240  4223 12482 V CAM_Camera2Module: [WTP]CacheImageDecoder#init: X
02-12 00:02:17.240  4223  4323 V CAM_MiCamera2: generateSessionId: id=1
02-12 00:02:17.240  4223  4323 I CAM_MiCamera2: [K_PROCESS]: configMaxParallelRequestNumber: prNum = 3
02-12 00:02:17.240  4223  4223 D CAM_FragmentModeSelector: switchModeSelectViewStyle f = 7, m = 10
02-12 00:02:17.241  4223  4323 I CAM_MiCamera2: [K_PROCESS]: [SAT]prepareRemoteImageReader: isUseParallelVtCam = false
02-12 00:02:17.241  4223  4323 I CAM_ImageReaderParam: setNeedMultipleRaw: false
02-12 00:02:17.241  4223  4323 D CAM_ImageReaderHandler: could normal handle
02-12 00:02:17.241  4223  4323 D CAM_ImageReaderHandler: normal add spec:1 size: 4640x2608
02-12 00:02:17.241  4223  4323 D CAM_ImageReaderHandler: need mtk isp hidl
02-12 00:02:17.241  4223  4323 D CAM_ImageReaderHandler: config raw for SuperNight or SE
02-12 00:02:17.241  4223  4323 D CAM_ImageReaderHandler: add shared raw spec: 15 size: 4640x2612
02-12 00:02:17.241  4223  4323 D CAM_ImageReaderHandler: add raw tuning spec: 16 size: 2560x1920
02-12 00:02:17.241  4223  4323 D CAM_ImageReaderHandler: add yuv tuning spec: 17 size: 1280x720
02-12 00:02:17.241  4223  4323 D CAM_LocalParallelService: configCaptureOutputBuffer: active PostProcessor size: 0
02-12 00:02:17.241  4223  4223 D CAM_FragmentModeSelector: to common mode
02-12 00:02:17.241  4223  4223 V CAM_Display: navBarHeight=63
02-12 00:02:17.241  4223  4223 D CAM_FragmentModeSelector: switchMoreMode open: true, style: 0, mCurrentMode: 163
02-12 00:02:17.241  4223  4223 V CAM_DragLayout: removeOnDragListener FragmentModeSelector{4780a4f} (2d5640bb-3c7d-41ee-93eb-a3a485f60ad0) id=0x7f0a0320 242}
02-12 00:02:17.241  4223  4223 D CAM_DragLayout: disableAllMode
02-12 00:02:17.241  4223  4223 D CAM_DragLayout: setDragEnable mDragMode : false, enable false, force : false
02-12 00:02:17.242  4223  4223 V CAM_IDisplayRect: getDisplayRect:Rect(0, 270 - 1080, 1710)
02-12 00:02:17.242  4223  4223 D CAM_ModeSelectView: init curMode = 163
02-12 00:02:17.242  4223  4223 D CAM_ModeSelectView: init mItems = [ComponentDataItem{mDisplayName='Pro'mValue='167'}, ComponentDataItem{mDisplayName='Documents'mValue='186'}, ComponentDataItem{mDisplayName='Video'mValue='162'}, ComponentDataItem{mDisplayName='Photo'mValue='163'}, ComponentDataItem{mDisplayName='Portrait'mValue='171'}, ComponentDataItem{mDisplayName='Night'mValue='173'}, ComponentDataItem{mDisplayName='More'mValue='254'}]
02-12 00:02:17.242  4223  4323 D CAM_LocalParallelService: initPostProcessor: maxParallelRequestNumber = 3, SRRequireReprocess = false
02-12 00:02:17.242  4223  4323 D CAM_LocalParallelService: configCaptureOutputBuffer: new processor: com.xiaomi.camera.core.PostProcessor@349d6e5
02-12 00:02:17.242  4223  4323 D CAM_PostProcessor: configHALOutputSurface: E
02-12 00:02:17.242  4223  4323 D CAM_PostProcessor: configHALOutputSurface: paramsNum=4
02-12 00:02:17.242  4223  4323 D CAM_PostProcessor: configHALOutputSurface: holdNum=15
02-12 00:02:17.242  4223  4323 W CAM_ImageReaderHelper: NoSuchMethodException: android.media.ImageReader.setName [class java.lang.String]
02-12 00:02:17.242  4223  4323 W CAM_ImageReaderHelper: NoSuchMethodException: android.media.ImageReader.setName [class java.lang.String]
02-12 00:02:17.242  4223  4323 W CAM_ImageReaderHelper: NoSuchMethodException: android.media.ImageReader.setName [class java.lang.String]
02-12 00:02:17.242  4223  4323 W CAM_ImageReaderHelper: NoSuchMethodException: android.media.ImageReader.setName [class java.lang.String]
02-12 00:02:17.242  4223  4323 D CAM_PostProcessor: configHALOutputSurface: X
02-12 00:02:17.242  4223  4323 W CAM_PostProcessor: destroyWhenTasksFinished: STATE_STOPPED. com.xiaomi.camera.core.PostProcessor@e77bc4c
02-12 00:02:17.242  4223  4323 D CAM_MiCamera2: startPreviewSessionImpl: true
02-12 00:02:17.242  4223  4323 I CAM_MiCamera2: [K_PROCESS]: startPreviewSession: add RemoteImageReader configuration: getPhysicCameraId=-1 format=0x23 size=4640x2608
02-12 00:02:17.243  4223  4323 I CAM_MiCamera2: [K_PROCESS]: startPreviewSession: add RemoteImageReader configuration: getPhysicCameraId=-1 format=0x20 size=4640x2612
02-12 00:02:17.243  4223  4323 I CAM_MiCamera2: [K_PROCESS]: startPreviewSession: add RemoteImageReader configuration: getPhysicCameraId=-1 format=0x32315659 size=2560x1920
02-12 00:02:17.243  4223  4323 I CAM_MiCamera2: [K_PROCESS]: startPreviewSession: add RemoteImageReader configuration: getPhysicCameraId=-1 format=0x32315659 size=1280x720
02-12 00:02:17.243  4223  4323 D CAM_MiCamera2: applySettingsForPreview: android.hardware.camera2.CaptureRequest$Builder@2013e0c
02-12 00:02:17.243  4223  4323 D CAM_MiCamera2: applyFlashMode: request android.hardware.camera2.CaptureRequest$Builder@2013e0c, applyType = 1
02-12 00:02:17.243  4223  4323 D CAM_MiCamera2: applyFlashMode: flashMode = 0, mScreenLightCallback = com.android.camera.module.image.ScreenLightCallbackImpl@4b74355
02-12 00:02:17.243  4223  4323 D CAM_CaptureRequestBuilder: applyScreenLightHint(): false
02-12 00:02:17.244  4223  4323 D CAM_CaptureRequestBuilder: applyAFRegions: default 0
02-12 00:02:17.244  4223  4323 D CAM_CaptureRequestBuilder: applyAERegions: default 0
02-12 00:02:17.244  4223  4323 D CAM_MiCameraCompat: applyFaceDetection: false
02-12 00:02:17.244  4223  4323 D CAM_CaptureRequestBuilder: applyExposureCompensation: 0
02-12 00:02:17.244  4223  4223 D CAM_FocusView: FocusView: is global animation available: true
02-12 00:02:17.244  4223 12468 V CAM_FocusView: [WTP]drawableInitialize: E
02-12 00:02:17.244  4223  4323 D CAM_HybridZoomingSystem: toCropRegion(): zoom ratio = 1.0, crop region = Rect(0, 0 - 4640, 3472)
02-12 00:02:17.244  4223  4223 E .android.camera: No package ID ff found for resource ID 0xffffffff.
02-12 00:02:17.244  4223  4323 D CAM_RequestVendorTag: applyCropRegion: rect = Rect(0, 0 - 4640, 3472)
02-12 00:02:17.244  4223  4223 E .android.camera: No package ID ff found for resource ID 0xffffffff.
02-12 00:02:17.244  4223  4223 E .android.camera: No package ID ff found for resource ID 0xffffffff.
02-12 00:02:17.244  4223  4323 E VendorTagDescriptor: lookupTag: Tag name 'objectTrackingConfig.cropRegion' does not exist.
02-12 00:02:17.244  4223  4323 D CAM_CaptureRequestBuilder: applyZoomRatio-R: cameraId: 0 zoomRatio: 1.0
02-12 00:02:17.244  4223  4323 D CAM_CaptureRequestBuilder: applyAELock: false
02-12 00:02:17.245  4223  4323 D CAM_CaptureRequestBuilder: applyAWBLock: false
02-12 00:02:17.245  4223  4223 E .android.camera: No package ID ff found for resource ID 0xffffffff.
02-12 00:02:17.245  4223  4323 D CAM_MiCameraCompat: applyPureViewEnabled : false
02-12 00:02:17.245  4223  4223 E .android.camera: No package ID ff found for resource ID 0xffffffff.
02-12 00:02:17.245  4223  4223 E .android.camera: No package ID ff found for resource ID 0xffffffff.
02-12 00:02:17.245  4223  4323 E VendorTagDescriptor: lookupTag: Tag name 'pureView.enabled' does not exist.
02-12 00:02:17.245  4223 12446 D CAM_CameraCapabilities: QuickShotDelayTime tag not defined
02-12 00:02:17.245  4223  4323 D CAM_CaptureRequestBuilder: applyMiviSuperNight(): unsupported
02-12 00:02:17.245  4223 12446 D CAM_CameraCapabilities: HQQuickShot: mFeatureMask: 0   mDelayTimeMask: 0
02-12 00:02:17.245  4223 12446 D CAM_CameraCapabilities: MiviSuperNight: mSuperNightMask: 1
02-12 00:02:17.245  4223  4323 I CAM_CaptureRequestBuilder: [CAM_PERF]applySuperResolution: ignored for applyType(1)
02-12 00:02:17.245  4223 12446 D CAM_CameraCapabilities: getBeautyVersionData: 3 ,beautyVersion: 3 ,beautyAlgo: 1
02-12 00:02:17.245  4223  4323 I CAM_MiCameraCompat: [CAM_PERF]applyMfnrEnable: false
02-12 00:02:17.245  4223 12446 D CAM_Camera2CompatAdapter: X: initCameraCapabilitiesByCameraId(): 4
02-12 00:02:17.245  4223  4223 E .android.camera: No package ID ff found for resource ID 0xffffffff.
02-12 00:02:17.245  4223  4323 D CAM_CaptureRequestBuilder: applySingleBokeh: false
02-12 00:02:17.245  4223 12446 D CAM_Camera2CompatAdapterRole: X: initCameraCapabilitiesAsync()
02-12 00:02:17.245  4223  4223 E .android.camera: No package ID ff found for resource ID 0xffffffff.
02-12 00:02:17.245  4223  4223 E .android.camera: No package ID ff found for resource ID 0xffffffff.
02-12 00:02:17.245  4223  4323 D CAM_CaptureRequestBuilder: applyMacroMode: false
02-12 00:02:17.245  4223 12446 D CAM_Camera2CompatAdapterRole: role:   0 ( 68.5) <->  0
02-12 00:02:17.245  4223 12446 D CAM_Camera2CompatAdapterRole: role:   1 ( 71.6) <->  1
02-12 00:02:17.245  4223  4323 D CAM_CameraCapabilities: isSupportUltraWideLDC: true
02-12 00:02:17.245  4223 12446 D CAM_Camera2CompatAdapterRole: role:  21 ( 95.9) <->  3
02-12 00:02:17.245  4223  4323 D CAM_MiCameraCompat: applyUltraWideLDC: false
02-12 00:02:17.245  4223 12446 D CAM_Camera2CompatAdapterRole: role:  22 ( 70.5) <->  2
02-12 00:02:17.245  4223  4323 D CAM_CaptureRequestBuilder: applyAELock: false
02-12 00:02:17.245  4223 12446 D CAM_Camera2CompatAdapterRole: role:  61 ( 68.4) <->  4 = [0, 3]
02-12 00:02:17.246  4223  4323 D CAM_CaptureRequestBuilder: applyAWBLock: false
02-12 00:02:17.246  4223  4223 E .android.camera: No package ID ff found for resource ID 0xffffffff.
02-12 00:02:17.246  4223  4223 E .android.camera: No package ID ff found for resource ID 0xffffffff.
02-12 00:02:17.246  4223  4323 V CAM_CaptureRequestBuilder: EIS: off
02-12 00:02:17.246  4223  4223 E .android.camera: No package ID ff found for resource ID 0xffffffff.
02-12 00:02:17.246  4223  4323 D CAM_CaptureRequestBuilder: applyDeviceOrientation: 0
02-12 00:02:17.246  4223  4323 D CAM_CaptureRequestBuilder: applyFpsRange: fpsRange = null
02-12 00:02:17.246  4223  4323 D CAM_CaptureRequestBuilder: applyAiASDEnable:false
02-12 00:02:17.246  4223  4323 D CAM_CaptureRequestBuilder: applyASDScene: -2
02-12 00:02:17.246  4223  4323 D CAM_CaptureRequestBuilder: applyHistogramStats: false
02-12 00:02:17.246  4223  4323 I CAM_MiCamera2: [K_PROCESS]: startPreviewSession: add PreviewImageReader configuration: format=0x23 size=1920x1080
02-12 00:02:17.247  4223  4323 I CAM_MiCamera2: [K_PROCESS]: startPreviewSession: first add PreviewSurface configuration: size=1920x1080
02-12 00:02:17.247  4223  4323 D CAM_CameraCapabilities: isSupportAiShutter: 0
02-12 00:02:17.247  4223  4323 D CAM_MiCameraCompat: applyAppModule 163
02-12 00:02:17.247  4223  4323 D CAM_MiCamera2: applyConfigurationParam: pid: 4223
02-12 00:02:17.247  4223  4323 E VendorTagDescriptor: lookupTag: Tag name 'sessionparams.processId' does not exist.
02-12 00:02:17.247  4223  4323 D CAM_MiCamera2: turns capture.zsl.mode on
02-12 00:02:17.247  4223  4223 D CAM_FocusView: reset: type = 7, is draw = false, mIsTouchFocus = false
02-12 00:02:17.247  4223  4223 D CAM_TrackFocusView: clear
02-12 00:02:17.247  4223  4323 D CAM_MiCamera2: turns PQ feature on
02-12 00:02:17.247  4223  4223 D CAM_TrackFocusView: setSkipDraw false
02-12 00:02:17.247  4223  4323 D CAM_MiCamera2: turns SAT crop region feature on
02-12 00:02:17.247  4223  4223 V CAM_IDisplayRect: getDisplayRect:Rect(0, 270 - 1080, 2190)
02-12 00:02:17.247  4223  4323 D CAM_HybridZoomingSystem: toMTKCropRegion(): zoom ratio = 1.0, crop region = int[]{0, 0, 4640, 3472}
02-12 00:02:17.247  4223  4323 D CAM_MiCamera2: turns quick preview on
02-12 00:02:17.247  4223  4323 D CAM_MiCamera2: turns tuning buffer on
02-12 00:02:17.248  4223  4323 D CAM_CaptureRequestBuilder: applyCinematicVideo: false
02-12 00:02:17.248  4223  4323 I CAM_MiCamera2: [K_PROCESS]: startPreviewSession: setup output configuration number: 6
02-12 00:02:17.248  4223  4323 I CAM_PerformanceManager: [P_PERFORM]: Action: 3:cameraOpened2createCaptureSession@0_163_0 takes 20 ms
02-12 00:02:17.248  4223  4223 E .android.camera: No package ID ff found for resource ID 0xffffffff.
02-12 00:02:17.248  4223  4223 E .android.camera: No package ID ff found for resource ID 0xffffffff.
02-12 00:02:17.248  4223  4223 D CAM_FragmentDualCameraAdjust: initiateZoomRatio(): zoom: 1.0
02-12 00:02:17.248  4223 12468 V CAM_FocusView: [WTP]drawableInitialize: X
02-12 00:02:17.248  4223  4223 D CAM_FragmentDualCameraAdjust: provideAnimateElement(): initialized zoom ratio: 1.0
02-12 00:02:17.250  1054 11372 E cameraserver: roundBufferDimensionNearest: No configurations for format 32 width 4640, height 2612, maxResolution ? false
02-12 00:02:17.250  1054 11372 E cameraserver: createConfiguredSurface: Camera 0: No supported stream configurations with format 0x20 defined, failed to create output stream
02-12 00:02:17.250  4223  4223 I CAM_ZoomRatioToggleView: [U_ACTION]: setZoomRatio(): zooming action = ZOOMING_BY_UNKNOWN_SOURCE
02-12 00:02:17.250  4223  4223 I CAM_ZoomRatioToggleView: [U_ACTION]: setZoomRatio():  current index = 1
02-12 00:02:17.250  4223  4223 I CAM_ZoomRatioToggleView: [U_ACTION]: setZoomRatio():   current zoom = 1.0
02-12 00:02:17.250  4223  4223 I CAM_ZoomRatioToggleView: [U_ACTION]: setZoomRatio():   target index = 1
02-12 00:02:17.250  4223  4223 I CAM_ZoomRatioToggleView: [U_ACTION]: setZoomRatio():    target zoom = 1.0
02-12 00:02:17.250  4223  4323 W CameraDevice-JV-0: Stream configuration failed due to: createConfiguredSurface:581: Camera 0: No supported stream configurations with format 0x20 defined, failed to create output stream
02-12 00:02:17.250  4223  4323 E CameraCaptureSession: Session 0: Failed to create capture session; configuration failed
02-12 00:02:17.250  4223  4291 E CAM_MiCamera2: [CAM_PERF]onConfigureFailed: id=1 sessionId=1
02-12 00:02:17.250  4223  4323 D CAM_EffectController: setRenderEngine: com.android.camera.ui.RenderEngineAdapter@eac10ed this:com.android.camera.effect.EffectController@b99b22
02-12 00:02:17.250  4223  4323 D CAM_BaseModule: onRenderEngineCreate, is engine null ?false
02-12 00:02:17.251  4223  4323 D CAM_CaptureModule: onRenderEngineCreate camId:0
02-12 00:02:17.251  4223  4323 D CAM_BaseModule: registerProtocol
02-12 00:02:17.251  4223  4323 I CAM_BaseModule: onResume: CaptureModule@225750736: mid = 163, cid = 0, created = true, departed = false
02-12 00:02:17.251  4223  4323 I CAM_PerformanceManager: [P_PERFORM]: Action: A4:switch_module_setup_163_0 takes 23 ms
02-12 00:02:17.251  4223  4323 D CAM_DataItemGlobal: reInit: mLastCameraId = 0, currentCameraId = 0
02-12 00:02:17.251  4223  4323 I CAM_PerformanceManager: [P_PERFORM]: Action: A5:switch_data_setup_163_0 takes 0 ms
02-12 00:02:17.253  4223  4223 D CAM_FragmentBottomPopupTips: onCreate: 
02-12 00:02:17.253  4223  4223 D CAM_Camera@142599089: onLifeStart 13
02-12 00:02:17.254  4223  4223 D CAM_Camera@142599089: onLifeStart 241
02-12 00:02:17.254  4223  4223 D CAM_Camera@142599089: onLifeStart 244
02-12 00:02:17.254  4223  4223 D CAM_Camera@142599089: onLifeStart 242
02-12 00:02:17.254  4223  4223 D CAM_Camera@142599089: onLifeStart 243
02-12 00:02:17.254  4223  4223 D CAM_Camera@142599089: onLifeStart 4084
02-12 00:02:17.254  4223  4223 D CAM_Camera@142599089: onStart start
02-12 00:02:17.254  4223  4223 D CAM_RenderEngineAdapter: onResume start
02-12 00:02:17.254  4223  4223 D CAM_RenderEngineAdapter: onResume end
02-12 00:02:17.254  4223  4223 D CAM_BoostFrameworkImpl: stopBoost
02-12 00:02:17.254  4223  4223 D CAM_Camera@142599089: onStart end {1.0 405mcc872mnc [en_IN] ldltr sw411dp w411dp h875dp 420dpi nrml long compactNeeded widecg port night finger -keyb/v/h -nav/h winConfig={ mBounds=Rect(0, 0 - 1080, 2460) mAppBounds=Rect(0, 100 - 1080, 2397) mMaxBounds=Rect(0, 0 - 1080, 2460) mDisplayRotation=ROTATION_0 mWindowingMode=fullscreen mActivityType=standard mAlwaysOnTop=undefined mRotation=ROTATION_0} as.3 s.2 fontWeightAdjustment=0}
02-12 00:02:17.254  4223  4223 D CAM_ActivityBase: onStart -
02-12 00:02:17.254  4223  4223 D CAM_ActivityBase: onResume +142599089
02-12 00:02:17.254  4223  4223 D CAM_BoostFrameworkImpl: startBoost: duration = 500, scene = 6
02-12 00:02:17.254  4223  4223 D CAM_Camera@142599089: onResume start
02-12 00:02:17.254  4223  4223 I CAM_PermissionManager: getNeedCheckPermissionList() listSize =0
02-12 00:02:17.254  4223  4223 I CAM_PermissionManager: checkCameraLaunchPermissions(), all on
02-12 00:02:17.255  4223  4223 I CAM_PermissionManager: getNeedCheckPermissionList() listSize =0
02-12 00:02:17.255  4223  4223 I CAM_PermissionManager: checkCameraLocationPermissions(), all on
02-12 00:02:17.255  4223  4223 I CAM_PermissionManager: getNeedCheckPermissionList() listSize =0
02-12 00:02:17.255  4223  4223 I CAM_PermissionManager: checkCameraLocationPermissions(), all on
02-12 00:02:17.255  4223  4223 D CAM_Camera@142599089: onResume start
02-12 00:02:17.255  4223  4223 D CAM_Camera@142599089: resume in MultiWindowMode false
02-12 00:02:17.255  4223  4223 D CAM_ActivityBase: isCameraAliveWhenResume: mRealeaseByModule: false, isModuleAlive: true, isCameraDevicesAlive: true
02-12 00:02:17.255  4223  4223 D CAM_Display: is display size change:false
02-12 00:02:17.255  4223  4223 V CAM_AutoLockManager: mHibernationTimeOut = 180000, mScreenOffTimeOut = 15000
02-12 00:02:17.256   891   891 I OriginChannel: batch: [1,80000000,0]
02-12 00:02:17.256   891   891 I OriginChannel: flush: [1]
02-12 00:02:17.257  4223  4223 D CAM_CameraUtil: clearRotationAnimation
02-12 00:02:17.257  4223  4223 V CAM_ActivityBase: checkGalleryLock: galleryLocked=false
02-12 00:02:17.257  4223  4223 D CAM_CameraIntentManager: start activity when locked: false
02-12 00:02:17.257  4223  4223 D CAM_ActivityBase: checkKeyguard: setShowWhenLocked:false
02-12 00:02:17.257  4223  4223 V CAM_ActivityBase: checkKeyguard: fromKeyguard=false keyguardSecureLocked=false secureUriList is null
02-12 00:02:17.257  4223  4223 V CAM_CameraBrightness: onResume adjustBrightness
02-12 00:02:17.257  4223  4452 D CAM_CameraBrightness: adjustBrightnessInAutoMode(0.5)
02-12 00:02:17.257  1476  3177 D WindowManager: Create SleepToken: tag=keyguard, displayId=0
02-12 00:02:17.257  1889  1934 V WindowManagerShell: Transition requested (#80): android.os.BinderProxy@230f090 TransitionRequestInfo { type = KEYGUARD_UNOCCLUDE, triggerTask = null, pipChange = null, remoteTransition = null, displayChange = null, flags = 8192, debugId = 80 }
02-12 00:02:17.257  1476  3177 D ActivityTaskManager: Top Process State changed to PROCESS_STATE_TOP_SLEEPING
02-12 00:02:17.258   891   914 I HfLooper: [1] flush complete
02-12 00:02:17.258  4223  4452 D CAM_CameraBrightness: adjustBrightness: cost=1ms
02-12 00:02:17.258  4223  4223 D CompatibilityUtils: getSdcardPath: sdcardVolume = null
02-12 00:02:17.258  4223  4223 D CAM_FileCompat: getExtSDCardPaths: activePath = null
02-12 00:02:17.258  4223  4223 D CompatibilityUtils: getSdcardPath: sdcardVolume = null
02-12 00:02:17.258  4223  4223 V CAM_Storage: initStorage sd=null
02-12 00:02:17.258  4223  4223 D CAM_Storage: hasSecondaryStorage=false
02-12 00:02:17.258  4223  4223 D CAM_Storage: hasSecondaryStorage=false
02-12 00:02:17.260  4223  4223 D CAM_Camera@142599089: resumeCamera: E
02-12 00:02:17.260  4223  4223 D CAM_Camera@142599089: resumeCamera: isSwitchingModule() : true &&  getDisplayFoldState() : true: 
02-12 00:02:17.260  4223  4223 D CAM_ThermalDetector: registerReceiver
02-12 00:02:17.260  4223 12447 I CAM_Storage: setLeftSpace(110305017856)
02-12 00:02:17.261  4223  4223 D CAM_BatteryDetector: registerReceiver
02-12 00:02:17.261   923  2215 I libbinder.BpBinder: onLastStrongRef automatically unlinking death recipients: 
02-12 00:02:17.261  4223  4223 D CAM_MemoryManager: initLimit: mSavedQueueMemoryLimit = 386043744
02-12 00:02:17.261  4223  4223 D CAM_MemoryManager: initMemory: maxMemory=536870912
02-12 00:02:17.261  4223  4223 V CAM_ImageSaver: onHostResume: isCapture=false
02-12 00:02:17.261  4223  4223 I CAM_PermissionManager: getNeedCheckPermissionList() listSize =0
02-12 00:02:17.261  4223  4223 I CAM_PermissionManager: checkCameraLaunchPermissions(), all on
02-12 00:02:17.261  4223  4223 D CAM_CameraIntentManager: camera_launch_source = null
02-12 00:02:17.261  4223  4223 D CAM_SendBroadcastNotifyExternal: notify external(status: start_foreground)
02-12 00:02:17.262  4223  4223 I CAM_PerformanceManager: [P_PERFORM]: not allow traceStart
02-12 00:02:17.262  4223  4223 D CAM_Camera@142599089: onResume end
02-12 00:02:17.262  4223  4223 D CAM_BoostFrameworkImpl: stopBoost
02-12 00:02:17.262  4223  4223 I CAM_PerformanceManager: [P_PERFORM]: Action: resumeActivity@142599089_163_0 takes 8 ms
02-12 00:02:17.262  4223  4223 D CAM_Camera@142599089: onResume end
02-12 00:02:17.262  4223  4223 D CAM_ActivityBase: onResume -
02-12 00:02:17.262  4223 12441 V CAM_Camera@142599089: [WTP]initShortcut: E
02-12 00:02:17.262  4223  4223 D CAM_FragmentBottomAction: initThumbnailAsThumbnail: 
02-12 00:02:17.262  4223  4223 D CAM_FragmentBottomAction: set thumbnail clickable: true
02-12 00:02:17.262  4223  4223 I CAM_PermissionManager: getNeedCheckPermissionList() listSize =0
02-12 00:02:17.262  4223  4223 I CAM_PermissionManager: checkStoragePermissions on
02-12 00:02:17.262  4223  4223 D CAM_ThumbnailUpdater: LoadThumbnailTask: thumbnail on task create: null
02-12 00:02:17.262  4223 12479 V CAM_LifecycleAsyncTask: [WTP]AsyncTask: E. LoadThumbnailTask
02-12 00:02:17.262  4223 12479 D CAM_ThumbnailUpdater: LoadThumbnailTask: execute task: com.android.camera.ThumbnailUpdater$LoadThumbnailTask@c4b375c. lookAtCache = true
02-12 00:02:17.262  4223 12479 D CAM_Storage: hasSecondaryStorage=false
02-12 00:02:17.263  4223  4223 D CAM_ModeSelectView: getHeaderOffset w = 1080, itemWidth = 164, textWidth = 100.0
02-12 00:02:17.263  4223  4223 D CAM_ModeSelectView: res = {1.0 405mcc872mnc [en_IN] ldltr sw411dp w411dp h875dp 420dpi nrml long compactNeeded widecg port night finger -keyb/v/h -nav/h winConfig={ mBounds=Rect(0, 0 - 1080, 2460) mAppBounds=Rect(0, 100 - 1080, 2397) mMaxBounds=Rect(0, 0 - 1080, 2460) mDisplayRotation=ROTATION_0 mWindowingMode=fullscreen mActivityType=standard mAlwaysOnTop=undefined mRotation=ROTATION_0} as.3 s.2 fontWeightAdjustment=0}
02-12 00:02:17.263  4223  4223 D InsetsController: Setting requestedVisibleTypes to -14 (was -9)
02-12 00:02:17.264  4223 12441 V CAM_Camera@142599089: [WTP]initShortcut: X
02-12 00:02:17.266  4223  4223 D WindowOnBackDispatcher: setTopOnBackInvokedCallback (unwrapped): android.view.ViewRootImpl$$ExternalSyntheticLambda12@bde16d5
02-12 00:02:17.266  1476  4988 D CoreBackPreview: Window{69ce48d u0 com.android.camera/com.android.camera.Camera}: Setting back callback OnBackInvokedCallbackInfo{mCallback=android.window.IOnBackInvokedCallback$Stub$Proxy@d01b48e, mPriority=0, mIsAnimationCallback=false, mOverrideBehavior=0}
02-12 00:02:17.266  4223  4223 D CAM_DragLayout: setDragEnable mDragMode : false, mPromptMode : false,mBar : null,withAnim : false
02-12 00:02:17.266  4223  4223 D CAM_DragLayout: setState 3
02-12 00:02:17.271  4223 12479 D CAM_ThumbnailUpdater: LoadThumbnailTask: no image/video was found
02-12 00:02:17.271  4223 12479 D CAM_Storage: hasSecondaryStorage=false
02-12 00:02:17.274  4223  4223 D CAM_ModeSelectView: onGlobalLayout mCurMode 163
02-12 00:02:17.274  4223  4223 D CAM_ModeSelectView: getHeaderOffset w = 1080, itemWidth = 164, textWidth = 100.0
02-12 00:02:17.274  4223  4223 D CAM_ModeSelectView: res = {1.0 405mcc872mnc [en_IN] ldltr sw411dp w411dp h875dp 420dpi nrml long compactNeeded widecg port night finger -keyb/v/h -nav/h winConfig={ mBounds=Rect(0, 0 - 1080, 2460) mAppBounds=Rect(0, 100 - 1080, 2397) mMaxBounds=Rect(0, 0 - 1080, 2460) mDisplayRotation=ROTATION_0 mWindowingMode=fullscreen mActivityType=standard mAlwaysOnTop=undefined mRotation=ROTATION_0} as.3 s.2 fontWeightAdjustment=0}
02-12 00:02:17.274  4223  4223 D CAM_ModeSelectView: moveToPosition select pos = 4, offset = 458, mode = 163
02-12 00:02:17.274  4223  4223 D CAM_FragmentBottomAction: ThumbnailGlobalRect: Rect(165, 1956 - 296, 2087)
02-12 00:02:17.276  4223  4223 I CAM_PerformanceManager: [P_PERFORM]: Action: 5.1:surfaceViewCreate_163_0 takes 66 ms
02-12 00:02:17.276  4223  4223 I CAM_CameraRenderEngine: [CAM_PERF]onSurfaceCreated
02-12 00:02:17.276  4223  4223 I CAM_CameraRenderEngine: [CAM_PERF]onSurfaceChanged: 1080x2460
02-12 00:02:17.276  4223 12519 D CAM_CameraRenderEngine: onSurfaceCreated start on GL Thread
02-12 00:02:17.276  4223  4223 D CAM_CameraRenderEngine: onSurfaceChanged start
02-12 00:02:17.276  4223 12519 I CAM_CameraRenderEngine: mActivity 142599089
02-12 00:02:17.276  4223 12519 V CAM_CameraScreenNail: acquireSurfaceTexture
02-12 00:02:17.276  4223  4223 D CAM_CameraRenderEngine: setPreviewSurface surface=Surface(name=null mNativeObject=-5476376635841597712)/@0xb834b8d
02-12 00:02:17.276  4223 12519 D CAM_STScreenNail: acquireSurfaceTexture: mHasTexture = false
02-12 00:02:17.276  4223  4223 D CAM_CameraRenderEngine: onSurfaceChanged end
02-12 00:02:17.276  4223 12519 D CAM_ExtTexture: texId=1
02-12 00:02:17.276  4223 12519 D CAM_STScreenNail: acquireSurfaceTexture: setDefaultBufferSize 1080x1920
02-12 00:02:17.276  4223 12519 I CAM_STScreenNail: fullHandlerCapacity:set urgent display
02-12 00:02:17.276  4223 12519 D CAM_RenderEngineAdapter: onSurfaceTextureCreated surfaceTexture:android.graphics.SurfaceTexture@a2d1e90
02-12 00:02:17.276  4223 12519 D CAM_ActivityBase: updateSurfaceState: 4
02-12 00:02:17.276  4223 12519 D CAM_Camera2OpenOnSubScribe: onGlSurfaceCreated: mSingleEmitter = DISPOSED
02-12 00:02:17.276  4223 12519 D CAM_Camera2OpenOnSubScribe: onGlSurfaceCreated: mSingleEmitter already disposed
02-12 00:02:17.277  4223 12519 V CAM_BaseModule: checkDisplayOrientation: 0 | 90
02-12 00:02:17.277  4223 12519 V CAM_FaceView: mCameraDisplayOrientation=90
02-12 00:02:17.277  4223 12519 D CAM_CameraSizeManager: setVideoSize 1080x1920
02-12 00:02:17.277  4223 12519 D CAM_CaptureModule: updateCameraScreenNailSize: 1920x1080
02-12 00:02:17.277  4223 12519 D CAM_STScreenNail: setDefaultBufferSize: 1920 | 1080
02-12 00:02:17.277  4223 12519 D CAM_Camera2Module: updatePreviewSurface: surfaceTexture = android.graphics.SurfaceTexture@a2d1e90
02-12 00:02:17.277  4223 12519 D CAM_MiCamera2: E: updateDeferPreviewSession
02-12 00:02:17.277  4223 12519 W CAM_MiCamera2: X: updateDeferPreviewSession: capture session is not ready
02-12 00:02:17.278  4223 12519 D CAM_EffectRenderGroup: onEffectChanged: EFFECT_CHANGE_FILTER mEffectId = 66048
02-12 00:02:17.278  4223 12519 D CAM_CameraRenderEngine: onSurfaceCreated end on GL Thread
02-12 00:02:17.279  4223 12519 D CAM_CameraRenderEngine: onSurfaceChanged start on GL Thread
02-12 00:02:17.279  1104 12539 W LensDrv : [Init] Dev(0) , [m_user_count] 1 -
02-12 00:02:17.279  4223 12519 V CAM_CameraScreenNail: acquireSurfaceTexture
02-12 00:02:17.279  4223 12519 D CAM_STScreenNail: acquireSurfaceTexture: mHasTexture = true
02-12 00:02:17.279  4223 12519 D CAM_ActivityBase: updateSurfaceState: 4
02-12 00:02:17.279  1104 12539 D flash_custom_v4l2.cpp: cust_getDriverName(): type(1), ct(1), part(1).
02-12 00:02:17.279  4223 12519 D CAM_Camera2OpenOnSubScribe: onGlSurfaceCreated: mSingleEmitter = DISPOSED
02-12 00:02:17.279  4223 12519 D CAM_Camera2OpenOnSubScribe: onGlSurfaceCreated: mSingleEmitter already disposed
02-12 00:02:17.279  4223 12519 V CAM_BaseModule: checkDisplayOrientation: 0 | 90
02-12 00:02:17.279  4223 12519 V CAM_FaceView: mCameraDisplayOrientation=90
02-12 00:02:17.279  4223 12519 D CAM_CameraSizeManager: setVideoSize 1080x1920
02-12 00:02:17.279  4223 12519 D CAM_CaptureModule: updateCameraScreenNailSize: 1920x1080
02-12 00:02:17.279  4223 12519 D CAM_STScreenNail: setDefaultBufferSize: 1920 | 1080
02-12 00:02:17.279  4223 12519 D CAM_Camera2Module: updatePreviewSurface: surfaceTexture = android.graphics.SurfaceTexture@a2d1e90
02-12 00:02:17.279  4223 12479 W CAM_ParallelProcessProvider: targetVersion(CACHE): 0
02-12 00:02:17.279  4223 12519 D CAM_MiCamera2: E: updateDeferPreviewSession
02-12 00:02:17.279  4223 12519 W CAM_MiCamera2: X: updateDeferPreviewSession: capture session is not ready
02-12 00:02:17.279  4223 12519 D CAM_CameraRenderEngine: onSurfaceChanged requestRender mRenderRequested=false
02-12 00:02:17.279  4223 12519 D CAM_CameraRenderEngine: onSurfaceChanged end on GL Thread
02-12 00:02:17.279  4223 12519 D CAM_CameraRenderEngine: getWindowSurface start, updated=true surface=Surface(name=null mNativeObject=-5476376635841597712)/@0xb834b8d
02-12 00:02:17.279  4223 12519 D CAM_CameraRenderEngine: getEglWindowSurfaceAttributes: NONE
02-12 00:02:17.279  4223 12519 D CRE_EglWindowSurface: EglWindowSurface init start
02-12 00:02:17.279  4223 12479 W CAM_ParallelProcessProvider: failed to get version from metadata
02-12 00:02:17.279  4223 12479 W CAM_ParallelProcessProvider: android.content.pm.PackageManager$NameNotFoundException: com.miui.gallery
02-12 00:02:17.279  4223 12479 W CAM_ParallelProcessProvider: 	at android.app.ApplicationPackageManager.getApplicationInfoAsUser(ApplicationPackageManager.java:542)
02-12 00:02:17.279  4223 12479 W CAM_ParallelProcessProvider: 	at android.app.ApplicationPackageManager.getApplicationInfo(ApplicationPackageManager.java:525)
02-12 00:02:17.279  4223 12479 W CAM_ParallelProcessProvider: 	at android.app.ApplicationPackageManager.getApplicationInfo(ApplicationPackageManager.java:519)
02-12 00:02:17.279  4223 12479 W CAM_ParallelProcessProvider: 	at com.xiaomi.camera.parallelservice.provider.ParallelProcessProvider.getTargetVersionFromMetadata(ParallelProcessProvider.java:2)
02-12 00:02:17.279  4223 12479 W CAM_ParallelProcessProvider: 	at com.xiaomi.camera.parallelservice.provider.ParallelProcessProvider.getTargetVersion(ParallelProcessProvider.java:4)
02-12 00:02:17.279  4223 12479 W CAM_ParallelProcessProvider: 	at com.android.camera.Thumbnail.getLastThumbnailFromContentResolver(Thumbnail.java:3)
02-12 00:02:17.279  4223 12479 W CAM_ParallelProcessProvider: 	at com.android.camera.ThumbnailUpdater$LoadThumbnailTask.doInBackground(ThumbnailUpdater.java:37)
02-12 00:02:17.279  4223 12479 W CAM_ParallelProcessProvider: 	at com.android.camera.ThumbnailUpdater$LoadThumbnailTask.doInBackground(ThumbnailUpdater.java:1)
02-12 00:02:17.279  4223 12479 W CAM_ParallelProcessProvider: 	at com.xiaomi.camera.common.LifecycleAsyncTask.OooO00o(LifecycleAsyncTask.java:4)
02-12 00:02:17.279  4223 12479 W CAM_ParallelProcessProvider: 	at OooO0O0.OooO0oo.OooO00o.OooO0o0.OooO00o.run(Unknown Source:6)
02-12 00:02:17.279  4223 12479 W CAM_ParallelProcessProvider: 	at io.reactivex.internal.schedulers.ScheduledDirectTask.call(ScheduledDirectTask.java:3)
02-12 00:02:17.279  4223 12479 W CAM_ParallelProcessProvider: 	at io.reactivex.internal.schedulers.ScheduledDirectTask.call(ScheduledDirectTask.java:1)
02-12 00:02:17.279  4223 12479 W CAM_ParallelProcessProvider: 	at java.util.concurrent.FutureTask.run(FutureTask.java:317)
02-12 00:02:17.279  4223 12479 W CAM_ParallelProcessProvider: 	at java.util.concurrent.ThreadPoolExecutor.runWorker(ThreadPoolExecutor.java:1154)
02-12 00:02:17.279  4223 12479 W CAM_ParallelProcessProvider: 	at java.util.concurrent.ThreadPoolExecutor$Worker.run(ThreadPoolExecutor.java:652)
02-12 00:02:17.279  4223 12479 W CAM_ParallelProcessProvider: 	at java.lang.Thread.run(Thread.java:1365)
02-12 00:02:17.279  4223 12479 W CAM_ParallelProcessProvider: targetVersion(METADATA): 0
02-12 00:02:17.279  4223 12519 D CRE_EglCore: createWindowSurfaceInner -5476376629668305776
02-12 00:02:17.279  4223 12519 D CRE_EglWindowSurface: EglWindowSurface init end
02-12 00:02:17.279  4223 12519 D CAM_CameraRenderEngine: getWindowSurface end, cost=0
02-12 00:02:17.279  4223 12479 E ActivityThread: Failed to find provider info for com.miui.gallery.scanner
02-12 00:02:17.279  4223 12519 V CAM_CameraRenderEngine: onDrawFrame rendering count:0
02-12 00:02:17.315 12527 12527 I         : [xagas5kgw1][sensor_init] -
02-12 00:02:17.279  4223 12519 W CAM_CameraScreenNail: draw: firstFrame=false surface=android.graphics.SurfaceTexture@a2d1e90
02-12 00:02:17.315 12527 12527 I         : [xagas5kgw1][open] -
02-12 00:02:17.279  4223 12479 W CAM_ParallelProcessProvider: failed to get version from provider
02-12 00:02:17.279  4223 12479 W CAM_ParallelProcessProvider: java.lang.IllegalArgumentException: Unknown authority com.miui.gallery.scanner
02-12 00:02:17.279  4223 12479 W CAM_ParallelProcessProvider: 	at android.content.ContentResolver.call(ContentResolver.java:2465)
02-12 00:02:17.279  4223 12479 W CAM_ParallelProcessProvider: 	at com.xiaomi.camera.parallelservice.provider.ParallelProcessProvider.getTargetVersionFromProvider(ParallelProcessProvider.java:1)
02-12 00:02:17.279  4223 12479 W CAM_ParallelProcessProvider: 	at com.xiaomi.camera.parallelservice.provider.ParallelProcessProvider.getTargetVersion(ParallelProcessProvider.java:7)
02-12 00:02:17.279  4223 12479 W CAM_ParallelProcessProvider: 	at com.android.camera.Thumbnail.getLastThumbnailFromContentResolver(Thumbnail.java:3)
02-12 00:02:17.279  4223 12479 W CAM_ParallelProcessProvider: 	at com.android.camera.ThumbnailUpdater$LoadThumbnailTask.doInBackground(ThumbnailUpdater.java:37)
02-12 00:02:17.279  4223 12479 W CAM_ParallelProcessProvider: 	at com.android.camera.ThumbnailUpdater$LoadThumbnailTask.doInBackground(ThumbnailUpdater.java:1)
02-12 00:02:17.279  4223 12479 W CAM_ParallelProcessProvider: 	at com.xiaomi.camera.common.LifecycleAsyncTask.OooO00o(LifecycleAsyncTask.java:4)
02-12 00:02:17.279  4223 12479 W CAM_ParallelProcessProvider: 	at OooO0O0.OooO0oo.OooO00o.OooO0o0.OooO00o.run(Unknown Source:6)
02-12 00:02:17.279  4223 12479 W CAM_ParallelProcessProvider: 	at io.reactivex.internal.schedulers.ScheduledDirectTask.call(ScheduledDirectTask.java:3)
02-12 00:02:17.279  4223 12479 W CAM_ParallelProcessProvider: 	at io.reactivex.internal.schedulers.ScheduledDirectTask.call(ScheduledDirectTask.java:1)
02-12 00:02:17.279  4223 12479 W CAM_ParallelProcessProvider: 	at java.util.concurrent.FutureTask.run(FutureTask.java:317)
02-12 00:02:17.279  4223 12479 W CAM_ParallelProcessProvider: 	at java.util.concurrent.ThreadPoolExecutor.runWorker(ThreadPoolExecutor.java:1154)
02-12 00:02:17.279  4223 12479 W CAM_ParallelProcessProvider: 	at java.util.concurrent.ThreadPoolExecutor$Worker.run(ThreadPoolExecutor.java:652)
02-12 00:02:17.279  4223 12479 W CAM_ParallelProcessProvider: 	at java.lang.Thread.run(Thread.java:1365)
02-12 00:02:17.316 12539 12539 I flashlight: flashlight_open: Open(0,0,0)
02-12 00:02:17.279  4223 12479 W CAM_ParallelProcessProvider: targetVersion(PROVIDER): 0
02-12 00:02:17.280  4223 12479 W CAM_ParallelProcessProvider: targetVersion(DEFAULT): 2
02-12 00:02:17.280  4223 12479 D CAM_Thumbnail: getLastThumbnailFromContentResolver: lastUri = null
02-12 00:02:17.316 12539 12539 I flashlight: flashlight_open: Open(0,1,0)
02-12 00:02:17.280  4223 12479 D CAM_ThumbnailUpdater: LoadThumbnailTask: get last thumbnail from provider. code = 0, thumbnail = null
02-12 00:02:17.280  4223 12479 V CAM_LifecycleAsyncTask: [WTP]AsyncTask: X. LoadThumbnailTask
02-12 00:02:17.316 12539 12539 I         : ktd2687_open
02-12 00:02:17.316 12539 12539 I         : ktd2687_resume 930
02-12 00:02:17.316 12539 12539 I         : pin(0) state(1)
02-12 00:02:17.316 12539 12539 I         : ktd2687_flash_tout_ctrl flash tout:400
02-12 00:02:17.316 12539 12539 I ktd2687_mode_ctrl mode: 0
02-12 00:02:17.316 12541 12541 I         : dw9800v [dw9800v_open] dw9800v_open
02-12 00:02:17.316 12541 12541 I         : dw9800v [dw9800v_power_on] dw9800v_power_on
02-12 00:02:17.280  1104 12539 W CcuDrv  : [_openCcuKdrv] WARNING: CCU kernel 1st open fail, errno(2):No such file or directory.
02-12 00:02:17.280  1104 12539 W CcuDrv  : [_openCcuKdrv] WARNING: CCU kernel 2nd open fail, errno(2):No such file or directory.
02-12 00:02:17.282  1104 12540 D MTK_3A  : [ae_sync_ctrl][Platform] platform:1
02-12 00:02:17.282  1104 12540 D MTK_3A  : [ae_sync_init]in:0x0,in_size:0
02-12 00:02:17.317 12539 12539 I flashlight: _flashlight_ioctl: flashlight_ioctl arg (1),channel0),type(0),ct(0),part(0),cmd (-1073458217)
02-12 00:02:17.317 12539 12539 I flashlight: _flashlight_ioctl: FLASH_IOC_SET_SCENARIO(0,0,0): 1
02-12 00:02:17.317 12539 12539 I         : No such command and arg(0): (215, 1)
02-12 00:02:17.284   893   900 I WifiHAL : Get link layer stats
