02-12 00:02:20.667     0     0 I         : [    C0] ultra_ipi_ack_handler(), ipi_ack_return(2), ipi_ack_id(1)
02-12 00:02:20.669     0     0 I         : [    C0] [ELUS] Got data via ipi, counter:204 parameter_id:3 len:16
02-12 00:02:20.669     0     0 I         : [    C0] [ELUS] Got data via ipi, counter:205 parameter_id:12 len:16
02-12 00:02:20.640   857  2211 D AudioALSAStreamManager: getMode(), mAudioMode = 0
02-12 00:02:20.640   857  2211 D AudioALSAUltrasoundOutOfCallController: calUsndOnOffState(), On=1, hp=0, in_routing=0, mUsndState=1, out_routing=0, waitingOutOn=0, mPhoneCallRouting=0, inCall=0, mTargetOutputDevice=2
02-12 00:02:20.640   857  2211 V AudioALSADeviceConfigManager: GetDeviceDescriptorbyname
02-12 00:02:20.640   857  2211 V AudioALSADeviceConfigManager: GetDeviceDescriptorbyname() exist devicename = I2S3_HD_ON
02-12 00:02:20.640   857  2211 V AudioALSADeviceConfigManager: setMixerCtl(), cltName = I2S3_HD_Mux, cltValue = Low_Jitter, cltType = 2
02-12 00:02:20.640   857  2211 V AudioALSAHardwareResourceManager: getOutputTurnOnSeq(), isSpkWithOtherOutputDevice: 0, str: PLAYBACK7_TO_I2S3
02-12 00:02:20.640   857  2211 V AudioALSADeviceConfigManager: GetDeviceDescriptorbyname
02-12 00:02:20.640   857  2211 V AudioALSADeviceConfigManager: GetDeviceDescriptorbyname() exist devicename = PLAYBACK7_TO_I2S3
02-12 00:02:20.640   857  2211 D AudioALSADeviceConfigManager: ApplyDeviceTurnonSequenceByName() DeviceName = PLAYBACK7_TO_I2S3 descriptor->DeviceStatusCounte = 0
02-12 00:02:20.640   857  2211 V AudioALSADeviceConfigManager: cltname = I2S3_CH1 DL7_CH1 cltvalue = 1
02-12 00:02:20.640   857  2211 V AudioALSADeviceConfigManager: setMixerCtl(), cltName = I2S3_CH1 DL7_CH1, cltValue = 1, cltType = 0
02-12 00:02:20.640   857  2211 V AudioALSADeviceConfigManager: setMixerCtlValue(), charCltName = I2S3_CH1 DL7_CH1, charCtlValue = 1
02-12 00:02:20.640   857  2211 V AudioALSADeviceConfigManager: cltname = I2S3_CH2 DL7_CH2 cltvalue = 1
02-12 00:02:20.640   857  2211 V AudioALSADeviceConfigManager: setMixerCtl(), cltName = I2S3_CH2 DL7_CH2, cltValue = 1, cltType = 0
02-12 00:02:20.640   857  2211 V AudioALSADeviceConfigManager: setMixerCtlValue(), charCltName = I2S3_CH2 DL7_CH2, charCtlValue = 1
02-12 00:02:20.640   857  2211 V AudioALSADeviceConfigManager: GetDeviceDescriptorbyname
02-12 00:02:20.640   857  2211 V AudioALSADeviceConfigManager: GetDeviceDescriptorbyname() exist devicename = ADDA_TO_CAPTURE5
02-12 00:02:20.640   857  2211 D AudioALSADeviceConfigManager: ApplyDeviceTurnonSequenceByName() DeviceName = ADDA_TO_CAPTURE5 descriptor->DeviceStatusCounte = 0
02-12 00:02:20.640   857  2211 V AudioALSADeviceConfigManager: cltname = UL5_CH1 ADDA_UL_CH1 cltvalue = 1
02-12 00:02:20.640   857  2211 V AudioALSADeviceConfigManager: setMixerCtl(), cltName = UL5_CH1 ADDA_UL_CH1, cltValue = 1, cltType = 0
02-12 00:02:20.640   857  2211 V AudioALSADeviceConfigManager: setMixerCtlValue(), charCltName = UL5_CH1 ADDA_UL_CH1, charCtlValue = 1
02-12 00:02:20.640   857  2211 V AudioALSADeviceConfigManager: cltname = UL5_CH2 ADDA_UL_CH2 cltvalue = 1
02-12 00:02:20.640   857  2211 V AudioALSADeviceConfigManager: setMixerCtl(), cltName = UL5_CH2 ADDA_UL_CH2, cltValue = 1, cltType = 0
02-12 00:02:20.640   857  2211 V AudioALSADeviceConfigManager: setMixerCtlValue(), charCltName = UL5_CH2 ADDA_UL_CH2, charCtlValue = 1
02-12 00:02:20.641   857  2211 V AudioALSADeviceParser: GetPcmIndexByString() stringpair = Capture_5 
02-12 00:02:20.641   857  2211 D AudioALSADeviceParser: compare pcm success = 14, stringpair = Capture_5
02-12 00:02:20.641   857  2211 V AudioALSADeviceParser: GetPcmIndexByString() stringpair = Playback_7 
02-12 00:02:20.641   857  2211 D AudioALSADeviceParser: compare pcm success = 7, stringpair = Playback_7
02-12 00:02:20.669     0     0 I         : [    C0] [ELUS] engine_version copied to local AP cache, size: 16
02-12 00:02:20.676  2211  2211 I         : ultra_ipi_send(), ipi_id=1,ret=1,need_ack=1,ack_return=2,ack_id=1
02-12 00:02:20.677  2211  2211 I mt6895-audio 1e100000.mt6895-afe-pcm: mt6895_i2s_hd_set(), kcontrol name I2S3_HD_Mux, hd_en 1
02-12 00:02:20.678  2211  2211 I mt6895-audio 1e100000.mt6895-afe-pcm: mt6895_afe_runtime_resume()
02-12 00:02:20.678  2211  2211 I mt6895-audio 1e100000.mt6895-afe-pcm: mt6895_afe_enable_clock()
02-12 00:02:20.679  2211  2211 I         : mt6368-sound mt6368-sound: mt6368_codec_dai_hw_params(), id 0, substream->stream 1, rate 48000, number 0
02-12 00:02:20.679  2211  2211 I mt6895-audio 1e100000.mt6895-afe-pcm: mtk_dai_adda_hw_params(), id 22, stream 1, rate 48000
02-12 00:02:20.679  2211  2211 I mt6895-audio 1e100000.mt6895-afe-pcm: mtk_audio_sram_free(), user 0000000032674401
02-12 00:02:20.679  2211  2211 I mt6895-audio 1e100000.mt6895-afe-pcm: mtk_audio_sram_allocate(), size 3840, user 0000000032674401, format 2, force_normal 0
02-12 00:02:20.679  2211  2211 I mt6895-audio 1e100000.mt6895-afe-pcm: mtk_audio_sram_avail(), max_avail_size = 4096, size = 3840, blk_idx = 0, blk_num = 1
02-12 00:02:20.679  2211  2211 I mt6895-audio 1e100000.mt6895-afe-pcm: mtk_afe_fe_hw_params(), VUL3, use_adsp_share_mem 0, using_sram 1, use_dram_only 0, ch 2, rate 48000, fmt 2, dma_addr 0x000000001e102000, dma_area 0000000056748373, dma_bytes 0xf00
02-12 00:02:20.680  2211  2211 I mt6895-audio 1e100000.mt6895-afe-pcm: mt6895_fe_trigger(), VUL3 cmd 1, irq_id 17, is_afe_need_triggered 0, no_period_wakeup 1
02-12 00:02:20.681  2211  2211 I Speaker Codec: mt6895_i2s_hw_params_fixup(),fix format to 32bit
02-12 00:02:20.681  2211  2211 I mt6895-audio 1e100000.mt6895-afe-pcm: mtk_dai_i2s_set_sysclk(), freq 6144000
02-12 00:02:20.681  2211  2211 I Speaker Codec: mt6895_i2s_hw_params_fixup(),fix format to 32bit
02-12 00:02:20.681  2211  2211 I [TFA9874] tfa98xx_hw_params(): Requested rate: 48000, sample size: 32, physical size: 32
02-12 00:02:20.681  2211  2211 I [TFA9874] tfa98xx_hw_params(): tfa98xx_hw_params: Requested width: 32
02-12 00:02:20.681  2211  2211 I [TFA9874] tfa98xx_hw_params(): mixer profile:container profile = [0:0]
02-12 00:02:20.681  2211  2211 I Speaker Codec: mt6895_i2s_hw_params_fixup(),fix format to 32bit
02-12 00:02:20.681  2211  2211 I [TFA9874] tfa98xx_hw_params(): Requested rate: 48000, sample size: 32, physical size: 32
02-12 00:02:20.681  2211  2211 I [TFA9874] tfa98xx_hw_params(): tfa98xx_hw_params: Requested width: 32
02-12 00:02:20.681  2211  2211 I [TFA9874] tfa98xx_hw_params(): mixer profile:container profile = [0:0]
02-12 00:02:20.681  2211  2211 I Speaker Codec: mt6895_i2s_hw_params_fixup(),fix format to 32bit
02-12 00:02:20.681  2211  2211 I mt6895-audio 1e100000.mt6895-afe-pcm: mtk_dai_i2s_config(), id 31, rate 48000, format 10
02-12 00:02:20.681  2211  2211 I mt6895-audio 1e100000.mt6895-afe-pcm: mtk_audio_sram_free(), user 00000000854c9571
02-12 00:02:20.681  2211  2211 I mt6895-audio 1e100000.mt6895-afe-pcm: mtk_audio_sram_allocate(), size 16384, user 00000000854c9571, format 10, force_normal 0
02-12 00:02:20.681  2211  2211 I mt6895-audio 1e100000.mt6895-afe-pcm: mtk_audio_sram_avail(), max_avail_size = 16384, size = 16384, blk_idx = 1, blk_num = 4
02-12 00:02:20.681  2211  2211 I mt6895-audio 1e100000.mt6895-afe-pcm: mtk_afe_fe_hw_params(), DL7, use_adsp_share_mem 0, using_sram 1, use_dram_only 0, ch 2, rate 48000, fmt 10, dma_addr 0x000000001e103000, dma_area 00000000b92f15bc, dma_bytes 0x4000
02-12 00:02:20.684  2211  2211 I mt6895-audio 1e100000.mt6895-afe-pcm: mtk_apll_event(), name APLL2, event 0x1
02-12 00:02:20.684  2211  2211 I mt6895-audio 1e100000.mt6895-afe-pcm: mtk_mclk_en_event(), name I2S3_MCLK_EN, event 0x1
02-12 00:02:20.684  2211  2211 I mt6895-audio 1e100000.mt6895-afe-pcm: mtk_i2s_hd_en_event(), name I2S3_HD_EN, event 0x1
02-12 00:02:20.684  2211  2211 I mt6895-audio 1e100000.mt6895-afe-pcm: mtk_i2s_en_event(), name I2S3_EN, event 0x1
02-12 00:02:20.684  2211  2211 I speaker_amp 6-0034: tfa98xx_mute: state: 0
02-12 00:02:20.684  2211  2211 I speaker_amp 6-0034: tfa98xx_mute: playback=1, capture=0
02-12 00:02:20.684  2211  2211 I [TFA9874] tfa98xx_adsp_send_calib_values(): Device 0x35 impendance:7626, cal value is 0x7a041
02-12 00:02:20.685  2211  2211 I [TFA9874] tfa98xx_adsp_send_calib_values(): Device 0x34 impendance:6293, cal value is 0x64b02
02-12 00:02:20.685  2211  2211 I [TFA9874] tfa98xx_adsp_send_calib_values(): tfa98xx_device_count=2  bytes[0]=2
02-12 00:02:20.685  2211  2211 I [TFA9874] tfa98xx_adsp_send_calib_values(): calibration value send to host DSP.
02-12 00:02:20.685  2211  2211 I         : mtk_spk_send_ipi_buf_to_dsp(), callfinal and playback are not enable
02-12 00:02:20.708  2211  2211 I [TFA9874] tfa98xx_mute(): [goodix] tfa98xx_mute dsp_init=0
02-12 00:02:20.708  2211  2211 I [TFA9874] tfa98xx_dsp_init(): [goodix] tfa98xx_dsp_init  init_count=0
02-12 00:02:20.708  2211  2211 I [TFA9874] tfa98xx_tfa_start(): tfa98xx_tfa_start  next_profile=0  vstep=0
02-12 00:02:20.708  2211  2211 D [tfa98xx] tfa_dev_start(): entry...
02-12 00:02:20.708  2211  2211 I [tfa98xx] tfa_dev_start(): Active_profile:stereo, next_profile:stereo
02-12 00:02:20.709  2211  2211 D [tfa98xx] show_current_state(): Current HW manager state:
02-12 00:02:20.709  2211  2211 D [tfa98xx] show_current_state(): power_down_state
02-12 00:02:20.709  2211  2211 D [tfa98xx] show_current_state(): Current HW manager state:
02-12 00:02:20.709  2211  2211 D [tfa98xx] show_current_state(): power_down_state
02-12 00:02:20.709  2211  2211 D [tfa98xx] tfaRunSpeakerBoost(): Startup of device [RCV] is a warmstart
02-12 00:02:20.709  2211  2211 D [tfa98xx] tfa_dev_start(): [goodix] tfa_dev_start after osc_powerdown
02-12 00:02:20.709  2211  2211 D [tfa98xx] tfa_dev_set_state(): tfa_dev_set_state()   state=5    is_calibration=0
02-12 00:02:20.709  2211  2211 D [tfa98xx] tfa_dev_set_state(): tfa->is_probus_device=1    is_calibration=0
02-12 00:02:20.710  2211  2211 D [tfa98xx] tfa_dev_start(): [goodix] tfa_dev_start after implemented tfa_dev_set_state()
02-12 00:02:20.710  2211  2211 D [tfa98xx] tfa_dev_start(): [goodix] tfa_dev_start after implemented tfaContWriteProfile()
02-12 00:02:20.710  2211  2211 D [tfa98xx] show_current_state(): Current HW manager state:
02-12 00:02:20.710  2211  2211 D [tfa98xx] show_current_state(): power_down_state
02-12 00:02:20.711  2211  2211 D [tfa98xx] tfa_dev_start(): [goodix] tfa_dev_start end...
02-12 00:02:20.711  2211  2211 D [tfa98xx] show_current_state(): Current HW manager state:
02-12 00:02:20.711  2211  2211 D [tfa98xx] show_current_state(): power_down_state
02-12 00:02:20.711  2211  2211 I [TFA9874] tfa98xx_tfa_start(): tfa98xx_tfa_start  after performed tfa_dev_start return (0)
02-12 00:02:20.712  2211  2211 D speaker_amp 6-0034: tfa_dev_start success (0)
02-12 00:02:20.712  2211  2211 I speaker_amp 6-0035: tfa98xx_mute: state: 0
02-12 00:02:20.712  2211  2211 I speaker_amp 6-0035: tfa98xx_mute: playback=1, capture=0
02-12 00:02:20.712  2211  2211 I [TFA9874] tfa98xx_adsp_send_calib_values(): The calibration value was sent to host DSP.
02-12 00:02:20.712  2211  2211 I [TFA9874] tfa98xx_mute(): [goodix] tfa98xx_mute dsp_init=0
02-12 00:02:20.712  2211  2211 I [TFA9874] tfa98xx_dsp_init(): [goodix] tfa98xx_dsp_init  init_count=0
02-12 00:02:20.712  2211  2211 I [TFA9874] tfa98xx_tfa_start(): tfa98xx_tfa_start  next_profile=0  vstep=0
02-12 00:02:20.712  2211  2211 D [tfa98xx] tfa_dev_start(): entry...
02-12 00:02:20.712  2211  2211 I [tfa98xx] tfa_dev_start(): Active_profile:stereo, next_profile:stereo
02-12 00:02:20.712  2211  2211 D [tfa98xx] show_current_state(): Current HW manager state:
02-12 00:02:20.712  2211  2211 D [tfa98xx] show_current_state(): power_down_state
02-12 00:02:20.712  2211  2211 D [tfa98xx] show_current_state(): Current HW manager state:
02-12 00:02:20.712  2211  2211 D [tfa98xx] show_current_state(): power_down_state
02-12 00:02:20.712  2211  2211 D [tfa98xx] tfaRunSpeakerBoost(): Startup of device [SPK] is a warmstart
02-12 00:02:20.712  2211  2211 D [tfa98xx] tfa_dev_start(): [goodix] tfa_dev_start after osc_powerdown
02-12 00:02:20.712  2211  2211 D [tfa98xx] tfa_dev_set_state(): tfa_dev_set_state()   state=5    is_calibration=0
02-12 00:02:20.713  2211  2211 D [tfa98xx] tfa_dev_set_state(): tfa->is_probus_device=1    is_calibration=0
02-12 00:02:20.713  2211  2211 D [tfa98xx] tfa_dev_start(): [goodix] tfa_dev_start after implemented tfa_dev_set_state()
02-12 00:02:20.714  2211  2211 D [tfa98xx] tfa_dev_start(): [goodix] tfa_dev_start after implemented tfaContWriteProfile()
02-12 00:02:20.714  2211  2211 D [tfa98xx] show_current_state(): Current HW manager state:
02-12 00:02:20.714  2211  2211 D [tfa98xx] show_current_state(): power_down_state
02-12 00:02:20.716  2211  2211 D [tfa98xx] tfa_dev_start(): [goodix] tfa_dev_start end...
02-12 00:02:20.716  2211  2211 D [tfa98xx] show_current_state(): Current HW manager state:
02-12 00:02:20.716  2211  2211 D [tfa98xx] show_current_state(): enable_pll_state
02-12 00:02:20.716  2211  2211 I [TFA9874] tfa98xx_tfa_start(): tfa98xx_tfa_start  after performed tfa_dev_start return (0)
02-12 00:02:20.716  2211  2211 D speaker_amp 6-0035: tfa_dev_start success (0)
02-12 00:02:20.716  2211  2211 D [tfa98xx] tfa_dev_set_state(): tfa_dev_set_state()   state=32    is_calibration=0
02-12 00:02:20.677  1889  1889 D KeyguardService: Finish IRemoteAnimationRunner.
02-12 00:02:20.677  1889  1934 V WindowManagerShell: Transition animation finished (aborted=false), notifying core (#80) android.os.BinderProxy@230f090@1
02-12 00:02:20.679  1476  1513 V WindowManager: Finish Transition (#80): created at 02-12 00:02:17.257 collect-started=0.028ms request-sent=0.041ms started=2.541ms ready=3086.894ms sent=3103.649ms commit=23.39ms finished=3422.091ms
02-12 00:02:20.683   857  2211 V AudioALSADeviceConfigManager: GetDeviceDescriptorbyname
02-12 00:02:20.683   857  2211 V AudioALSADeviceConfigManager: GetDeviceDescriptorbyname() exist devicename = ultrasound-proximity
02-12 00:02:20.683   857  2211 D AudioALSADeviceConfigManager: ApplyDeviceTurnoffSequenceByName(), DeviceName = ultrasound-proximity descriptor->DeviceStatusCounter = 1
02-12 00:02:20.683   857  2211 V AudioALSADeviceConfigManager: ApplyDeviceTurnoffSequenceByName(), cltname = Ultrasound Mode cltvalue = 0
02-12 00:02:20.683   857  2211 V AudioALSADeviceConfigManager: setMixerCtl(), cltName = Ultrasound Mode, cltValue = 0, cltType = 1
02-12 00:02:20.683   857  2211 V AudioALSADeviceConfigManager: setMixerCtlValue(), charCltName = Ultrasound Mode, charCtlValue = 0
02-12 00:02:20.684   857  2211 V AudioALSADeviceConfigManager: GetDeviceDescriptorbyname
02-12 00:02:20.684   857  2211 V AudioALSADeviceConfigManager: GetDeviceDescriptorbyname() exist devicename = ultrasound-proximity-speaker
02-12 00:02:20.684   857  2211 D AudioALSADeviceConfigManager: ApplyDeviceTurnoffSequenceByName(), DeviceName = ultrasound-proximity-speaker descriptor->DeviceStatusCounter = 0
02-12 00:02:20.684   857  2211 W AudioALSADeviceConfigManager: ApplyDeviceTurnoffSequenceByName(), DeviceName = ultrasound-proximity-speaker DeviceStatusCounter < 0
02-12 00:02:20.684   857  2211 V AudioALSADeviceConfigManager: GetDeviceDescriptorbyname
02-12 00:02:20.684   857  2211 V AudioALSADeviceConfigManager: GetDeviceDescriptorbyname() exist devicename = ultrasound-proximity-speaker
02-12 00:02:20.684   857  2211 D AudioALSADeviceConfigManager: ApplyDeviceTurnonSequenceByName() DeviceName = ultrasound-proximity-speaker descriptor->DeviceStatusCounte = 0
02-12 00:02:20.684   857  2211 V AudioALSADeviceConfigManager: cltname = Ultrasound Mode cltvalue = 1172
02-12 00:02:20.684   857  2211 V AudioALSADeviceConfigManager: setMixerCtl(), cltName = Ultrasound Mode, cltValue = 1172, cltType = 1
02-12 00:02:20.684   857  2211 V AudioALSADeviceConfigManager: setMixerCtlValue(), charCltName = Ultrasound Mode, charCtlValue = 1172
02-12 00:02:20.684   857  2211 V AudioALSADeviceParser: GetPcmIndexByString() stringpair = SCP_ULTRA_Playback 
02-12 00:02:20.684   857  2211 D AudioALSADeviceParser: compare pcm success = 56, stringpair = SCP_ULTRA_Playback
02-12 00:02:20.717  2211  2211 D [tfa98xx] tfa_dev_set_state(): tfa_dev_set_state()   state=32    is_calibration=0
02-12 00:02:20.718  2211  2211 I mt6895-audio 1e100000.mt6895-afe-pcm: mt6895_fe_trigger(), DL7 cmd 1, irq_id 6, is_afe_need_triggered 0, no_period_wakeup 1
02-12 00:02:20.720     0     0 E         : [    C0] [ELUS] did not find payload with id 206
02-12 00:02:20.684  1889  5108 D KeyguardService: setOccluded(false)
02-12 00:02:20.684  1889  5108 D KeyguardViewMediator: setOccluded(false)
02-12 00:02:20.684  1889  5108 D KeyguardService: setOccluded(false)
02-12 00:02:20.720     0     0 I         : [    C0] [ELUS] Got data via ipi, counter:207 parameter_id:3 len:16
02-12 00:02:20.685  1889  5108 D KeyguardViewMediator: setOccluded(false)
02-12 00:02:20.721  2211  2211 I         : snd_scp_ultra snd_scp_ultra: mtk_scp_ultra_pcm_open() memif dl=7,ul=15
02-12 00:02:20.722  2211  2211 I         : mtk_scp_ultra_engine_state_set() new state=1, memdl=7, memul=15
02-12 00:02:20.722     0     0 I         : [    C0] ultra_ipi_ack_handler(), ipi_ack_return(2), ipi_ack_id(5)
02-12 00:02:20.685  1889  1934 V WindowManagerShell: Track 1 became idle
02-12 00:02:20.685  1889  1934 V WindowManagerShell: All active transition animations finished
02-12 00:02:20.685  1889  1889 D KeyguardViewMediator: handleSetOccluded(false)
02-12 00:02:20.685  1889  1889 D KeyguardViewMediator: KeyguardViewMediator queue processing message: SET_OCCLUDED
02-12 00:02:20.689  2079  2079 D BaseActivity: Launcher flags updated: [] -[state_started|state_user_active]
02-12 00:02:20.689  2079  2079 D BaseDepthController: setSurface:
02-12 00:02:20.689  2079  2079 D BaseDepthController: 	mWaitingOnSurfaceValidity: false
02-12 00:02:20.689  2079  2079 D BaseDepthController: 	mBaseSurface: null
02-12 00:02:20.690  2079  2079 D BaseDepthController: mSurface is null and mCurrentBlur is: 0
02-12 00:02:20.693  2079  2079 D StateManager: goToState - fromState: Normal, toState: Normal, partial trace:
02-12 00:02:20.693  2079  2079 D StateManager: 	at com.android.launcher3.statemanager.StateManager.moveToRestState(go/retraceme 936c194e190d468ad7948c6bfd99e50e644ffb8c9a8622547ab992d0c5c0590d:4)
02-12 00:02:20.693  2079  2079 D StateManager: 	at com.android.launcher3.statemanager.StateManager.moveToRestState(go/retraceme 936c194e190d468ad7948c6bfd99e50e644ffb8c9a8622547ab992d0c5c0590d:1)
02-12 00:02:20.693  2079  2079 D StateManager: 	at com.android.launcher3.statemanager.StatefulActivity.onStop(go/retraceme 936c194e190d468ad7948c6bfd99e50e644ffb8c9a8622547ab992d0c5c0590d:34)
02-12 00:02:20.693  2079  2079 D StateManager: onRepeatStateSetAborted - state: Normal
02-12 00:02:20.693  2079  2079 D StatsLog: LAUNCHER_ONSTOP
02-12 00:02:20.696   857  2211 V AudioALSAHardwareResourceManager: enableTurnOnSequence(), sequence: SPK_OUT_DEVICE_CTRL_PRE_PMU
02-12 00:02:20.696   857  2211 V AudioALSADeviceConfigManager: GetDeviceDescriptorbyname
02-12 00:02:20.696   857  2211 V AudioALSADeviceConfigManager: GetDeviceDescriptorbyname() exist devicename = SPK_OUT_DEVICE_CTRL_PRE_PMU
02-12 00:02:20.696   857  2211 D AudioALSADeviceConfigManager: ApplyDeviceTurnonSequenceByName() DeviceName = SPK_OUT_DEVICE_CTRL_PRE_PMU descriptor->DeviceStatusCounte = 0
02-12 00:02:20.696   857  2211 V AudioALSADeviceConfigManager: cltname = Left TFA Profile cltvalue = stereo
02-12 00:02:20.696   857  2211 V AudioALSADeviceConfigManager: setMixerCtl(), cltName = Left TFA Profile, cltValue = stereo, cltType = 2
02-12 00:02:20.697  2079  3851 D GmsPlayProvider: Forcefully shut down the binder channel
02-12 00:02:20.699  2079  2079 D StatsLog: LAUNCHER_GOOGLE_SEARCH_RESTORE_LIST_SIZE_AFTER_ACTIVITY_RESTART
02-12 00:02:20.699  2079  2079 D NexusLauncherModelDelegate: notifySmartspaceEvent: SmartspaceTargetEvent{mSmartspaceTarget=null, mSmartspaceActionId='null', mEventType=7}
02-12 00:02:20.732  2211  2211 I         : ultra_ipi_send(), ipi_id=5,ret=1,need_ack=1,ack_return=2,ack_id=5
02-12 00:02:20.733  2211  2211 E [tfa9874] tfa987x_pwdn_set_mute(): tfa987x_pwdn_set_mute:	mute=1
02-12 00:02:20.733  2211  2211 I [TFA9874] tfa98xx_pwdn_mute(): [0x35] Manual triggering of dsp stop...
02-12 00:02:20.734  2211  2211 D [tfa98xx] show_current_state(): Current HW manager state:
02-12 00:02:20.734  2211  2211 D [tfa98xx] show_current_state(): power_down_state
02-12 00:02:20.734  2211  2211 I [TFA9874] tfa98xx_pwdn_mute(): [0x35] tfa_dev_stop complete: 0
02-12 00:02:20.734  2211  2211 I [TFA9874] tfa98xx_pwdn_mute(): [0x34] Manual triggering of dsp stop...
02-12 00:02:20.735  2211  2211 D [tfa98xx] show_current_state(): Current HW manager state:
02-12 00:02:20.735  2211  2211 D [tfa98xx] show_current_state(): power_down_state
02-12 00:02:20.735  2211  2211 I [TFA9874] tfa98xx_pwdn_mute(): [0x34] tfa_dev_stop complete: 0
02-12 00:02:20.735  2211  2211 E [tfa9874] tfa987x_pwdn_set_mute(): tfa987x_pwdn_set_mute:	mute=0
02-12 00:02:20.735  2211  2211 I [TFA9874] tfa98xx_pwdn_mute(): [0x35] Manual triggering of dsp stop...
02-12 00:02:20.735  2211  2211 I [TFA9874] tfa98xx_tfa_start(): tfa98xx_tfa_start  next_profile=0  vstep=0
02-12 00:02:20.735  2211  2211 D [tfa98xx] tfa_dev_start(): entry...
02-12 00:02:20.735  2211  2211 I [tfa98xx] tfa_dev_start(): Active_profile:stereo, next_profile:stereo
02-12 00:02:20.735  2211  2211 D [tfa98xx] show_current_state(): Current HW manager state:
02-12 00:02:20.735  2211  2211 D [tfa98xx] show_current_state(): power_down_state
02-12 00:02:20.736  2211  2211 D [tfa98xx] show_current_state(): Current HW manager state:
02-12 00:02:20.736  2211  2211 D [tfa98xx] show_current_state(): power_down_state
02-12 00:02:20.736  2211  2211 D [tfa98xx] tfaRunSpeakerBoost(): Startup of device [SPK] is a warmstart
02-12 00:02:20.736  2211  2211 D [tfa98xx] tfa_dev_start(): [goodix] tfa_dev_start after osc_powerdown
02-12 00:02:20.736  2211  2211 D [tfa98xx] tfa_dev_set_state(): tfa_dev_set_state()   state=5    is_calibration=0
02-12 00:02:20.736  2211  2211 D [tfa98xx] tfa_dev_set_state(): tfa->is_probus_device=1    is_calibration=0
02-12 00:02:20.737  2211  2211 D [tfa98xx] tfa_dev_start(): [goodix] tfa_dev_start after implemented tfa_dev_set_state()
02-12 00:02:20.737  2211  2211 D [tfa98xx] tfa_dev_start(): [goodix] tfa_dev_start after implemented tfaContWriteProfile()
02-12 00:02:20.737  2211  2211 D [tfa98xx] show_current_state(): Current HW manager state:
02-12 00:02:20.737  2211  2211 D [tfa98xx] show_current_state(): power_down_state
02-12 00:02:20.738  2211  2211 D [tfa98xx] tfa_dev_start(): [goodix] tfa_dev_start end...
02-12 00:02:20.738  2211  2211 D [tfa98xx] show_current_state(): Current HW manager state:
02-12 00:02:20.738  2211  2211 D [tfa98xx] show_current_state(): power_down_state
02-12 00:02:20.738  2211  2211 I [TFA9874] tfa98xx_tfa_start(): tfa98xx_tfa_start  after performed tfa_dev_start return (0)
02-12 00:02:20.706  2079  2079 D NexusLauncherModelDelegate: notifySmartspaceEvent: SmartspaceTargetEvent{mSmartspaceTarget=null, mSmartspaceActionId='null', mEventType=7}
02-12 00:02:20.740  2211  2211 I [TFA9874] tfa98xx_pwdn_mute(): [0x35] tfa_dev_stop complete: 0
02-12 00:02:20.740  2211  2211 I [TFA9874] tfa98xx_pwdn_mute(): [0x34] Manual triggering of dsp stop...
02-12 00:02:20.740  2211  2211 I [TFA9874] tfa98xx_tfa_start(): tfa98xx_tfa_start  next_profile=0  vstep=0
02-12 00:02:20.741  2211  2211 D [tfa98xx] tfa_dev_start(): entry...
02-12 00:02:20.741  2211  2211 I [tfa98xx] tfa_dev_start(): Active_profile:stereo, next_profile:stereo
02-12 00:02:20.741  2211  2211 D [tfa98xx] show_current_state(): Current HW manager state:
02-12 00:02:20.741  2211  2211 D [tfa98xx] show_current_state(): power_down_state
02-12 00:02:20.741  2211  2211 D [tfa98xx] show_current_state(): Current HW manager state:
02-12 00:02:20.741  2211  2211 D [tfa98xx] show_current_state(): power_down_state
02-12 00:02:20.742  2211  2211 D [tfa98xx] tfaRunSpeakerBoost(): Startup of device [RCV] is a warmstart
02-12 00:02:20.742  2211  2211 D [tfa98xx] tfa_dev_start(): [goodix] tfa_dev_start after osc_powerdown
02-12 00:02:20.742  2211  2211 D [tfa98xx] tfa_dev_set_state(): tfa_dev_set_state()   state=5    is_calibration=0
02-12 00:02:20.742  2211  2211 D [tfa98xx] tfa_dev_set_state(): tfa->is_probus_device=1    is_calibration=0
02-12 00:02:20.707   857  2211 D AudioALSADeviceConfigManager: ApplyDeviceTurnonSequenceByName(),force to power down && up audio path
02-12 00:02:20.708   857  2211 V AudioALSAHardwareResourceManager: enableTurnOnSequence(), sequence: 
02-12 00:02:20.708   857  2211 D AudioALSAHardwareResourceManager: +startOutputDevice(), new_devices = 0x2, mOutputDevices = 0x0, mStartOutputDevicesCount = 0 SampleRate = 48000
02-12 00:02:20.708   857  2211 V AudioSmartPaController: speakerOn(), sampleRate = 48000, device = 2
02-12 00:02:20.708   857  2211 D AudioSmartPaController: +dspOnBoardSpeakerOn(), SampleRate: 48000, MD_type: 0, isI2sInEchoRefEn: 0
02-12 00:02:20.708   857  2211 D AudioDspStreamManager: +startDevice() Devices 0x2 mOutputDeviceCount 0x0
02-12 00:02:20.708   857  2211 E AudioDspStreamManager: startTasks_l() but size 0
02-12 00:02:20.708   857  2211 D AudioALSAHardwareResourceManager: notifyOutputDeviceStatusChange(), device = 2, status = 0, sampleRate = 48000, mOpenSpeakerPathCount = 1
02-12 00:02:20.708   857  2211 D AudioALSAStreamManager: speakerStatusChangeCb(), status = 0, sampleRate = 48000
02-12 00:02:20.708   857  2211 D AudioALSAVoiceWakeUpController: setSpeakerSampleRate(), sampleRate = 48000
02-12 00:02:20.708   857  2211 D AudioALSAVoiceWakeUpController: updateSpeakerPlaybackStatus(), isSpeakerPlaying = 1
02-12 00:02:20.708   857  2211 D AudioALSAUltrasoundOutOfCallController: startInternal(), mTargetInputDevice=0x80000004, mTargetOutputDevice=0x2
02-12 00:02:20.708   857  2211 D AudioALSAHardwareResourceManager: +startInputDevice_l(), new_device: 0x80000004, mInputDevice: 0x0, mStartInputDeviceCount: 0, mMicInverse: 0, mNumPhoneMicSupport: 2, mBuiltInMicSpecificTyp: 0
02-12 00:02:20.743  2211  2211 D [tfa98xx] tfa_dev_start(): [goodix] tfa_dev_start after implemented tfa_dev_set_state()
02-12 00:02:20.743  2211  2211 D [tfa98xx] tfa_dev_start(): [goodix] tfa_dev_start after implemented tfaContWriteProfile()
02-12 00:02:20.743  2211  2211 D [tfa98xx] show_current_state(): Current HW manager state:
02-12 00:02:20.743  2211  2211 D [tfa98xx] show_current_state(): power_down_state
02-12 00:02:20.744  2211  2211 D [tfa98xx] tfa_dev_start(): [goodix] tfa_dev_start end...
02-12 00:02:20.744  2211  2211 D [tfa98xx] show_current_state(): Current HW manager state:
02-12 00:02:20.744  2211  2211 D [tfa98xx] show_current_state(): power_down_state
02-12 00:02:20.744  2211  2211 I [TFA9874] tfa98xx_tfa_start(): tfa98xx_tfa_start  after performed tfa_dev_start return (0)
02-12 00:02:20.744  2211  2211 I [TFA9874] tfa98xx_pwdn_mute(): [0x34] tfa_dev_stop complete: 0
02-12 00:02:20.708   857  2211 V AudioALSAHardwareResourceManager: enableTurnOnSequence(), sequence: builtin_Mic_DualMic
02-12 00:02:20.708   857  2211 V AudioALSADeviceConfigManager: GetDeviceDescriptorbyname
02-12 00:02:20.708   857  2211 V AudioALSADeviceConfigManager: GetDeviceDescriptorbyname() exist devicename = builtin_Mic_DualMic
02-12 00:02:20.708   857  2211 D AudioALSADeviceConfigManager: ApplyDeviceTurnonSequenceByName() DeviceName = builtin_Mic_DualMic descriptor->DeviceStatusCounte = 0
02-12 00:02:20.708   857  2211 V AudioALSADeviceConfigManager: cltname = MISO0_MUX cltvalue = UL1_CH1
02-12 00:02:20.708   857  2211 V AudioALSADeviceConfigManager: setMixerCtl(), cltName = MISO0_MUX, cltValue = UL1_CH1, cltType = 2
02-12 00:02:20.708   857  2211 V AudioALSADeviceConfigManager: cltname = MISO1_MUX cltvalue = UL1_CH2
02-12 00:02:20.709   857  2211 V AudioALSADeviceConfigManager: setMixerCtl(), cltName = MISO1_MUX, cltValue = UL1_CH2, cltType = 2
02-12 00:02:20.709   857  2211 V AudioALSADeviceConfigManager: cltname = ADC_L_Mux cltvalue = Left Preamplifier
02-12 00:02:20.709   857  2211 V AudioALSADeviceConfigManager: setMixerCtl(), cltName = ADC_L_Mux, cltValue = Left Preamplifier, cltType = 2
02-12 00:02:20.710   857  2211 V AudioALSADeviceConfigManager: cltname = PGA_L_Mux cltvalue = AIN0
02-12 00:02:20.710   857  2211 V AudioALSADeviceConfigManager: setMixerCtl(), cltName = PGA_L_Mux, cltValue = AIN0, cltType = 2
02-12 00:02:20.715   891   914 I HfLooper: sensor light = 63.000000
02-12 00:02:20.751  2211  2211 I mt6895-audio 1e100000.mt6895-afe-pcm: mtk_adda_ul_event(), name ADDA Capture Enable, event 0x1, mtkaif_dmic 0
02-12 00:02:20.752  2211  2211 I         : mt6368-sound mt6368-sound: mt_pga_l_event(), event = 0x1, mic_type 3, mic_gain_l 0, mux_pga 1
02-12 00:02:20.752  2211  2211 I         : mt6368-sound mt6368-sound: mt_pga_l_event(), event = 0x2, mic_type 3, mic_gain_l 0, mux_pga 1
02-12 00:02:20.752  2211  2211 I         : mt6368-sound mt6368-sound: mt_adc_l_event(), event = 0x2
02-12 00:02:20.752  2211  2211 I         : mt6368-sound mt6368-sound: mt_mtkaif_tx_event(), event = 0x1
02-12 00:02:20.716   857  2211 V AudioALSADeviceConfigManager: cltname = ADC_R_Mux cltvalue = Right Preamplifier
02-12 00:02:20.716   857  2211 V AudioALSADeviceConfigManager: setMixerCtl(), cltName = ADC_R_Mux, cltValue = Right Preamplifier, cltType = 2
02-12 00:02:20.716   857  2211 V AudioALSADeviceConfigManager: cltname = PGA_R_Mux cltvalue = AIN2
02-12 00:02:20.716   857  2211 V AudioALSADeviceConfigManager: setMixerCtl(), cltName = PGA_R_Mux, cltValue = AIN2, cltType = 2
02-12 00:02:20.717   857  2211 V AudioALSADeviceConfigManager: cltname = DMIC0_MUX cltvalue = DMIC_DATA0
02-12 00:02:20.717   857  2211 V AudioALSADeviceConfigManager: setMixerCtl(), cltName = DMIC0_MUX, cltValue = DMIC_DATA0, cltType = 2
02-12 00:02:20.718   857  2211 V AudioALSADeviceConfigManager: cltname = DMIC1_MUX cltvalue = DMIC_DATA1_L_1
02-12 00:02:20.718   857  2211 V AudioALSADeviceConfigManager: setMixerCtl(), cltName = DMIC1_MUX, cltValue = DMIC_DATA1_L_1, cltType = 2
02-12 00:02:20.718   857  2211 D AudioALSAHardwareResourceManager: -startInputDevice_l(), mInputDevice = 0x80000004, mStartInputDeviceCount = 1
02-12 00:02:20.718   857  2211 D AudioMTKGainController: GetMicGain() i = 0 index = 0 
02-12 00:02:20.718   857  2211 D AudioMTKGainController: GetReceiverGain i = 0 index = 31 
02-12 00:02:20.718   857  2211 W AudioALSADriverUtility: mixerCtrlGetValueByName() fail, Headset Volume id 0
02-12 00:02:20.719   857  2211 D UltrasoundOutOfCallManager: HandleUsecaseRequest(), Id:0, Enable:1, status:0
02-12 00:02:20.719   857  2211 D AudioALSAHardware: -setParameters(): ultrasound-proximity=1
02-12 00:02:20.719   891   921 D elliptic_notify_audio_hal_hidl: successfully set value: ultrasound-proximity=1
02-12 00:02:20.719   857  2211 D mtk_audio_hw_hal: gAudioHALRefCountByClient - 1
02-12 00:02:20.719   891   921 W Elliptic: ioNotify.h(52) : W : AudioNotify: enable >> ultrasound-proximity=1
02-12 00:02:20.754  2211  2211 I         : mt6368-sound mt6368-sound: mt_pga_r_event(), event = 0x1, mic_type 3, mic_gain_r 0, mux_pga 1
02-12 00:02:20.754  2211  2211 I         : mt6368-sound mt6368-sound: mt_pga_r_event(), event = 0x2, mic_type 3, mic_gain_r 0, mux_pga 1
02-12 00:02:20.754  2211  2211 I         : mt6368-sound mt6368-sound: mt_adc_r_event(), event = 0x2
02-12 00:02:20.720  2079  2079 D RecentsView: onTaskRemoved: 48, not handling task stack changes
02-12 00:02:20.720  2079  2079 D RecentsView: onTaskRemoved: 48, not handling task stack changes
02-12 00:02:20.722  1476  1858 D BackgroundInstallControlService: Package event received: 0
02-12 00:02:20.743  1476  3176 W WindowManager: Failed looking up window session=Session{41be231 1889:u0a10207} callers=com.android.server.wm.WindowManagerService.windowForClientLocked:6591 com.android.server.wm.WindowManagerService.relayoutWindow:2445 com.android.server.wm.Session.relayout:283 
02-12 00:02:20.745  1889  1984 V Configuration: Updating configuration, locales updated from [] to [en_IN]
02-12 00:02:20.745  1889  1984 V Configuration: Updating configuration, locales updated from [] to [en_IN]
02-12 00:02:20.746  1889  1984 V Configuration: Updating configuration, locales updated from [] to [en_IN]
02-12 00:02:20.746  1889  1984 V Configuration: Updating configuration, locales updated from [] to [en_IN]
02-12 00:02:20.746  1889  1984 V Configuration: Updating configuration, locales updated from [] to [en_IN]
02-12 00:02:20.746  1889  1984 V Configuration: Updating configuration, locales updated from [] to [en_IN]
02-12 00:02:20.747  1889  1984 V Configuration: Updating configuration, locales updated from [] to [en_IN]
02-12 00:02:20.747  1889  1984 D WindowOnBackDispatcher: setTopOnBackInvokedCallback (unwrapped): null
02-12 00:02:20.748  1476  3176 W WindowManager: Failed looking up window session=Session{41be231 1889:u0a10207} callers=com.android.server.wm.WindowManagerService.windowForClientLocked:6591 com.android.server.wm.Session.setOnBackInvokedCallbackInfo:1006 android.view.IWindowSession$Stub.onTransact:1119 
02-12 00:02:20.748  1476  3176 I WindowManager: setOnBackInvokedCallback(): No window state for package:com.android.systemui
02-12 00:02:20.748  1476  3176 W WindowManager: Failed looking up window session=Session{41be231 1889:u0a10207} callers=com.android.server.wm.WindowManagerService.removeClientToken:2200 com.android.server.wm.Session.remove:270 android.view.IWindowSession$Stub.onTransact:652 
02-12 00:02:20.770  1476  1855 W libbinder.ServiceManagerCppClient: Waited one second for android.hardware.biometrics.face.virtualhal.IVirtualHal/virtual (is service started? Number of threads started in the threadpool: 32. Are binder threads started and available?)
02-12 00:02:20.808   366   366 I servicemanager: Caller(pid=1476,uid=1000,sid=u:r:system_server:s0) Since 'android.hardware.biometrics.face.virtualhal.IVirtualHal/virtual' could not be found trying to start it as a lazy AIDL service. (if it's not configured to be a lazy service, it may be stuck starting or still starting).
02-12 00:02:20.773   366 12564 W libc    : Unable to set property "ctl.interface_start" to "aidl/android.hardware.biometrics.face.virtualhal.IVirtualHal/virtual": PROP_ERROR_HANDLE_CONTROL_MESSAGE (0x20)
02-12 00:02:20.809     1     1 E init    : Control message: Could not find 'aidl/android.hardware.biometrics.face.virtualhal.IVirtualHal/virtual' for ctl.interface_start from pid: 366 (/system/bin/servicemanager)
02-12 00:02:20.810 12564 12564 I servicemanager: Caller(pid=1476,uid=1000,sid=u:r:system_server:s0) Tried to start aidl service android.hardware.biometrics.face.virtualhal.IVirtualHal/virtual as a lazy service, but was unable to. Usually this happens when a service is not installed, but if the service is intended to be used as a lazy service, then it may be configured incorrectly.
02-12 00:02:20.856    78    78 I         : [wdtk] kick watchdog
02-12 00:02:20.872     0     0 I         : [    C0] [ELUS] Got data via ipi, counter:208 parameter_id:3 len:16
02-12 00:02:20.874     0     0 I         : [    C0] [ELUS] Got data via ipi, counter:209 parameter_id:3 len:16
02-12 00:02:20.875     0     0 I         : [    C0] [ELUS] Got data via ipi, counter:210 parameter_id:3 len:16
02-12 00:02:20.876     0     0 I         : [    C0] [ELUS] Got data via ipi, counter:211 parameter_id:3 len:16
02-12 00:02:20.927 11505 11505 I mt6375-chg 11280000.i2c: mt6375@34:chg: get mt6375 charger status=4 vbus = 4968
02-12 00:02:20.932 11505 11505 I mt6375-chg 11280000.i2c: mt6375@34:chg: get mt6375 charger status=4 vbus = 4975
02-12 00:02:20.932 11505 11505 I check_charge_data: charge_status=1,1
02-12 00:02:20.933 11505 11505 E         : i2c_error_count_get 0
02-12 00:02:20.933 11505 11505 E         : authentic_get 1
02-12 00:02:20.933 11505 11505 E         : cell_supplier_get 2
02-12 00:02:20.933 11505 11505 I         : [CHARGE_LOOP] TYPE = [5 0 4 0], BMS = [100 4413 0 272], FULL = [0 1 1 0 0], thermal_level=0, FFC = 0, sw_cv=0, gauge_authentic=1, warm_term=0, cell=2
02-12 00:02:20.933 11505 11505 E isc_alert_level_get: now isc:0.
02-12 00:02:20.933 11505 11505 E soa_alert_level_get: now soa:0.
02-12 00:02:20.933 11505 11505 I [monitor_isc_and_soa_charge]: isc_alert_level=0, soa_alert_level=0
02-12 00:02:20.933 11505 11505 E         : charge_done_get 1
02-12 00:02:20.933 11505 11505 E         : capacity_raw_get 9882
02-12 00:02:20.933 11505 11505 E         : fastcharge_mode_set 0
02-12 00:02:20.933 11505 11505 E         : monitor_delay_set 30000
02-12 00:02:20.933 11505 11505 I         : check_full_recharge diff_fv_val = 0, iterm = 200, iterm_effective = 200, fv_effective = 4450, full_count = 0, recharge_count = 0
02-12 00:02:20.933 11505 11505 E         : capacity_raw_get 9882
02-12 00:02:20.933 11505 11505 I         : not support psy_type to check charger parameters
02-12 00:02:20.933 11505 11505 I get_index: value = 4413, index[0] = 5, index[1] = 5
02-12 00:02:20.933 11505 11505 I get_index: value = 4413, index[0] = 5, index[1] = 5, new_index = 5
02-12 00:02:20.933 11505 11505 I         : handle_step_charge index = 5
02-12 00:02:20.933 11505 11505 I get_index: value = 272, index[0] = 4, index[1] = 4
02-12 00:02:20.933 11505 11505 I get_index: value = 272, index[0] = 4, index[1] = 4, new_index = 4
02-12 00:02:20.933 11505 11505 I         : handle_jeita_charge index = 4,jeita_chg_fcc = 12400
02-12 00:02:20.940 11505 11505 E mt6375-chg 11280000.i2c: mt6375@34:chg: read ADC_CHANNEL_TS value = 265
02-12 00:02:20.940 11505 11505 I         : connector_temp_get 265
02-12 00:02:20.940 11505 11505 I         : monitor_typec_burn get typec temp=265 otg_enable=0
02-12 00:02:20.971  2279  2279 I         : [btmtk_warn] Shorten read count from 65536 to 2048
02-12 00:02:21.004 12563 12563 I MTK-BTIF-EXP[I]mtk_wcn_btif_dpidle_ctrl: enter deep idle
02-12 00:02:21.019   214   214 I car[0,0,0,0,0] tmp: 25 soc:0 uisoc:0 vbat:0 ibat:0 baton:0 algo:0 gm3:1 0 0 0 0,boot:0
02-12 00:02:21.021   214   214 I [fg_drv_update_daemon]ui_ht_gap: 0 ui_lt_gap:0 sw_iavg:0 0 0 nafg_m:0 0 0
02-12 00:02:21.021   214   214 I         : FG daemon is disabled
02-12 00:02:21.021   214   214 I         : battery_update_routine
02-12 00:02:21.208 11505 11505 I         : timesync boot 4511708086037 sched 4511744918063 android 02-11 18:32:21.171907
02-12 00:02:21.208   891 12556 I Elliptic: Sensor.cpp(34) : I : Proximity event: 5.00003
02-12 00:02:21.208   891   922 E sensors.elliptic@2.0: Elliptic: got event: 5.000030
02-12 00:02:21.208   891   922 E sensors.elliptic@2.0: Elliptic: posting event: 5.000030
02-12 00:02:21.403  1889  1889 I KeyguardTransitionRepository: FINISHED transition: TransitionStep(from=OCCLUDED, to=LOCKSCREEN, value=1.0, transitionState=FINISHED, ownerName=FromOccludedTransitionInteractor)
02-12 00:02:21.406  1889  2059 D StatusBar##isHomeStatusBarAllowed: newValue: false
02-12 00:02:21.406  1889  2024 D StatusBar##chips: newValue: Chips[allowed=false numChips=0]
02-12 00:02:21.424  1889  1889 D WallpaperFocalAreaInteractor: Focal area changes to RectF(49.090942, 680.00006, 1030.909, 2157.2725)
02-12 00:02:21.425  1889  1889 D WallpaperRepositoryImpl: sendLockScreenLayoutChangeCommand RectF(49.090942, 680.00006, 1030.909, 2157.2725)
02-12 00:02:21.499  2053  2290 D SatelliteController: iisInCarrierRoamingNbIotNtn: satellite is disabled
02-12 00:02:21.245     0     0 I         : [    C0] [ELUS] Got data via ipi, counter:212 parameter_id:3 len:24
02-12 00:02:21.639  2279  2279 I         : [btmtk_warn] Shorten read count from 65536 to 2048
02-12 00:02:21.668 11783 11783 I MTK-BTIF-EXP[I]mtk_wcn_btif_dpidle_ctrl: enter deep idle
02-12 00:02:21.772  1476  1855 W libbinder.ServiceManagerCppClient: Waited one second for android.hardware.biometrics.face.virtualhal.IVirtualHal/virtual (is service started? Number of threads started in the threadpool: 32. Are binder threads started and available?)
02-12 00:02:21.811   366   366 I servicemanager: Caller(pid=1476,uid=1000,sid=u:r:system_server:s0) Since 'android.hardware.biometrics.face.virtualhal.IVirtualHal/virtual' could not be found trying to start it as a lazy AIDL service. (if it's not configured to be a lazy service, it may be stuck starting or still starting).
02-12 00:02:21.777   366 12565 W libc    : Unable to set property "ctl.interface_start" to "aidl/android.hardware.biometrics.face.virtualhal.IVirtualHal/virtual": PROP_ERROR_HANDLE_CONTROL_MESSAGE (0x20)
02-12 00:02:21.813     1     1 E init    : Control message: Could not find 'aidl/android.hardware.biometrics.face.virtualhal.IVirtualHal/virtual' for ctl.interface_start from pid: 366 (/system/bin/servicemanager)
02-12 00:02:21.814 12565 12565 I servicemanager: Caller(pid=1476,uid=1000,sid=u:r:system_server:s0) Tried to start aidl service android.hardware.biometrics.face.virtualhal.IVirtualHal/virtual as a lazy service, but was unable to. Usually this happens when a service is not installed, but if the service is intended to be used as a lazy service, then it may be configured incorrectly.
02-12 00:02:21.955 11505 11505 I mt6375-chg 11280000.i2c: mt6375@34:chg: get mt6375 charger status=4 vbus = 5006
02-12 00:02:21.961 11505 11505 I mt6375-chg 11280000.i2c: mt6375@34:chg: get mt6375 charger status=4 vbus = 5025
02-12 00:02:21.961 11505 11505 I check_charge_data: charge_status=1,1
02-12 00:02:21.962 11505 11505 E         : i2c_error_count_get 0
02-12 00:02:21.962 11505 11505 E         : authentic_get 1
02-12 00:02:21.962 11505 11505 E         : cell_supplier_get 2
02-12 00:02:21.962 11505 11505 I         : [CHARGE_LOOP] TYPE = [5 0 4 0], BMS = [100 4413 0 272], FULL = [0 1 1 0 0], thermal_level=0, FFC = 0, sw_cv=0, gauge_authentic=1, warm_term=0, cell=2
02-12 00:02:21.962 11505 11505 E isc_alert_level_get: now isc:0.
02-12 00:02:21.962 11505 11505 E soa_alert_level_get: now soa:0.
02-12 00:02:21.962 11505 11505 I [monitor_isc_and_soa_charge]: isc_alert_level=0, soa_alert_level=0
02-12 00:02:21.962 11505 11505 E         : charge_done_get 1
02-12 00:02:21.962 11505 11505 E         : capacity_raw_get 9882
02-12 00:02:21.962 11505 11505 E         : fastcharge_mode_set 0
02-12 00:02:21.962 11505 11505 E         : monitor_delay_set 30000
02-12 00:02:21.963 11505 11505 I         : check_full_recharge diff_fv_val = 0, iterm = 200, iterm_effective = 200, fv_effective = 4450, full_count = 0, recharge_count = 0
02-12 00:02:21.963 11505 11505 E         : capacity_raw_get 9882
02-12 00:02:21.963 11505 11505 I         : not support psy_type to check charger parameters
02-12 00:02:21.963 11505 11505 I get_index: value = 4413, index[0] = 5, index[1] = 5
02-12 00:02:21.963 11505 11505 I get_index: value = 4413, index[0] = 5, index[1] = 5, new_index = 5
02-12 00:02:21.963 11505 11505 I         : handle_step_charge index = 5
02-12 00:02:21.963 11505 11505 I get_index: value = 272, index[0] = 4, index[1] = 4
02-12 00:02:21.963 11505 11505 I get_index: value = 272, index[0] = 4, index[1] = 4, new_index = 4
02-12 00:02:21.963 11505 11505 I         : handle_jeita_charge index = 4,jeita_chg_fcc = 12400
02-12 00:02:21.969 11505 11505 E mt6375-chg 11280000.i2c: mt6375@34:chg: read ADC_CHANNEL_TS value = 264
02-12 00:02:21.969 11505 11505 I         : connector_temp_get 264
02-12 00:02:21.969 11505 11505 I         : monitor_typec_burn get typec temp=264 otg_enable=0
02-12 00:02:22.277   924   938 D ccci_mdinit: (1):monitor_time_update_thread round:151 ########
02-12 00:02:22.362  1476  1814 D InetDiagMessage: Destroyed 0 sockets, proto=IPPROTO_TCP, family=AF_INET, states=14
02-12 00:02:22.365  1476  1814 D InetDiagMessage: Destroyed 1 sockets, proto=IPPROTO_TCP, family=AF_INET6, states=14
02-12 00:02:22.365  1476  1814 D InetDiagMessage: Destroyed live tcp sockets for uids={10092} in 7ms
02-12 00:02:22.368  1476  1814 D InetDiagMessage: Destroyed 0 sockets, proto=IPPROTO_TCP, family=AF_INET, states=14
02-12 00:02:22.370  1476  1814 D InetDiagMessage: Destroyed 0 sockets, proto=IPPROTO_TCP, family=AF_INET6, states=14
02-12 00:02:22.370  1476  1814 D InetDiagMessage: Destroyed live tcp sockets for uids={20092} in 4ms
02-12 00:02:22.468  2279  2279 I         : [btmtk_warn] Shorten read count from 65536 to 2048
02-12 00:02:22.496 11783 11783 I MTK-BTIF-EXP[I]mtk_wcn_btif_dpidle_ctrl: enter deep idle
02-12 00:02:22.523   923  1272 D DisplayModeController: setDesiredMode 4627039422300187648 {mode={fps=30.00 Hz, modePtr={id=6, vsyncRate=30.00 Hz, peakRefreshRate=30.00 Hz}}, emitEvent=false, force=false}
02-12 00:02:22.578  1165  1165 I         : [DISP]mtk_drm_crtc_mode_check++ from 2 to 6
02-12 00:02:22.578  1165  1165 I         : [DISP]mtk_crtc_disp_mode_switch_begin++ from 2 to 6
02-12 00:02:22.578  1165  1165 I         : mtk_panel_ext_param_set thh drm_mode_vrefresh = 30, m->hdisplay = 1080
02-12 00:02:22.579  1165  1165 I         : [DISP]mtk_crtc_disp_mode_switch_begin,Update RDMA golden_setting
02-12 00:02:22.579  1165  1165 I         : mtk_panel_ext_param_set thh drm_mode_vrefresh = 30, m->hdisplay = 1080
02-12 00:02:22.579  1165  1165 I         : [DISP]mtk_dsi_set_mmclk_by_datarate_V2, data_rate=1100, mmclk=135 dual=1
02-12 00:02:22.579  1165  1165 I [DISP][fps]: drm_invoke_fps_chg_callbacks,new_fps =30
02-12 00:02:22.580  1165  1165 I         : [DISP]mtk_crtc_disp_mode_switch_begin--
02-12 00:02:22.614  1977  2220 W AlarmManager: Unrecognized alarm listener com.android.networkstack.android.net.ip.IpClientLinkObserver$Dhcp6PdPreferredPrefixAlarmListener@f7acc30
02-12 00:02:22.615  1977  2220 D ApfFilter: (wlan0): Adding RA fe80::fe9f:2aff:fe27:dde1 -> ff02::1 180s 2401:4900:1c66:97e::/64 84754s/84754s DNS 40s 2401:4900:50:9::7e6 2401:4900:50:9::2a0 RIO 180s 2401:4900:1c66:97e::/64 
02-12 00:02:22.619   893   900 D WifiHAL : Setting APF program, iface = 0xb400006f1a0521e0
02-12 00:02:22.619   893   900 I WifiHAL : createRequest: APF set program request
02-12 00:02:22.619   893   900 D android.hardware.wifi-service: WifiRequest::create vendor command to iface 37, vendor_id=0xce7, subcmd=0x000f, res=0
02-12 00:02:22.621   893   900 I WifiHAL : Done!
02-12 00:02:22.777  1476  1855 W libbinder.ServiceManagerCppClient: Waited one second for android.hardware.biometrics.face.virtualhal.IVirtualHal/virtual (is service started? Number of threads started in the threadpool: 32. Are binder threads started and available?)
02-12 00:02:22.817   366   366 I servicemanager: Caller(pid=1476,uid=1000,sid=u:r:system_server:s0) Since 'android.hardware.biometrics.face.virtualhal.IVirtualHal/virtual' could not be found trying to start it as a lazy AIDL service. (if it's not configured to be a lazy service, it may be stuck starting or still starting).
02-12 00:02:22.820     1     1 E init    : Control message: Could not find 'aidl/android.hardware.biometrics.face.virtualhal.IVirtualHal/virtual' for ctl.interface_start from pid: 366 (/system/bin/servicemanager)
02-12 00:02:22.784   366 12566 W libc    : Unable to set property "ctl.interface_start" to "aidl/android.hardware.biometrics.face.virtualhal.IVirtualHal/virtual": PROP_ERROR_HANDLE_CONTROL_MESSAGE (0x20)
02-12 00:02:22.821 12566 12566 I servicemanager: Caller(pid=1476,uid=1000,sid=u:r:system_server:s0) Tried to start aidl service android.hardware.biometrics.face.virtualhal.IVirtualHal/virtual as a lazy service, but was unable to. Usually this happens when a service is not installed, but if the service is intended to be used as a lazy service, then it may be configured incorrectly.
02-12 00:02:23.008 11505 11505 I mt6375-chg 11280000.i2c: mt6375@34:chg: get mt6375 charger status=4 vbus = 5018
02-12 00:02:23.016 11505 11505 I mt6375-chg 11280000.i2c: mt6375@34:chg: get mt6375 charger status=4 vbus = 5025
02-12 00:02:23.016 11505 11505 I check_charge_data: charge_status=1,1
02-12 00:02:23.016 11505 11505 E         : i2c_error_count_get 0
02-12 00:02:23.016 11505 11505 E         : authentic_get 1
02-12 00:02:23.016 11505 11505 E         : cell_supplier_get 2
02-12 00:02:23.016 11505 11505 I         : [CHARGE_LOOP] TYPE = [5 0 4 0], BMS = [100 4413 0 272], FULL = [0 1 1 0 0], thermal_level=0, FFC = 0, sw_cv=0, gauge_authentic=1, warm_term=0, cell=2
02-12 00:02:23.017 11505 11505 E isc_alert_level_get: now isc:0.
02-12 00:02:23.017 11505 11505 E soa_alert_level_get: now soa:0.
02-12 00:02:23.017 11505 11505 I [monitor_isc_and_soa_charge]: isc_alert_level=0, soa_alert_level=0
02-12 00:02:23.017 11505 11505 E         : charge_done_get 1
02-12 00:02:23.017 11505 11505 E         : capacity_raw_get 9882
02-12 00:02:23.017 11505 11505 E         : fastcharge_mode_set 0
02-12 00:02:23.017 11505 11505 E         : monitor_delay_set 30000
02-12 00:02:23.017 11505 11505 I         : check_full_recharge diff_fv_val = 0, iterm = 200, iterm_effective = 200, fv_effective = 4450, full_count = 0, recharge_count = 0
02-12 00:02:23.017 11505 11505 E         : capacity_raw_get 9882
02-12 00:02:23.017 11505 11505 I         : not support psy_type to check charger parameters
02-12 00:02:23.017 11505 11505 I get_index: value = 4413, index[0] = 5, index[1] = 5
02-12 00:02:23.017 11505 11505 I get_index: value = 4413, index[0] = 5, index[1] = 5, new_index = 5
02-12 00:02:23.017 11505 11505 I         : handle_step_charge index = 5
02-12 00:02:23.017 11505 11505 I get_index: value = 272, index[0] = 4, index[1] = 4
02-12 00:02:23.017 11505 11505 I get_index: value = 272, index[0] = 4, index[1] = 4, new_index = 4
02-12 00:02:23.017 11505 11505 I         : handle_jeita_charge index = 4,jeita_chg_fcc = 12400
02-12 00:02:23.025 11505 11505 E mt6375-chg 11280000.i2c: mt6375@34:chg: read ADC_CHANNEL_TS value = 264
02-12 00:02:23.025 11505 11505 I         : connector_temp_get 264
02-12 00:02:23.025 11505 11505 I         : monitor_typec_burn get typec temp=264 otg_enable=0
02-12 00:02:23.122  2279  2279 I         : [btmtk_warn] Shorten read count from 65536 to 2048
